Archive member included to satisfy reference by file (symbol)

../../sumer-library/Bluetooth_LE/library/libbluenrg1_stack.a(bluenrg_gap_aci.o)
                              Stack/stack_user_cfg.o (aci_gap_create_connection_api)
../../sumer-library/Bluetooth_LE/library/libbluenrg1_stack.a(bluenrg_gatt_aci.o)
                              OTA/OTA_btl.o (aci_gatt_add_char)
../../sumer-library/Bluetooth_LE/library/libbluenrg1_stack.a(bluenrg_hal_aci.o)
                              src/serial_port.o (aci_hal_set_tx_power_level)
../../sumer-library/Bluetooth_LE/library/libbluenrg1_stack.a(bluenrg_l2cap_aci.o)
                              Stack/stack_user_cfg.o (aci_l2cap_connection_parameter_update_resp_api)
../../sumer-library/Bluetooth_LE/library/libbluenrg1_stack.a(bluenrg_main_func.o)
                              src/command_processor.o (BTLE_StackTick)
../../sumer-library/Bluetooth_LE/library/libbluenrg1_stack.a(gap.o)
                              ../../sumer-library/Bluetooth_LE/library/libbluenrg1_stack.a(bluenrg_gap_aci.o) (GAP_Create_Connection)
../../sumer-library/Bluetooth_LE/library/libbluenrg1_stack.a(gatt_client.o)
                              ../../sumer-library/Bluetooth_LE/library/libbluenrg1_stack.a(bluenrg_gatt_aci.o) (Gatt_Confirm_Indication)
../../sumer-library/Bluetooth_LE/library/libbluenrg1_stack.a(gatt_server.o)
                              ../../sumer-library/Bluetooth_LE/library/libbluenrg1_stack.a(gatt_client.o) (GATT_Send_Packet)
../../sumer-library/Bluetooth_LE/library/libbluenrg1_stack.a(hal.o)
                              ../../sumer-library/Bluetooth_LE/library/libbluenrg1_stack.a(bluenrg_hal_aci.o) (HAL_Read_ConfigData)
../../sumer-library/Bluetooth_LE/library/libbluenrg1_stack.a(hci.o)
                              ../../sumer-library/Bluetooth_LE/library/libbluenrg1_stack.a(bluenrg_main_func.o) (Controller_Process_Q)
../../sumer-library/Bluetooth_LE/library/libbluenrg1_stack.a(hci_privacy.o)
                              Stack/stack_user_cfg.o (hci_le_add_device_to_resolving_list_api)
../../sumer-library/Bluetooth_LE/library/libbluenrg1_stack.a(host_timer.o)
                              OTA/OTA_btl.o (HAL_VTimerDiff_ms_sysT32)
../../sumer-library/Bluetooth_LE/library/libbluenrg1_stack.a(l2cap.o)
                              ../../sumer-library/Bluetooth_LE/library/libbluenrg1_stack.a(bluenrg_l2cap_aci.o) (L2C_Build_Connect_Update_Req)
../../sumer-library/Bluetooth_LE/library/libbluenrg1_stack.a(ll_isr.o)
                              Stack/stack_user_cfg.o (Data_Length_Update_Control_ISR)
../../sumer-library/Bluetooth_LE/library/libbluenrg1_stack.a(ll_privacy.o)
                              ../../sumer-library/Bluetooth_LE/library/libbluenrg1_stack.a(hci_privacy.o) (LL_LE_Add_Device_To_Resolving_List)
../../sumer-library/Bluetooth_LE/library/libbluenrg1_stack.a(ll_routines.o)
                              Stack/stack_user_cfg.o (Data_Len_Update_Offline_Processing)
../../sumer-library/Bluetooth_LE/library/libbluenrg1_stack.a(ll_routines_master.o)
                              ../../sumer-library/Bluetooth_LE/library/libbluenrg1_stack.a(gap.o) (LL_Create_Connection)
../../sumer-library/Bluetooth_LE/library/libbluenrg1_stack.a(ll_routines_support.o)
                              Stack/stack_user_cfg.o (LL_Encrypt_Plain_Data)
../../sumer-library/Bluetooth_LE/library/libbluenrg1_stack.a(mem_alloc.o)
                              ../../sumer-library/Bluetooth_LE/library/libbluenrg1_stack.a(bluenrg_main_func.o) (_BlueNRG_Stack_Init_params)
../../sumer-library/Bluetooth_LE/library/libbluenrg1_stack.a(mem_buff.o)
                              ../../sumer-library/Bluetooth_LE/library/libbluenrg1_stack.a(l2cap.o) (Mem_Buff_Append)
../../sumer-library/Bluetooth_LE/library/libbluenrg1_stack.a(multi_master_time.o)
                              ../../sumer-library/Bluetooth_LE/library/libbluenrg1_stack.a(hci.o) (LL_Get_Anchor_Interval)
../../sumer-library/Bluetooth_LE/library/libbluenrg1_stack.a(nvm.o)
                              ../../sumer-library/Bluetooth_LE/library/libbluenrg1_stack.a(ll_isr.o) (Is_Flash_Write_On_Going)
../../sumer-library/Bluetooth_LE/library/libbluenrg1_stack.a(pka.o)
                              ../../sumer-library/Bluetooth_LE/library/libbluenrg1_stack.a(hci.o) (BLEPLAT_PKA_Get_Current_Operation)
../../sumer-library/Bluetooth_LE/library/libbluenrg1_stack.a(pm.o)
                              ../../sumer-library/Bluetooth_LE/library/libbluenrg1_stack.a(l2cap.o) (PM_Compact)
../../sumer-library/Bluetooth_LE/library/libbluenrg1_stack.a(rom_att.o)
                              ../../sumer-library/Bluetooth_LE/library/libbluenrg1_stack.a(gatt_client.o) (ATT_fill_exchg_mtu_req)
../../sumer-library/Bluetooth_LE/library/libbluenrg1_stack.a(rom_gap.o)
                              ../../sumer-library/Bluetooth_LE/library/libbluenrg1_stack.a(gap.o) (GAP_Add_To_WhiteList)
../../sumer-library/Bluetooth_LE/library/libbluenrg1_stack.a(rom_gap_rom.o)
[...]
Memory Configuration

Name             Origin             Length             Attributes
REGION_RAM       0x0000000020000000 0x0000000000006000 xrw
REGION_FLASH_BOOTLOADER 0x0000000010040000 0x0000000000000000 xr
REGION_FLASH     0x0000000010040000 0x000000000003f000 xr
REGION_NVM       0x000000001007f000 0x0000000000001000 xr
REGION_ROM       0x0000000010000000 0x0000000000000800 xr
*default*        0x0000000000000000 0xffffffffffffffff

Linker script and memory map

START GROUP
LOAD .metadata/.plugins/org.eclipse.cdt.make.core/specs.o
LOAD HAL/clock.o
LOAD HAL/context_switch.o
LOAD HAL/gp_timer.o
LOAD HAL/miscutil.o
LOAD HAL/osal.o
LOAD HAL/sleep.o
LOAD Initialize/System_BlueNRG2.o
LOAD Library/BlueNRG1_adc.o
LOAD Library/BlueNRG1_dma.o
LOAD Library/BlueNRG1_flash.o
LOAD Library/BlueNRG1_gpio.o
LOAD Library/BlueNRG1_i2c.o
LOAD Library/BlueNRG1_mft.o
LOAD Library/BlueNRG1_pka.o
LOAD Library/BlueNRG1_radio.o
LOAD Library/BlueNRG1_rng.o
LOAD Library/BlueNRG1_rtc.o
LOAD Library/BlueNRG1_spi.o
LOAD Library/BlueNRG1_sysCtrl.o
LOAD Library/BlueNRG1_timer.o
LOAD Library/BlueNRG1_uart.o
LOAD Library/BlueNRG1_wdg.o
LOAD Library/misc.o
LOAD OTA/OTA_btl.o
LOAD Platform_Layers/SDK_EVAL_Com.o
LOAD Services/Accelerometer/accelerometer.o
LOAD Services/Debug/debug_functions.o
LOAD Services/Flash/flash_service.o
LOAD Services/SPI/SPI_service.o
LOAD Services/Scribe/scribe.o
LOAD Services/TagHeuer/sumer_clock.o
LOAD Stack/stack_user_cfg.o
LOAD src/BlueNRG1_it.o
LOAD src/command_processor.o
LOAD src/gatt_db.o
LOAD src/main.o
LOAD src/serial_port.o
LOAD ../../sumer-library/Bluetooth_LE/library/libbluenrg1_stack.a
LOAD ../../sumer-library/cryptolib/libcrypto.a
LOAD /Applications/WiSE-Studio.app/Contents/MacOS/tools/gcc-arm-none-eabi-9-2019-q4-major/bin/../lib/gcc/arm-none-eabi/9.2.1/../../../../arm-none-eabi/lib/thumb/v6-m/nofp/libm.a
LOAD /Applications/WiSE-Studio.app/Contents/MacOS/tools/gcc-arm-none-eabi-9-2019-q4-major/bin/../lib/gcc/arm-none-eabi/9.2.1/../../../../arm-none-eabi/lib/thumb/v6-m/nofp/libc_nano.a
END GROUP
                0x0000000020000000                _MEMORY_RAM_BEGIN_ = 0x20000000
                0x0000000000006000                _MEMORY_RAM_SIZE_ = 0x6000
                0x0000000020005fff                _MEMORY_RAM_END_ = 0x20005fff
                0x0000000010040000                _MEMORY_FLASH_BEGIN_ = 0x10040000
                0x0000000000040000                _MEMORY_FLASH_SIZE_ = 0x40000
                0x000000001007ffff                _MEMORY_FLASH_END_ = 0x1007ffff
                0x0000000010000000                _MEMORY_ROM_BEGIN_ = 0x10000000
                0x0000000000000800                _MEMORY_ROM_SIZE_ = 0x800
                0x00000000100007ff                _MEMORY_ROM_END_ = 0x100007ff
                0x0000000000001000                FLASH_NVM_DATASIZE = 0x1000
                0x0000000000000000                MEMORY_FLASH_APP_OFFSET = DEFINED (MEMORY_FLASH_APP_OFFSET)?MEMORY_FLASH_APP_OFFSET:0x0
                0x000000000003f000                MEMORY_FLASH_APP_SIZE = DEFINED (MEMORY_FLASH_APP_SIZE)?MEMORY_FLASH_APP_SIZE:((_MEMORY_FLASH_SIZE_ - FLASH_NVM_DATASIZE) - MEMORY_FLASH_APP_OFFSET)
                0x00000000000002cc                MEMORY_RAM_APP_OFFSET = DEFINED (MEMORY_RAM_APP_OFFSET)?MEMORY_RAM_APP_OFFSET:0x2cc
                0x0000000000000800                RESET_MANAGER_SIZE = DEFINED (RESET_MANAGER_SIZE)?RESET_MANAGER_SIZE:0x800
                0x000000000003f000                MEMORY_FLASH_APP_SIZE = DEFINED (ST_OTA_HIGHER_APPLICATION)?(((((_MEMORY_FLASH_SIZE_ - RESET_MANAGER_SIZE) - FLASH_NVM_DATASIZE) / 0x2) / 0x800) * 0x800):MEMORY_FLASH_APP_SIZE
                0x0000000000000000                MEMORY_FLASH_APP_OFFSET = DEFINED (ST_OTA_HIGHER_APPLICATION)?(RESET_MANAGER_SIZE + MEMORY_FLASH_APP_SIZE):MEMORY_FLASH_APP_OFFSET
                0x000000000003f000                MEMORY_FLASH_APP_SIZE = DEFINED (ST_OTA_LOWER_APPLICATION)?(((((_MEMORY_FLASH_SIZE_ - RESET_MANAGER_SIZE) - FLASH_NVM_DATASIZE) / 0x2) / 0x800) * 0x800):MEMORY_FLASH_APP_SIZE
                0x0000000000000000                MEMORY_FLASH_APP_OFFSET = DEFINED (ST_OTA_LOWER_APPLICATION)?RESET_MANAGER_SIZE:MEMORY_FLASH_APP_OFFSET
                0x0000000000011800                SERVICE_MANAGER_SIZE = 0x11800
                0x000000000003f000                MEMORY_FLASH_APP_SIZE = DEFINED (ST_USE_OTA_SERVICE_MANAGER_APPLICATION)?((_MEMORY_FLASH_SIZE_ - SERVICE_MANAGER_SIZE) - FLASH_NVM_DATASIZE):MEMORY_FLASH_APP_SIZE
                0x0000000000000000                MEMORY_FLASH_APP_OFFSET = DEFINED (ST_USE_OTA_SERVICE_MANAGER_APPLICATION)?SERVICE_MANAGER_SIZE:MEMORY_FLASH_APP_OFFSET
                0x0000000000000000                _Min_Heap_Size = 0x0
                0x0000000000000c00                _Min_Stack_Size = 0xc00

.bootloader     0x0000000010040000        0x0
                0x0000000010040000                . = ALIGN (0x4)
 *(.bootloader)
                0x0000000010040000                . = ALIGN (0x4)

.intvec         0x0000000010040000       0xc0
                0x0000000010040000                . = ALIGN (0x4)
 *(.intvec)
 .intvec        0x0000000010040000       0xc0 Initialize/System_BlueNRG2.o
                0x0000000010040000                __vector_table
                0x00000000100400c0                . = ALIGN (0x4)

.text           0x00000000100400c0    0x17044
                0x00000000100400c0                . = ALIGN (0x4)
 *(.cmd_call_table)
 *(.text)
 .text          0x00000000100400c0       0xa0 HAL/context_switch.o
                0x00000000100400c0                CS_contextSave
                0x0000000010040112                CS_contextRestore
 .text          0x0000000010040160       0x14 /Applications/WiSE-Studio.app/Contents/MacOS/tools/gcc-arm-none-eabi-9-2019-q4-major/bin/../lib/gcc/arm-none-eabi/9.2.1/thumb/v6-m/nofp/libgcc.a(_thumb1_case_uqi.o)
                0x0000000010040160                __gnu_thumb1_case_uqi
 .text          0x0000000010040174       0x14 /Applications/WiSE-Studio.app/Contents/MacOS/tools/gcc-arm-none-eabi-9-2019-q4-major/bin/../lib/gcc/arm-none-eabi/9.2.1/thumb/v6-m/nofp/libgcc.a(_thumb1_case_shi.o)
                0x0000000010040174                __gnu_thumb1_case_shi
 .text          0x0000000010040188      0x114 /Applications/WiSE-Studio.app/Contents/MacOS/tools/gcc-arm-none-eabi-9-2019-q4-major/bin/../lib/gcc/arm-none-eabi/9.2.1/thumb/v6-m/nofp/libgcc.a(_udivsi3.o)
                0x0000000010040188                __udivsi3
                0x0000000010040188                __aeabi_uidiv
                0x0000000010040294                __aeabi_uidivmod
 .text          0x000000001004029c        0x4 /Applications/WiSE-Studio.app/Contents/MacOS/tools/gcc-arm-none-eabi-9-2019-q4-major/bin/../lib/gcc/arm-none-eabi/9.2.1/thumb/v6-m/nofp/libgcc.a(_dvmd_tls.o)
                0x000000001004029c                __aeabi_ldiv0
                0x000000001004029c                __aeabi_idiv0
 .text          0x00000000100402a0       0x78 /Applications/WiSE-Studio.app/Contents/MacOS/tools/gcc-arm-none-eabi-9-2019-q4-major/bin/../lib/gcc/arm-none-eabi/9.2.1/thumb/v6-m/nofp/libgcc.a(unaligned-funcs.o)
                0x00000000100402a0                __aeabi_uread4
                0x00000000100402b8                __aeabi_uwrite4
                0x00000000100402cc                __aeabi_uread8
                0x00000000100402f8                __aeabi_uwrite8
 *(.text*)
 .text.SysCount_Handler
                0x0000000010040318       0x10 HAL/clock.o
                0x0000000010040318                SysCount_Handler
 .text.Clock_Init
                0x0000000010040328       0x2c HAL/clock.o
                0x0000000010040328                Clock_Init
 .text.HAL_GetPartInfo
                0x0000000010040354       0x64 HAL/miscutil.o
                0x0000000010040354                HAL_GetPartInfo
 .text.BLEPLAT_get_part_info
                0x00000000100403b8       0x22 HAL/miscutil.o
                0x00000000100403b8                BLEPLAT_get_part_info
 .text.Osal_MemCpy
                0x00000000100403da        0x8 HAL/osal.o
                0x00000000100403da                Osal_MemCpy
 .text.Osal_MemSet
                0x00000000100403e2        0x8 HAL/osal.o
                0x00000000100403e2                Osal_MemSet
 .text.Osal_MemCmp
                0x00000000100403ea        0x8 HAL/osal.o
                0x00000000100403ea                Osal_MemCmp
 .text.PKA_Handler
                0x00000000100403f2        0x2 Initialize/System_BlueNRG2.o
                0x00000000100403f2                PKA_Handler
 .text.PendSV_Handler
                0x00000000100403f4        0x2 Initialize/System_BlueNRG2.o
                0x00000000100403f4                PendSV_Handler
 .text.NVM_Handler
                0x00000000100403f6        0x2 Initialize/System_BlueNRG2.o
                0x00000000100403f6                NVM_Handler
 .text.SPI_Handler
                0x00000000100403f8        0x2 Initialize/System_BlueNRG2.o
                0x00000000100403f8                SPI_Handler
 .text.MFT1A_Handler
                0x00000000100403fa        0x2 Initialize/System_BlueNRG2.o
                0x00000000100403fa                MFT1A_Handler
 .text.MFT1B_Handler
                0x00000000100403fc        0x2 Initialize/System_BlueNRG2.o
                0x00000000100403fc                MFT1B_Handler
 .text.MFT2A_Handler
                0x00000000100403fe        0x2 Initialize/System_BlueNRG2.o
                0x00000000100403fe                MFT2A_Handler
 .text.MFT2B_Handler
                0x0000000010040400        0x2 Initialize/System_BlueNRG2.o
                0x0000000010040400                MFT2B_Handler
 .text.RTC_Handler
                0x0000000010040402        0x2 Initialize/System_BlueNRG2.o
                0x0000000010040402                RTC_Handler
 .text.WDG_Handler
                0x0000000010040404        0x2 Initialize/System_BlueNRG2.o
                0x0000000010040404                WDG_Handler
 .text.ADC_Handler
                0x0000000010040406        0x2 Initialize/System_BlueNRG2.o
                0x0000000010040406                ADC_Handler
 .text.I2C2_Handler
                0x0000000010040408        0x2 Initialize/System_BlueNRG2.o
                0x0000000010040408                I2C2_Handler
 .text.I2C1_Handler
                0x000000001004040a        0x2 Initialize/System_BlueNRG2.o
                0x000000001004040a                I2C1_Handler
 .text.DMA_Handler
                0x000000001004040c        0x2 Initialize/System_BlueNRG2.o
                0x000000001004040c                DMA_Handler
 *fill*         0x000000001004040e        0x2 
 .text.Wait_LS_Stabilization
                0x0000000010040410       0x78 Initialize/System_BlueNRG2.o
                0x0000000010040410                Wait_LS_Stabilization
 .text.Set_RF_FrontEnd
                0x0000000010040488       0x4c Initialize/System_BlueNRG2.o
                0x0000000010040488                Set_RF_FrontEnd
 .text.BOR_ConfigSave
                0x00000000100404d4       0x48 Initialize/System_BlueNRG2.o
                0x00000000100404d4                BOR_ConfigSave
 .text.SET_BORconfigStatus
                0x000000001004051c       0x40 Initialize/System_BlueNRG2.o
                0x000000001004051c                SET_BORconfigStatus
 .text.__low_level_init
                0x000000001004055c       0xbc Initialize/System_BlueNRG2.o
                0x000000001004055c                __low_level_init
 .text.RESET_HANDLER
                0x0000000010040618       0x80 Initialize/System_BlueNRG2.o
                0x0000000010040618                RESET_HANDLER
 .text.DeviceConfiguration
                0x0000000010040698      0x140 Initialize/System_BlueNRG2.o
                0x0000000010040698                DeviceConfiguration
 .text.SystemInit
                0x00000000100407d8      0x114 Initialize/System_BlueNRG2.o
                0x00000000100407d8                SystemInit
 .text.FLASH_WaitCmdDone
                0x00000000100408ec       0x10 Library/BlueNRG1_flash.o
                0x00000000100408ec                FLASH_WaitCmdDone
 .text.FLASH_ErasePage
                0x00000000100408fc       0x30 Library/BlueNRG1_flash.o
                0x00000000100408fc                FLASH_ErasePage
 .text.FLASH_ProgramWord
                0x000000001004092c       0x30 Library/BlueNRG1_flash.o
                0x000000001004092c                FLASH_ProgramWord
 .text.GPIO_Init
                0x000000001004095c       0xda Library/BlueNRG1_gpio.o
                0x000000001004095c                GPIO_Init
 .text.GPIO_StructInit
                0x0000000010040a36        0xa Library/BlueNRG1_gpio.o
                0x0000000010040a36                GPIO_StructInit
 .text.GPIO_SetBits
                0x0000000010040a40        0x8 Library/BlueNRG1_gpio.o
                0x0000000010040a40                GPIO_SetBits
 .text.GPIO_ResetBits
                0x0000000010040a48        0x8 Library/BlueNRG1_gpio.o
                0x0000000010040a48                GPIO_ResetBits
 .text.GPIO_EXTICmd
                0x0000000010040a50       0x16 Library/BlueNRG1_gpio.o
                0x0000000010040a50                GPIO_EXTICmd
 .text.GPIO_ClearITPendingBit
                0x0000000010040a66        0x8 Library/BlueNRG1_gpio.o
                0x0000000010040a66                GPIO_ClearITPendingBit
 .text.GPIO_GetITStatusBit
                0x0000000010040a6e       0x10 Library/BlueNRG1_gpio.o
                0x0000000010040a6e                GPIO_GetITStatusBit
 .text.rev_memcmp.constprop.0
                0x0000000010040a7e       0x18 Library/BlueNRG1_pka.o
 .text.PKA_Reset
                0x0000000010040a96       0x14 Library/BlueNRG1_pka.o
                0x0000000010040a96                PKA_Reset
 .text.PKA_StartProcessing
                0x0000000010040aaa       0x14 Library/BlueNRG1_pka.o
                0x0000000010040aaa                PKA_StartProcessing
 .text.PKA_GetProcessStatus
                0x0000000010040abe        0xc Library/BlueNRG1_pka.o
                0x0000000010040abe                PKA_GetProcessStatus
 *fill*         0x0000000010040aca        0x2 
 .text.PKA_VerifyProcess
                0x0000000010040acc       0x20 Library/BlueNRG1_pka.o
                0x0000000010040acc                PKA_VerifyProcess
 .text.PKA_SetData
                0x0000000010040aec       0xbc Library/BlueNRG1_pka.o
                0x0000000010040aec                PKA_SetData
 .text.PKA_GetData
                0x0000000010040ba8       0x38 Library/BlueNRG1_pka.o
                0x0000000010040ba8                PKA_GetData
 .text.SPI_SetBaudrate
                0x0000000010040be0       0x4c Library/BlueNRG1_spi.o
                0x0000000010040be0                SPI_SetBaudrate
 .text.SPI_Init
                0x0000000010040c2c       0x54 Library/BlueNRG1_spi.o
                0x0000000010040c2c                SPI_Init
 .text.SPI_StructInit
                0x0000000010040c80       0x10 Library/BlueNRG1_spi.o
                0x0000000010040c80                SPI_StructInit
 .text.SPI_Cmd  0x0000000010040c90       0x1c Library/BlueNRG1_spi.o
                0x0000000010040c90                SPI_Cmd
 .text.SPI_SendData
                0x0000000010040cac        0xc Library/BlueNRG1_spi.o
                0x0000000010040cac                SPI_SendData
 .text.SPI_ReceiveData
                0x0000000010040cb8        0xc Library/BlueNRG1_spi.o
                0x0000000010040cb8                SPI_ReceiveData
 .text.SPI_GetFlagStatus
                0x0000000010040cc4       0x14 Library/BlueNRG1_spi.o
                0x0000000010040cc4                SPI_GetFlagStatus
 .text.SPI_ClearRXFIFO
                0x0000000010040cd8       0x18 Library/BlueNRG1_spi.o
                0x0000000010040cd8                SPI_ClearRXFIFO
 .text.SPI_ClearTXFIFO
                0x0000000010040cf0       0x30 Library/BlueNRG1_spi.o
                0x0000000010040cf0                SPI_ClearTXFIFO
 .text.SPI_SetMasterCommunicationMode
                0x0000000010040d20       0x1c Library/BlueNRG1_spi.o
                0x0000000010040d20                SPI_SetMasterCommunicationMode
 .text.SPI_SetDummyCharacter
                0x0000000010040d3c        0xc Library/BlueNRG1_spi.o
                0x0000000010040d3c                SPI_SetDummyCharacter
 .text.SysCtrl_PeripheralClockCmd
                0x0000000010040d48       0x18 Library/BlueNRG1_sysCtrl.o
                0x0000000010040d48                SysCtrl_PeripheralClockCmd
 .text.SysCtrl_GetWakeupResetReason
                0x0000000010040d60       0xac Library/BlueNRG1_sysCtrl.o
                0x0000000010040d60                SysCtrl_GetWakeupResetReason
 .text.UART_SendData
                0x0000000010040e0c       0x10 Library/BlueNRG1_uart.o
                0x0000000010040e0c                UART_SendData
 .text.UART_GetFlagStatus
                0x0000000010040e1c       0x1c Library/BlueNRG1_uart.o
                0x0000000010040e1c                UART_GetFlagStatus
 .text.Read_Buffer_Pop
                0x0000000010040e38       0x38 Platform_Layers/SDK_EVAL_Com.o
                0x0000000010040e38                Read_Buffer_Pop
 .text._sbrk    0x0000000010040e70       0x38 Platform_Layers/SDK_EVAL_Com.o
                0x0000000010040e70                _sbrk
 .text._close   0x0000000010040ea8        0x6 Platform_Layers/SDK_EVAL_Com.o
                0x0000000010040ea8                _close
 .text._fstat   0x0000000010040eae        0xa Platform_Layers/SDK_EVAL_Com.o
                0x0000000010040eae                _fstat
 .text._isatty  0x0000000010040eb8        0x4 Platform_Layers/SDK_EVAL_Com.o
                0x0000000010040eb8                _isatty
 .text._lseek   0x0000000010040ebc        0x4 Platform_Layers/SDK_EVAL_Com.o
                0x0000000010040ebc                _lseek
 .text._write   0x0000000010040ec0       0x26 Platform_Layers/SDK_EVAL_Com.o
                0x0000000010040ec0                _write
 .text._read    0x0000000010040ee6       0x22 Platform_Layers/SDK_EVAL_Com.o
                0x0000000010040ee6                _read
 .text.__aeabi_memcpy
                0x0000000010040f08        0x8 Platform_Layers/SDK_EVAL_Com.o
                0x0000000010040f08                __aeabi_memcpy
 .text.__aeabi_memcpy4
                0x0000000010040f10        0x8 Platform_Layers/SDK_EVAL_Com.o
                0x0000000010040f10                __aeabi_memcpy4
 .text.__aeabi_memclr
                0x0000000010040f18        0xc Platform_Layers/SDK_EVAL_Com.o
                0x0000000010040f18                __aeabi_memclr
 .text.__aeabi_memclr4
                0x0000000010040f24        0x8 Platform_Layers/SDK_EVAL_Com.o
                0x0000000010040f24                __aeabi_memclr4
 .text.accelerometer_spi_write_single
                0x0000000010040f2c       0x18 Services/Accelerometer/accelerometer.o
                0x0000000010040f2c                accelerometer_spi_write_single
 .text.accelerometer_set_fifo_to_stream_mode
                0x0000000010040f44       0x3a Services/Accelerometer/accelerometer.o
                0x0000000010040f44                accelerometer_set_fifo_to_stream_mode
 .text.accelerometer_spi_read_single
                0x0000000010040f7e       0x20 Services/Accelerometer/accelerometer.o
                0x0000000010040f7e                accelerometer_spi_read_single
 *fill*         0x0000000010040f9e        0x2 
 .text.accelerometer_read_FIFO
                0x0000000010040fa0       0x20 Services/Accelerometer/accelerometer.o
                0x0000000010040fa0                accelerometer_read_FIFO
 .text.debug    0x0000000010040fc0       0x1c Services/Debug/debug_functions.o
                0x0000000010040fc0                debug
 .text.debug_param
                0x0000000010040fdc        0x2 Services/Debug/debug_functions.o
                0x0000000010040fdc                debug_param
 *fill*         0x0000000010040fde        0x2 
 .text.storage_delay
                0x0000000010040fe0       0x10 Services/Flash/flash_service.o
                0x0000000010040fe0                storage_delay
 .text.storage_write_bytes
                0x0000000010040ff0       0x22 Services/Flash/flash_service.o
                0x0000000010040ff0                storage_write_bytes
 *fill*         0x0000000010041012        0x2 
 .text.storage_write_acceleration_page
                0x0000000010041014       0xc0 Services/Flash/flash_service.o
                0x0000000010041014                storage_write_acceleration_page
 .text.storage_read_bytes
                0x00000000100410d4       0x22 Services/Flash/flash_service.o
                0x00000000100410d4                storage_read_bytes
 .text.storage_get_page_metadata
                0x00000000100410f6       0x10 Services/Flash/flash_service.o
                0x00000000100410f6                storage_get_page_metadata
 *fill*         0x0000000010041106        0x2 
 .text.spi_service_init
                0x0000000010041108       0x88 Services/SPI/SPI_service.o
                0x0000000010041108                spi_service_init
 .text.ChangeSelectPin
                0x0000000010041190       0x42 Services/SPI/SPI_service.o
                0x0000000010041190                ChangeSelectPin
 .text.spi_service_read_data
                0x00000000100411d2       0x92 Services/SPI/SPI_service.o
                0x00000000100411d2                spi_service_read_data
 .text.spi_service_write
                0x0000000010041264       0x3c Services/SPI/SPI_service.o
                0x0000000010041264                spi_service_write
 .text.spi_service_write_data
                0x00000000100412a0       0x58 Services/SPI/SPI_service.o
                0x00000000100412a0                spi_service_write_data
 .text.scribe_start
                0x00000000100412f8        0x8 Services/Scribe/scribe.o
                0x00000000100412f8                scribe_start
 .text.sumer_clock_bin2bcd
                0x0000000010041300       0x32 Services/TagHeuer/sumer_clock.o
 .text.sumer_clock_write_single
                0x0000000010041332       0x18 Services/TagHeuer/sumer_clock.o
 .text.sumer_clock_read_single
                0x000000001004134a       0x22 Services/TagHeuer/sumer_clock.o
 .text.sumer_clock_set_time
                0x000000001004136c       0x8c Services/TagHeuer/sumer_clock.o
                0x000000001004136c                sumer_clock_set_time
 .text.sumer_clock_read_time
                0x00000000100413f8       0x8e Services/TagHeuer/sumer_clock.o
                0x00000000100413f8                sumer_clock_read_time
 .text.sumer_clock_init
                0x0000000010041486       0x14 Services/TagHeuer/sumer_clock.o
                0x0000000010041486                sumer_clock_init
 .text.PRIV_vGeneratePrivateAddress_ucfg
                0x000000001004149a        0x8 Stack/stack_user_cfg.o
                0x000000001004149a                PRIV_vGeneratePrivateAddress_ucfg
 .text.PRIV_u32ProcessAdvPacket_ucfg
                0x00000000100414a2        0x8 Stack/stack_user_cfg.o
                0x00000000100414a2                PRIV_u32ProcessAdvPacket_ucfg
 .text.PRIV_u8OfflineProcessing_ucfg
                0x00000000100414aa        0x8 Stack/stack_user_cfg.o
                0x00000000100414aa                PRIV_u8OfflineProcessing_ucfg
 .text.PRIV_vGenerate_hci_le_enhanced_connection_complete_event_ucfg
                0x00000000100414b2       0x1e Stack/stack_user_cfg.o
                0x00000000100414b2                PRIV_vGenerate_hci_le_enhanced_connection_complete_event_ucfg
 .text.PRIV_vGenerate_hci_le_direct_advertising_report_event_ucfg
                0x00000000100414d0       0x1a Stack/stack_user_cfg.o
                0x00000000100414d0                PRIV_vGenerate_hci_le_direct_advertising_report_event_ucfg
 .text.GAP_enable_controller_privacy_ucfg
                0x00000000100414ea        0x8 Stack/stack_user_cfg.o
                0x00000000100414ea                GAP_enable_controller_privacy_ucfg
 .text.LL_Encrypt_Plain_Data_ucfg
                0x00000000100414f2        0x8 Stack/stack_user_cfg.o
                0x00000000100414f2                LL_Encrypt_Plain_Data_ucfg
 .text.PRIV_controller_privacy_csr_ucfg
                0x00000000100414fa        0x4 Stack/stack_user_cfg.o
                0x00000000100414fa                PRIV_controller_privacy_csr_ucfg
 .text.GAP_DiscProcTimeoutcb_ucfg
                0x00000000100414fe        0x8 Stack/stack_user_cfg.o
                0x00000000100414fe                GAP_DiscProcTimeoutcb_ucfg
 .text.cancel_connect_master_ucfg
                0x0000000010041506        0x8 Stack/stack_user_cfg.o
                0x0000000010041506                cancel_connect_master_ucfg
 .text.isr_event_handler_scan_data_ucfg
                0x000000001004150e        0x8 Stack/stack_user_cfg.o
                0x000000001004150e                isr_event_handler_scan_data_ucfg
 .text.LL_Set_Channel_Classification_offline_processing_ucfg
                0x0000000010041516        0x8 Stack/stack_user_cfg.o
                0x0000000010041516                LL_Set_Channel_Classification_offline_processing_ucfg
 .text.GAP_check_and_set_role_ucfg
                0x000000001004151e        0x8 Stack/stack_user_cfg.o
                0x000000001004151e                GAP_check_and_set_role_ucfg
 .text.GAP_discover_peer_name_ucfg
                0x0000000010041526        0x8 Stack/stack_user_cfg.o
                0x0000000010041526                GAP_discover_peer_name_ucfg
 .text.state_func_call_init_csr_ucfg
                0x000000001004152e        0x8 Stack/stack_user_cfg.o
                0x000000001004152e                state_func_call_init_csr_ucfg
 .text.smp_MI_Start_Encryption_ucfg
                0x0000000010041536        0x8 Stack/stack_user_cfg.o
                0x0000000010041536                smp_MI_Start_Encryption_ucfg
 .text.smp_Execute_Actions_wrt_Current_State_MI_excerpt_ucfg
                0x000000001004153e        0x8 Stack/stack_user_cfg.o
                0x000000001004153e                smp_Execute_Actions_wrt_Current_State_MI_excerpt_ucfg
 .text.smp_Process_Rx_Packet_wrt_Current_State_MI_excerpt_ucfg
                0x0000000010041546        0x8 Stack/stack_user_cfg.o
                0x0000000010041546                smp_Process_Rx_Packet_wrt_Current_State_MI_excerpt_ucfg
 .text.smp_Execute_Actions_wrt_Current_State_sc_MI_excerpt_phase2as2_ucfg
                0x000000001004154e        0x8 Stack/stack_user_cfg.o
                0x000000001004154e                smp_Execute_Actions_wrt_Current_State_sc_MI_excerpt_phase2as2_ucfg
 .text.LL_priv_add_to_ConnIDList_ucfg
                0x0000000010041556        0x8 Stack/stack_user_cfg.o
                0x0000000010041556                LL_priv_add_to_ConnIDList_ucfg
 .text.LL_priv_remove_from_ConnIDList_ucfg
                0x000000001004155e        0x8 Stack/stack_user_cfg.o
                0x000000001004155e                LL_priv_remove_from_ConnIDList_ucfg
 .text.LL_priv_test_address_in_ConnIDList_ucfg
                0x0000000010041566        0x8 Stack/stack_user_cfg.o
                0x0000000010041566                LL_priv_test_address_in_ConnIDList_ucfg
 .text.Data_Len_Update_Offline_Processing_ucfg
                0x000000001004156e        0x8 Stack/stack_user_cfg.o
                0x000000001004156e                Data_Len_Update_Offline_Processing_ucfg
 .text.Data_Length_Update_Control_ISR_ucfg
                0x0000000010041576        0x8 Stack/stack_user_cfg.o
                0x0000000010041576                Data_Length_Update_Control_ISR_ucfg
 .text.ll_write_supported_data_ucfg
                0x000000001004157e        0x8 Stack/stack_user_cfg.o
                0x000000001004157e                ll_write_supported_data_ucfg
 .text.LL_Data_Length_Change_Event_ucfg
                0x0000000010041586        0x8 Stack/stack_user_cfg.o
                0x0000000010041586                LL_Data_Length_Change_Event_ucfg
 .text.LL_Send_Length_Resp_ucfg
                0x000000001004158e        0x8 Stack/stack_user_cfg.o
                0x000000001004158e                LL_Send_Length_Resp_ucfg
 .text.data_length_extension_csr_ucfg
                0x0000000010041596        0x4 Stack/stack_user_cfg.o
                0x0000000010041596                data_length_extension_csr_ucfg
 .text.PKA_Offline_Processing_ucfg
                0x000000001004159a        0x8 Stack/stack_user_cfg.o
                0x000000001004159a                PKA_Offline_Processing_ucfg
 .text.smp_sc_init_ucfg
                0x00000000100415a2        0x8 Stack/stack_user_cfg.o
                0x00000000100415a2                smp_sc_init_ucfg
 .text.smp_sc_continue_on_exclusive_sc_pairing_ucfg
                0x00000000100415aa        0x8 Stack/stack_user_cfg.o
                0x00000000100415aa                smp_sc_continue_on_exclusive_sc_pairing_ucfg
 .text.smp_sc_check_for_ecc_pk_generation_request_ucfg
                0x00000000100415b2        0x8 Stack/stack_user_cfg.o
                0x00000000100415b2                smp_sc_check_for_ecc_pk_generation_request_ucfg
 .text.smp_sc_update_statistics_on_pairing_complete_ucfg
                0x00000000100415ba        0x8 Stack/stack_user_cfg.o
                0x00000000100415ba                smp_sc_update_statistics_on_pairing_complete_ucfg
 .text.secure_connections_csr_ucfg
                0x00000000100415c2        0x4 Stack/stack_user_cfg.o
                0x00000000100415c2                secure_connections_csr_ucfg
 .text.smp_sc_hci_le_read_local_p256_public_key_complete_evt_hndl_ucfg
                0x00000000100415c6        0x8 Stack/stack_user_cfg.o
                0x00000000100415c6                smp_sc_hci_le_read_local_p256_public_key_complete_evt_hndl_ucfg
 .text.smp_sc_hci_le_generate_dhkey_complete_evt_hndl_ucfg
                0x00000000100415ce        0x8 Stack/stack_user_cfg.o
                0x00000000100415ce                smp_sc_hci_le_generate_dhkey_complete_evt_hndl_ucfg
 .text.smp_sc_MI_PairingResponse_Receive_sc_excerpt_ucfg
                0x00000000100415d6        0x8 Stack/stack_user_cfg.o
                0x00000000100415d6                smp_sc_MI_PairingResponse_Receive_sc_excerpt_ucfg
 .text.smp_sc_MI_Pairing_Phase_2AS1_Start_sc_excerpt_ucfg
                0x00000000100415de        0x8 Stack/stack_user_cfg.o
                0x00000000100415de                smp_sc_MI_Pairing_Phase_2AS1_Start_sc_excerpt_ucfg
 .text.smp_sc_SR_Pairing_Phase_2AS1_Start_sc_excerpt_ucfg
                0x00000000100415e6        0x8 Stack/stack_user_cfg.o
                0x00000000100415e6                smp_sc_SR_Pairing_Phase_2AS1_Start_sc_excerpt_ucfg
 .text.smp_sc_MI_PairingConfirm_Send_sc_excerpt_ucfg
                0x00000000100415ee        0x8 Stack/stack_user_cfg.o
                0x00000000100415ee                smp_sc_MI_PairingConfirm_Send_sc_excerpt_ucfg
 .text.smp_sc_MI_PairingRandom_Receive_sc_excerpt1_ucfg
                0x00000000100415f6        0x8 Stack/stack_user_cfg.o
                0x00000000100415f6                smp_sc_MI_PairingRandom_Receive_sc_excerpt1_ucfg
 .text.smp_sc_MI_PairingRandom_Receive_sc_excerpt2_ucfg
                0x00000000100415fe        0x8 Stack/stack_user_cfg.o
                0x00000000100415fe                smp_sc_MI_PairingRandom_Receive_sc_excerpt2_ucfg
 .text.smp_sc_SR_PairingConfirm_Receive_sc_excerpt_ucfg
                0x0000000010041606        0x8 Stack/stack_user_cfg.o
                0x0000000010041606                smp_sc_SR_PairingConfirm_Receive_sc_excerpt_ucfg
 .text.smp_sc_SR_PairingRandom_Receive_sc_excerpt_ucfg
                0x000000001004160e        0x8 Stack/stack_user_cfg.o
                0x000000001004160e                smp_sc_SR_PairingRandom_Receive_sc_excerpt_ucfg
 .text.smp_Execute_Actions_wrt_Current_State_sc_excerpt_phase_1_to_2_ucfg
                0x0000000010041616        0x8 Stack/stack_user_cfg.o
                0x0000000010041616                smp_Execute_Actions_wrt_Current_State_sc_excerpt_phase_1_to_2_ucfg
 .text.smp_Execute_Actions_wrt_Current_State_sc_excerpt_phase2as2_ucfg
                0x000000001004161e        0x8 Stack/stack_user_cfg.o
                0x000000001004161e                smp_Execute_Actions_wrt_Current_State_sc_excerpt_phase2as2_ucfg
 .text.smp_Process_Rx_Packet_wrt_Current_State_sc_excerpt_ucfg
                0x0000000010041626        0x8 Stack/stack_user_cfg.o
                0x0000000010041626                smp_Process_Rx_Packet_wrt_Current_State_sc_excerpt_ucfg
 .text.smp_Process_Rx_Packet_Exception_Cases_sc_excerpt_ucfg
                0x000000001004162e        0x8 Stack/stack_user_cfg.o
                0x000000001004162e                smp_Process_Rx_Packet_Exception_Cases_sc_excerpt_ucfg
 .text.NMI_Handler
                0x0000000010041636        0x2 src/BlueNRG1_it.o
                0x0000000010041636                NMI_Handler
 .text.HardFault_Handler
                0x0000000010041638        0x2 src/BlueNRG1_it.o
                0x0000000010041638                HardFault_Handler
 .text.SVC_Handler
                0x000000001004163a        0x2 src/BlueNRG1_it.o
                0x000000001004163a                SVC_Handler
 .text.SysTick_Handler
                0x000000001004163c        0x8 src/BlueNRG1_it.o
                0x000000001004163c                SysTick_Handler
 .text.GPIO_Handler
                0x0000000010041644       0x68 src/BlueNRG1_it.o
                0x0000000010041644                GPIO_Handler
 .text.UART_Handler
                0x00000000100416ac        0x2 src/BlueNRG1_it.o
                0x00000000100416ac                UART_Handler
 .text.Blue_Handler
                0x00000000100416ae        0x8 src/BlueNRG1_it.o
                0x00000000100416ae                Blue_Handler
 *fill*         0x00000000100416b6        0x2 
 .text.command_processor_add_to_buffer
                0x00000000100416b8       0x30 src/command_processor.o
                0x00000000100416b8                command_processor_add_to_buffer
 .text.command_processor_send_version_response
                0x00000000100416e8       0x1c src/command_processor.o
                0x00000000100416e8                command_processor_send_version_response
 .text.command_processor_get_pagelist_response
                0x0000000010041704       0x70 src/command_processor.o
                0x0000000010041704                command_processor_get_pagelist_response
 .text.command_processor_send_total_written_page_count
                0x0000000010041774       0x20 src/command_processor.o
                0x0000000010041774                command_processor_send_total_written_page_count
 .text.command_processor_set_time
                0x0000000010041794       0x22 src/command_processor.o
                0x0000000010041794                command_processor_set_time
 *fill*         0x00000000100417b6        0x2 
 .text.command_processor_get_time_response
                0x00000000100417b8       0x3c src/command_processor.o
                0x00000000100417b8                command_processor_get_time_response
 .text.command_processor_process_command
                0x00000000100417f4       0x46 src/command_processor.o
                0x00000000100417f4                command_processor_process_command
 *fill*         0x000000001004183a        0x2 
 .text.command_processor_parse_buffer
                0x000000001004183c       0x9c src/command_processor.o
                0x000000001004183c                command_processor_parse_buffer
 .text.Add_SerialPort_Service
                0x00000000100418d8       0xcc src/gatt_db.o
                0x00000000100418d8                Add_SerialPort_Service
 .text.Attribute_Modified_CB
                0x00000000100419a4       0x40 src/gatt_db.o
                0x00000000100419a4                Attribute_Modified_CB
 .text.startup.main
                0x00000000100419e4       0x54 src/main.o
                0x00000000100419e4                main
 .text.hci_hardware_error_event
                0x0000000010041a38       0x18 src/main.o
                0x0000000010041a38                hci_hardware_error_event
 .text.BluetoothDeviceInit
                0x0000000010041a50       0x88 src/serial_port.o
                0x0000000010041a50                BluetoothDeviceInit
 .text.flush_ble_serial_buffer
                0x0000000010041ad8       0xa8 src/serial_port.o
                0x0000000010041ad8                flush_ble_serial_buffer
 .text.send_data_over_ble_serial
                0x0000000010041b80       0x44 src/serial_port.o
                0x0000000010041b80                send_data_over_ble_serial
 .text.Make_Connection
                0x0000000010041bc4       0x3c src/serial_port.o
                0x0000000010041bc4                Make_Connection
 .text.APP_Tick
                0x0000000010041c00       0x20 src/serial_port.o
                0x0000000010041c00                APP_Tick
 .text.hci_le_connection_complete_event
                0x0000000010041c20       0x18 src/serial_port.o
                0x0000000010041c20                hci_le_connection_complete_event
 .text.hci_disconnection_complete_event
                0x0000000010041c38       0x58 src/serial_port.o
                0x0000000010041c38                hci_disconnection_complete_event
 .text.aci_gatt_attribute_modified_event
                0x0000000010041c90        0xe src/serial_port.o
                0x0000000010041c90                aci_gatt_attribute_modified_event
 *fill*         0x0000000010041c9e        0x2 
 .text.aci_gatt_tx_pool_available_event
                0x0000000010041ca0       0x10 src/serial_port.o
                0x0000000010041ca0                aci_gatt_tx_pool_available_event
 .text.aci_gatt_read_permit_req_event
                0x0000000010041cb0        0x2 src/serial_port.o
                0x0000000010041cb0                aci_gatt_read_permit_req_event
 .text.aci_hal_end_of_radio_activity_event
                0x0000000010041cb2        0x2 src/serial_port.o
                0x0000000010041cb2                aci_hal_end_of_radio_activity_event
 .text.__aeabi_memmove
                0x0000000010041cb4        0x8 /Applications/WiSE-Studio.app/Contents/MacOS/tools/gcc-arm-none-eabi-9-2019-q4-major/bin/../lib/gcc/arm-none-eabi/9.2.1/../../../../arm-none-eabi/lib/thumb/v6-m/nofp/libc_nano.a(lib_a-aeabi_memmove.o)
                0x0000000010041cb4                __aeabi_memmove8
                0x0000000010041cb4                __aeabi_memmove
                0x0000000010041cb4                __aeabi_memmove4
 .text.memcmp   0x0000000010041cbc       0x1c /Applications/WiSE-Studio.app/Contents/MacOS/tools/gcc-arm-none-eabi-9-2019-q4-major/bin/../lib/gcc/arm-none-eabi/9.2.1/../../../../arm-none-eabi/lib/thumb/v6-m/nofp/libc_nano.a(lib_a-memcmp.o)
                0x0000000010041cbc                memcmp
 .text.memcpy   0x0000000010041cd8       0x12 /Applications/WiSE-Studio.app/Contents/MacOS/tools/gcc-arm-none-eabi-9-2019-q4-major/bin/../lib/gcc/arm-none-eabi/9.2.1/../../../../arm-none-eabi/lib/thumb/v6-m/nofp/libc_nano.a(lib_a-memcpy-stub.o)
                0x0000000010041cd8                memcpy
 .text.memmove  0x0000000010041cea       0x26 /Applications/WiSE-Studio.app/Contents/MacOS/tools/gcc-arm-none-eabi-9-2019-q4-major/bin/../lib/gcc/arm-none-eabi/9.2.1/../../../../arm-none-eabi/lib/thumb/v6-m/nofp/libc_nano.a(lib_a-memmove.o)
                0x0000000010041cea                memmove
 .text.memset   0x0000000010041d10       0x10 /Applications/WiSE-Studio.app/Contents/MacOS/tools/gcc-arm-none-eabi-9-2019-q4-major/bin/../lib/gcc/arm-none-eabi/9.2.1/../../../../arm-none-eabi/lib/thumb/v6-m/nofp/libc_nano.a(lib_a-memset.o)
                0x0000000010041d10                memset
 .text.printf   0x0000000010041d20       0x34 /Applications/WiSE-Studio.app/Contents/MacOS/tools/gcc-arm-none-eabi-9-2019-q4-major/bin/../lib/gcc/arm-none-eabi/9.2.1/../../../../arm-none-eabi/lib/thumb/v6-m/nofp/libc_nano.a(lib_a-printf.o)
                0x0000000010041d20                printf
                0x0000000010041d20                iprintf
 .text._puts_r  0x0000000010041d54       0xe4 /Applications/WiSE-Studio.app/Contents/MacOS/tools/gcc-arm-none-eabi-9-2019-q4-major/bin/../lib/gcc/arm-none-eabi/9.2.1/../../../../arm-none-eabi/lib/thumb/v6-m/nofp/libc_nano.a(lib_a-puts.o)
                0x0000000010041d54                _puts_r
 .text.puts     0x0000000010041e38       0x14 /Applications/WiSE-Studio.app/Contents/MacOS/tools/gcc-arm-none-eabi-9-2019-q4-major/bin/../lib/gcc/arm-none-eabi/9.2.1/../../../../arm-none-eabi/lib/thumb/v6-m/nofp/libc_nano.a(lib_a-puts.o)
                0x0000000010041e38                puts
 .text.__swbuf_r
                0x0000000010041e4c       0xac /Applications/WiSE-Studio.app/Contents/MacOS/tools/gcc-arm-none-eabi-9-2019-q4-major/bin/../lib/gcc/arm-none-eabi/9.2.1/../../../../arm-none-eabi/lib/thumb/v6-m/nofp/libc_nano.a(lib_a-wbuf.o)
                0x0000000010041e4c                __swbuf_r
 .text.__swsetup_r
                0x0000000010041ef8       0xf0 /Applications/WiSE-Studio.app/Contents/MacOS/tools/gcc-arm-none-eabi-9-2019-q4-major/bin/../lib/gcc/arm-none-eabi/9.2.1/../../../../arm-none-eabi/lib/thumb/v6-m/nofp/libc_nano.a(lib_a-wsetup.o)
                0x0000000010041ef8                __swsetup_r
 .text.__sflush_r
                0x0000000010041fe8      0x118 /Applications/WiSE-Studio.app/Contents/MacOS/tools/gcc-arm-none-eabi-9-2019-q4-major/bin/../lib/gcc/arm-none-eabi/9.2.1/../../../../arm-none-eabi/lib/thumb/v6-m/nofp/libc_nano.a(lib_a-fflush.o)
                0x0000000010041fe8                __sflush_r
 .text._fflush_r
                0x0000000010042100       0x80 /Applications/WiSE-Studio.app/Contents/MacOS/tools/gcc-arm-none-eabi-9-2019-q4-major/bin/../lib/gcc/arm-none-eabi/9.2.1/../../../../arm-none-eabi/lib/thumb/v6-m/nofp/libc_nano.a(lib_a-fflush.o)
                0x0000000010042100                _fflush_r
 .text.std      0x0000000010042180       0x48 /Applications/WiSE-Studio.app/Contents/MacOS/tools/gcc-arm-none-eabi-9-2019-q4-major/bin/../lib/gcc/arm-none-eabi/9.2.1/../../../../arm-none-eabi/lib/thumb/v6-m/nofp/libc_nano.a(lib_a-findfp.o)
 .text._cleanup_r
                0x00000000100421c8       0x10 /Applications/WiSE-Studio.app/Contents/MacOS/tools/gcc-arm-none-eabi-9-2019-q4-major/bin/../lib/gcc/arm-none-eabi/9.2.1/../../../../arm-none-eabi/lib/thumb/v6-m/nofp/libc_nano.a(lib_a-findfp.o)
                0x00000000100421c8                _cleanup_r
 .text.__sfmoreglue
                0x00000000100421d8       0x2c /Applications/WiSE-Studio.app/Contents/MacOS/tools/gcc-arm-none-eabi-9-2019-q4-major/bin/../lib/gcc/arm-none-eabi/9.2.1/../../../../arm-none-eabi/lib/thumb/v6-m/nofp/libc_nano.a(lib_a-findfp.o)
                0x00000000100421d8                __sfmoreglue
 .text.__sfp_lock_acquire
                0x0000000010042204       0x10 /Applications/WiSE-Studio.app/Contents/MacOS/tools/gcc-arm-none-eabi-9-2019-q4-major/bin/../lib/gcc/arm-none-eabi/9.2.1/../../../../arm-none-eabi/lib/thumb/v6-m/nofp/libc_nano.a(lib_a-findfp.o)
                0x0000000010042204                __sfp_lock_acquire
 .text.__sfp_lock_release
                0x0000000010042214       0x10 /Applications/WiSE-Studio.app/Contents/MacOS/tools/gcc-arm-none-eabi-9-2019-q4-major/bin/../lib/gcc/arm-none-eabi/9.2.1/../../../../arm-none-eabi/lib/thumb/v6-m/nofp/libc_nano.a(lib_a-findfp.o)
                0x0000000010042214                __sfp_lock_release
 .text.__sinit_lock_acquire
                0x0000000010042224       0x10 /Applications/WiSE-Studio.app/Contents/MacOS/tools/gcc-arm-none-eabi-9-2019-q4-major/bin/../lib/gcc/arm-none-eabi/9.2.1/../../../../arm-none-eabi/lib/thumb/v6-m/nofp/libc_nano.a(lib_a-findfp.o)
                0x0000000010042224                __sinit_lock_acquire
 .text.__sinit_lock_release
                0x0000000010042234       0x10 /Applications/WiSE-Studio.app/Contents/MacOS/tools/gcc-arm-none-eabi-9-2019-q4-major/bin/../lib/gcc/arm-none-eabi/9.2.1/../../../../arm-none-eabi/lib/thumb/v6-m/nofp/libc_nano.a(lib_a-findfp.o)
                0x0000000010042234                __sinit_lock_release
 .text.__sinit  0x0000000010042244       0x70 /Applications/WiSE-Studio.app/Contents/MacOS/tools/gcc-arm-none-eabi-9-2019-q4-major/bin/../lib/gcc/arm-none-eabi/9.2.1/../../../../arm-none-eabi/lib/thumb/v6-m/nofp/libc_nano.a(lib_a-findfp.o)
                0x0000000010042244                __sinit
 .text.__sfp    0x00000000100422b4       0x90 /Applications/WiSE-Studio.app/Contents/MacOS/tools/gcc-arm-none-eabi-9-2019-q4-major/bin/../lib/gcc/arm-none-eabi/9.2.1/../../../../arm-none-eabi/lib/thumb/v6-m/nofp/libc_nano.a(lib_a-findfp.o)
                0x00000000100422b4                __sfp
 .text._fwalk_reent
                0x0000000010042344       0x40 /Applications/WiSE-Studio.app/Contents/MacOS/tools/gcc-arm-none-eabi-9-2019-q4-major/bin/../lib/gcc/arm-none-eabi/9.2.1/../../../../arm-none-eabi/lib/thumb/v6-m/nofp/libc_nano.a(lib_a-fwalk.o)
                0x0000000010042344                _fwalk_reent
 .text.__retarget_lock_init_recursive
                0x0000000010042384        0x2 /Applications/WiSE-Studio.app/Contents/MacOS/tools/gcc-arm-none-eabi-9-2019-q4-major/bin/../lib/gcc/arm-none-eabi/9.2.1/../../../../arm-none-eabi/lib/thumb/v6-m/nofp/libc_nano.a(lib_a-lock.o)
                0x0000000010042384                __retarget_lock_init_recursive
 .text.__retarget_lock_acquire_recursive
                0x0000000010042386        0x2 /Applications/WiSE-Studio.app/Contents/MacOS/tools/gcc-arm-none-eabi-9-2019-q4-major/bin/../lib/gcc/arm-none-eabi/9.2.1/../../../../arm-none-eabi/lib/thumb/v6-m/nofp/libc_nano.a(lib_a-lock.o)
                0x0000000010042386                __retarget_lock_acquire_recursive
 .text.__retarget_lock_release_recursive
                0x0000000010042388        0x2 /Applications/WiSE-Studio.app/Contents/MacOS/tools/gcc-arm-none-eabi-9-2019-q4-major/bin/../lib/gcc/arm-none-eabi/9.2.1/../../../../arm-none-eabi/lib/thumb/v6-m/nofp/libc_nano.a(lib_a-lock.o)
                0x0000000010042388                __retarget_lock_release_recursive
 *fill*         0x000000001004238a        0x2 
 .text.__swhatbuf_r
                0x000000001004238c       0x50 /Applications/WiSE-Studio.app/Contents/MacOS/tools/gcc-arm-none-eabi-9-2019-q4-major/bin/../lib/gcc/arm-none-eabi/9.2.1/../../../../arm-none-eabi/lib/thumb/v6-m/nofp/libc_nano.a(lib_a-makebuf.o)
                0x000000001004238c                __swhatbuf_r
 .text.__smakebuf_r
                0x00000000100423dc       0x88 /Applications/WiSE-Studio.app/Contents/MacOS/tools/gcc-arm-none-eabi-9-2019-q4-major/bin/../lib/gcc/arm-none-eabi/9.2.1/../../../../arm-none-eabi/lib/thumb/v6-m/nofp/libc_nano.a(lib_a-makebuf.o)
                0x00000000100423dc                __smakebuf_r
 .text._free_r  0x0000000010042464       0x94 /Applications/WiSE-Studio.app/Contents/MacOS/tools/gcc-arm-none-eabi-9-2019-q4-major/bin/../lib/gcc/arm-none-eabi/9.2.1/../../../../arm-none-eabi/lib/thumb/v6-m/nofp/libc_nano.a(lib_a-nano-freer.o)
                0x0000000010042464                _free_r
 .text._malloc_r
                0x00000000100424f8       0xbc /Applications/WiSE-Studio.app/Contents/MacOS/tools/gcc-arm-none-eabi-9-2019-q4-major/bin/../lib/gcc/arm-none-eabi/9.2.1/../../../../arm-none-eabi/lib/thumb/v6-m/nofp/libc_nano.a(lib_a-nano-mallocr.o)
                0x00000000100424f8                _malloc_r
 .text.__sfputc_r
                0x00000000100425b4       0x2a /Applications/WiSE-Studio.app/Contents/MacOS/tools/gcc-arm-none-eabi-9-2019-q4-major/bin/../lib/gcc/arm-none-eabi/9.2.1/../../../../arm-none-eabi/lib/thumb/v6-m/nofp/libc_nano.a(lib_a-nano-vfprintf.o)
 .text.__sfputs_r
                0x00000000100425de       0x24 /Applications/WiSE-Studio.app/Contents/MacOS/tools/gcc-arm-none-eabi-9-2019-q4-major/bin/../lib/gcc/arm-none-eabi/9.2.1/../../../../arm-none-eabi/lib/thumb/v6-m/nofp/libc_nano.a(lib_a-nano-vfprintf.o)
                0x00000000100425de                __sfputs_r
 *fill*         0x0000000010042602        0x2 
 .text._vfprintf_r
                0x0000000010042604      0x274 /Applications/WiSE-Studio.app/Contents/MacOS/tools/gcc-arm-none-eabi-9-2019-q4-major/bin/../lib/gcc/arm-none-eabi/9.2.1/../../../../arm-none-eabi/lib/thumb/v6-m/nofp/libc_nano.a(lib_a-nano-vfprintf.o)
                0x0000000010042604                _vfiprintf_r
                0x0000000010042604                _vfprintf_r
 .text._printf_common
                0x0000000010042878       0xde /Applications/WiSE-Studio.app/Contents/MacOS/tools/gcc-arm-none-eabi-9-2019-q4-major/bin/../lib/gcc/arm-none-eabi/9.2.1/../../../../arm-none-eabi/lib/thumb/v6-m/nofp/libc_nano.a(lib_a-nano-vfprintf_i.o)
                0x0000000010042878                _printf_common
 *fill*         0x0000000010042956        0x2 
 .text._printf_i
                0x0000000010042958      0x224 /Applications/WiSE-Studio.app/Contents/MacOS/tools/gcc-arm-none-eabi-9-2019-q4-major/bin/../lib/gcc/arm-none-eabi/9.2.1/../../../../arm-none-eabi/lib/thumb/v6-m/nofp/libc_nano.a(lib_a-nano-vfprintf_i.o)
                0x0000000010042958                _printf_i
 .text._sbrk_r  0x0000000010042b7c       0x24 /Applications/WiSE-Studio.app/Contents/MacOS/tools/gcc-arm-none-eabi-9-2019-q4-major/bin/../lib/gcc/arm-none-eabi/9.2.1/../../../../arm-none-eabi/lib/thumb/v6-m/nofp/libc_nano.a(lib_a-sbrkr.o)
                0x0000000010042b7c                _sbrk_r
 .text.__sread  0x0000000010042ba0       0x28 /Applications/WiSE-Studio.app/Contents/MacOS/tools/gcc-arm-none-eabi-9-2019-q4-major/bin/../lib/gcc/arm-none-eabi/9.2.1/../../../../arm-none-eabi/lib/thumb/v6-m/nofp/libc_nano.a(lib_a-stdio.o)
                0x0000000010042ba0                __sread
 .text.__swrite
                0x0000000010042bc8       0x38 /Applications/WiSE-Studio.app/Contents/MacOS/tools/gcc-arm-none-eabi-9-2019-q4-major/bin/../lib/gcc/arm-none-eabi/9.2.1/../../../../arm-none-eabi/lib/thumb/v6-m/nofp/libc_nano.a(lib_a-stdio.o)
                0x0000000010042bc8                __swrite
 .text.__sseek  0x0000000010042c00       0x2c /Applications/WiSE-Studio.app/Contents/MacOS/tools/gcc-arm-none-eabi-9-2019-q4-major/bin/../lib/gcc/arm-none-eabi/9.2.1/../../../../arm-none-eabi/lib/thumb/v6-m/nofp/libc_nano.a(lib_a-stdio.o)
                0x0000000010042c00                __sseek
 .text.__sclose
                0x0000000010042c2c        0xc /Applications/WiSE-Studio.app/Contents/MacOS/tools/gcc-arm-none-eabi-9-2019-q4-major/bin/../lib/gcc/arm-none-eabi/9.2.1/../../../../arm-none-eabi/lib/thumb/v6-m/nofp/libc_nano.a(lib_a-stdio.o)
                0x0000000010042c2c                __sclose
 .text._write_r
                0x0000000010042c38       0x28 /Applications/WiSE-Studio.app/Contents/MacOS/tools/gcc-arm-none-eabi-9-2019-q4-major/bin/../lib/gcc/arm-none-eabi/9.2.1/../../../../arm-none-eabi/lib/thumb/v6-m/nofp/libc_nano.a(lib_a-writer.o)
                0x0000000010042c38                _write_r
 .text._close_r
                0x0000000010042c60       0x24 /Applications/WiSE-Studio.app/Contents/MacOS/tools/gcc-arm-none-eabi-9-2019-q4-major/bin/../lib/gcc/arm-none-eabi/9.2.1/../../../../arm-none-eabi/lib/thumb/v6-m/nofp/libc_nano.a(lib_a-closer.o)
                0x0000000010042c60                _close_r
 .text._fstat_r
                0x0000000010042c84       0x24 /Applications/WiSE-Studio.app/Contents/MacOS/tools/gcc-arm-none-eabi-9-2019-q4-major/bin/../lib/gcc/arm-none-eabi/9.2.1/../../../../arm-none-eabi/lib/thumb/v6-m/nofp/libc_nano.a(lib_a-fstatr.o)
                0x0000000010042c84                _fstat_r
 .text._isatty_r
                0x0000000010042ca8       0x24 /Applications/WiSE-Studio.app/Contents/MacOS/tools/gcc-arm-none-eabi-9-2019-q4-major/bin/../lib/gcc/arm-none-eabi/9.2.1/../../../../arm-none-eabi/lib/thumb/v6-m/nofp/libc_nano.a(lib_a-isattyr.o)
                0x0000000010042ca8                _isatty_r
 .text._lseek_r
                0x0000000010042ccc       0x28 /Applications/WiSE-Studio.app/Contents/MacOS/tools/gcc-arm-none-eabi-9-2019-q4-major/bin/../lib/gcc/arm-none-eabi/9.2.1/../../../../arm-none-eabi/lib/thumb/v6-m/nofp/libc_nano.a(lib_a-lseekr.o)
                0x0000000010042ccc                _lseek_r
 .text.memchr   0x0000000010042cf4       0x16 /Applications/WiSE-Studio.app/Contents/MacOS/tools/gcc-arm-none-eabi-9-2019-q4-major/bin/../lib/gcc/arm-none-eabi/9.2.1/../../../../arm-none-eabi/lib/thumb/v6-m/nofp/libc_nano.a(lib_a-memchr-stub.o)
                0x0000000010042cf4                memchr
 *fill*         0x0000000010042d0a        0x2 
 .text.__malloc_lock
                0x0000000010042d0c       0x10 /Applications/WiSE-Studio.app/Contents/MacOS/tools/gcc-arm-none-eabi-9-2019-q4-major/bin/../lib/gcc/arm-none-eabi/9.2.1/../../../../arm-none-eabi/lib/thumb/v6-m/nofp/libc_nano.a(lib_a-mlock.o)
                0x0000000010042d0c                __malloc_lock
 .text.__malloc_unlock
                0x0000000010042d1c       0x10 /Applications/WiSE-Studio.app/Contents/MacOS/tools/gcc-arm-none-eabi-9-2019-q4-major/bin/../lib/gcc/arm-none-eabi/9.2.1/../../../../arm-none-eabi/lib/thumb/v6-m/nofp/libc_nano.a(lib_a-mlock.o)
                0x0000000010042d1c                __malloc_unlock
 .text._read_r  0x0000000010042d2c       0x28 /Applications/WiSE-Studio.app/Contents/MacOS/tools/gcc-arm-none-eabi-9-2019-q4-major/bin/../lib/gcc/arm-none-eabi/9.2.1/../../../../arm-none-eabi/lib/thumb/v6-m/nofp/libc_nano.a(lib_a-readr.o)
                0x0000000010042d2c                _read_r
 *(i.*)
 i._aci_gap_set_discoverable_param_check
                0x0000000010042d54       0x5c ../../sumer-library/Bluetooth_LE/library/libbluenrg1_stack.a(bluenrg_gap_aci.o)
 i.aci_gap_init
                0x0000000010042db0       0x30 ../../sumer-library/Bluetooth_LE/library/libbluenrg1_stack.a(bluenrg_gap_aci.o)
                0x0000000010042db0                aci_gap_init
 i.aci_gap_set_discoverable
                0x0000000010042de0       0x42 ../../sumer-library/Bluetooth_LE/library/libbluenrg1_stack.a(bluenrg_gap_aci.o)
                0x0000000010042de0                aci_gap_set_discoverable
 i._load_uuid   0x0000000010042e22       0x26 ../../sumer-library/Bluetooth_LE/library/libbluenrg1_stack.a(bluenrg_gatt_aci.o)
 i.aci_gatt_add_char
                0x0000000010042e48       0x3e ../../sumer-library/Bluetooth_LE/library/libbluenrg1_stack.a(bluenrg_gatt_aci.o)
                0x0000000010042e48                aci_gatt_add_char
 i.aci_gatt_add_service
                0x0000000010042e86       0x36 ../../sumer-library/Bluetooth_LE/library/libbluenrg1_stack.a(bluenrg_gatt_aci.o)
                0x0000000010042e86                aci_gatt_add_service
 i.aci_gatt_init
                0x0000000010042ebc        0x8 ../../sumer-library/Bluetooth_LE/library/libbluenrg1_stack.a(bluenrg_gatt_aci.o)
                0x0000000010042ebc                aci_gatt_init
 i.aci_gatt_update_char_value_ext
                0x0000000010042ec4       0x22 ../../sumer-library/Bluetooth_LE/library/libbluenrg1_stack.a(bluenrg_gatt_aci.o)
                0x0000000010042ec4                aci_gatt_update_char_value_ext
 i.aci_hal_set_tx_power_level
                0x0000000010042ee6        0x8 ../../sumer-library/Bluetooth_LE/library/libbluenrg1_stack.a(bluenrg_hal_aci.o)
                0x0000000010042ee6                aci_hal_set_tx_power_level
 i.aci_hal_write_config_data
                0x0000000010042eee        0x8 ../../sumer-library/Bluetooth_LE/library/libbluenrg1_stack.a(bluenrg_hal_aci.o)
                0x0000000010042eee                aci_hal_write_config_data
 *fill*         0x0000000010042ef6        0x2 
 i.BTLE_StackTick
                0x0000000010042ef8       0x84 ../../sumer-library/Bluetooth_LE/library/libbluenrg1_stack.a(bluenrg_main_func.o)
                0x0000000010042ef8                BTLE_StackTick
 i.BlueNRG_Stack_Initialization
                0x0000000010042f7c       0x44 ../../sumer-library/Bluetooth_LE/library/libbluenrg1_stack.a(bluenrg_main_func.o)
                0x0000000010042f7c                BlueNRG_Stack_Initialization
 i.BlueNRG_Stack_Initialize_ConfigData
                0x0000000010042fc0       0x64 ../../sumer-library/Bluetooth_LE/library/libbluenrg1_stack.a(bluenrg_main_func.o)
 i.BlueNRG_Stack_Initialize_Layers
                0x0000000010043024       0x8c ../../sumer-library/Bluetooth_LE/library/libbluenrg1_stack.a(bluenrg_main_func.o)
 i.BlueNRG_Stack_Initialize_RAM_check
                0x00000000100430b0       0x80 ../../sumer-library/Bluetooth_LE/library/libbluenrg1_stack.a(bluenrg_main_func.o)
                0x00000000100430b0                BlueNRG_Stack_Initialize_RAM_check
 i.BlueNRG_Stack_Perform_Crystal_Check
                0x0000000010043130       0xc4 ../../sumer-library/Bluetooth_LE/library/libbluenrg1_stack.a(bluenrg_main_func.o)
 i.BlueNRG_Start_Crystal_Measurement
                0x00000000100431f4       0x1c ../../sumer-library/Bluetooth_LE/library/libbluenrg1_stack.a(bluenrg_main_func.o)
 i._BlueNRG_Stack_Initialization
                0x0000000010043210       0xe8 ../../sumer-library/Bluetooth_LE/library/libbluenrg1_stack.a(bluenrg_main_func.o)
                0x0000000010043210                _BlueNRG_Stack_Initialization
 i.GAP_Connection_Complete_Handler
                0x00000000100432f8       0x68 ../../sumer-library/Bluetooth_LE/library/libbluenrg1_stack.a(gap.o)
                0x00000000100432f8                GAP_Connection_Complete_Handler
 i.GAP_DiscProcTimeoutcb
                0x0000000010043360       0x48 ../../sumer-library/Bluetooth_LE/library/libbluenrg1_stack.a(gap.o)
                0x0000000010043360                GAP_DiscProcTimeoutcb
 i.GAP_Init     0x00000000100433a8      0x1fc ../../sumer-library/Bluetooth_LE/library/libbluenrg1_stack.a(gap.o)
                0x00000000100433a8                GAP_Init
 i.GAP_Init_Context
                0x00000000100435a4       0x14 ../../sumer-library/Bluetooth_LE/library/libbluenrg1_stack.a(gap.o)
                0x00000000100435a4                GAP_Init_Context
 i.GAP_Internal_Evt_Handler
                0x00000000100435b8       0x3c ../../sumer-library/Bluetooth_LE/library/libbluenrg1_stack.a(gap.o)
                0x00000000100435b8                GAP_Internal_Evt_Handler
 i.GAP_LL_Event_Handler_ISR
                0x00000000100435f4       0x68 ../../sumer-library/Bluetooth_LE/library/libbluenrg1_stack.a(gap.o)
                0x00000000100435f4                GAP_LL_Event_Handler_ISR
 i.GAP_LimDiscTimeoutcb
                0x000000001004365c       0x2c ../../sumer-library/Bluetooth_LE/library/libbluenrg1_stack.a(gap.o)
                0x000000001004365c                GAP_LimDiscTimeoutcb
 i.GAP_Process_Q
                0x0000000010043688       0x40 ../../sumer-library/Bluetooth_LE/library/libbluenrg1_stack.a(gap.o)
                0x0000000010043688                GAP_Process_Q
 i.GAP_Set_Discoverable_Mode
                0x00000000100436c8       0x38 ../../sumer-library/Bluetooth_LE/library/libbluenrg1_stack.a(gap.o)
                0x00000000100436c8                GAP_Set_Discoverable_Mode
 i.GAP_Started_Gatt_Proc
                0x0000000010043700       0x2c ../../sumer-library/Bluetooth_LE/library/libbluenrg1_stack.a(gap.o)
                0x0000000010043700                GAP_Started_Gatt_Proc
 i.GAP_check_and_set_role
                0x000000001004372c        0xe ../../sumer-library/Bluetooth_LE/library/libbluenrg1_stack.a(gap.o)
                0x000000001004372c                GAP_check_and_set_role
 *fill*         0x000000001004373a        0x2 
 i.GAP_discover_peer_name
                0x000000001004373c       0x44 ../../sumer-library/Bluetooth_LE/library/libbluenrg1_stack.a(gap.o)
                0x000000001004373c                GAP_discover_peer_name
 i.GAP_enable_controller_privacy
                0x0000000010043780       0x44 ../../sumer-library/Bluetooth_LE/library/libbluenrg1_stack.a(gap.o)
                0x0000000010043780                GAP_enable_controller_privacy
 i._GAP_Parse_Advertising_Report
                0x00000000100437c4       0x6c ../../sumer-library/Bluetooth_LE/library/libbluenrg1_stack.a(gap.o)
 i._gap_set_discoverable_connectable
                0x0000000010043830      0x174 ../../sumer-library/Bluetooth_LE/library/libbluenrg1_stack.a(gap.o)
                0x0000000010043830                _gap_set_discoverable_connectable
 i.aci_gap_limited_discoverable_event_push
                0x00000000100439a4       0x50 ../../sumer-library/Bluetooth_LE/library/libbluenrg1_stack.a(gap.o)
 i.aci_gap_proc_complete_event_push
                0x00000000100439f4       0x74 ../../sumer-library/Bluetooth_LE/library/libbluenrg1_stack.a(gap.o)
 i.advParamsCheckAndSet
                0x0000000010043a68       0x8c ../../sumer-library/Bluetooth_LE/library/libbluenrg1_stack.a(gap.o)
                0x0000000010043a68                advParamsCheckAndSet
 i.gapClearAllModeFlags
                0x0000000010043af4       0x14 ../../sumer-library/Bluetooth_LE/library/libbluenrg1_stack.a(gap.o)
                0x0000000010043af4                gapClearAllModeFlags
 i.setGapAdvData
                0x0000000010043b08      0x104 ../../sumer-library/Bluetooth_LE/library/libbluenrg1_stack.a(gap.o)
                0x0000000010043b08                setGapAdvData
 i.Check_and_find_gatt_client
                0x0000000010043c0c       0x18 ../../sumer-library/Bluetooth_LE/library/libbluenrg1_stack.a(gatt_client.o)
 i.Find_Gatt_Client
                0x0000000010043c24       0x3c ../../sumer-library/Bluetooth_LE/library/libbluenrg1_stack.a(gatt_client.o)
                0x0000000010043c24                Find_Gatt_Client
 i.Gatt_Check_Not_Error_Resp
                0x0000000010043c60       0x52 ../../sumer-library/Bluetooth_LE/library/libbluenrg1_stack.a(gatt_client.o)
 *fill*         0x0000000010043cb2        0x2 
 i.Gatt_Read_Charac_By_Uuid
                0x0000000010043cb4       0x80 ../../sumer-library/Bluetooth_LE/library/libbluenrg1_stack.a(gatt_client.o)
                0x0000000010043cb4                Gatt_Read_Charac_By_Uuid
 i.Gatt_Read_Charac_By_Uuid_Cb
                0x0000000010043d34        0xa ../../sumer-library/Bluetooth_LE/library/libbluenrg1_stack.a(gatt_client.o)
 i.Gatt_Super_Handler_Task7
                0x0000000010043d3e      0x188 ../../sumer-library/Bluetooth_LE/library/libbluenrg1_stack.a(gatt_client.o)
 *fill*         0x0000000010043ec6        0x2 
 i.aci_att_read_blob_resp_event_push
                0x0000000010043ec8       0x74 ../../sumer-library/Bluetooth_LE/library/libbluenrg1_stack.a(gatt_client.o)
 i.aci_att_read_multiple_resp_event_push
                0x0000000010043f3c       0x74 ../../sumer-library/Bluetooth_LE/library/libbluenrg1_stack.a(gatt_client.o)
 i.aci_att_read_resp_event_push
                0x0000000010043fb0       0x74 ../../sumer-library/Bluetooth_LE/library/libbluenrg1_stack.a(gatt_client.o)
 i.aci_gatt_disc_read_char_by_uuid_resp_event_push
                0x0000000010044024       0x84 ../../sumer-library/Bluetooth_LE/library/libbluenrg1_stack.a(gatt_client.o)
 i.aci_gatt_error_resp_event_push
                0x00000000100440a8       0x78 ../../sumer-library/Bluetooth_LE/library/libbluenrg1_stack.a(gatt_client.o)
 i.aci_gatt_proc_complete_event_push
                0x0000000010044120       0x58 ../../sumer-library/Bluetooth_LE/library/libbluenrg1_stack.a(gatt_client.o)
 i.int16ToLe2Byte
                0x0000000010044178        0x8 ../../sumer-library/Bluetooth_LE/library/libbluenrg1_stack.a(gatt_client.o)
 i.le2ByteToInt16
                0x0000000010044180        0xa ../../sumer-library/Bluetooth_LE/library/libbluenrg1_stack.a(gatt_client.o)
 i.Build_Notif_Or_Ind
                0x000000001004418a       0x3e ../../sumer-library/Bluetooth_LE/library/libbluenrg1_stack.a(gatt_server.o)
                0x000000001004418a                Build_Notif_Or_Ind
 i.Check_For_Service_Change
                0x00000000100441c8      0x34c ../../sumer-library/Bluetooth_LE/library/libbluenrg1_stack.a(gatt_server.o)
                0x00000000100441c8                Check_For_Service_Change
 i.Find_Attr_Index
                0x0000000010044514       0x50 ../../sumer-library/Bluetooth_LE/library/libbluenrg1_stack.a(gatt_server.o)
                0x0000000010044514                Find_Attr_Index
 i.Find_Timed_Out_Connection
                0x0000000010044564       0x20 ../../sumer-library/Bluetooth_LE/library/libbluenrg1_stack.a(gatt_server.o)
                0x0000000010044564                Find_Timed_Out_Connection
 i.GATT_Connection_Complete_Handler
                0x0000000010044584       0x44 ../../sumer-library/Bluetooth_LE/library/libbluenrg1_stack.a(gatt_server.o)
                0x0000000010044584                GATT_Connection_Complete_Handler
 i.GATT_Send_Packet
                0x00000000100445c8       0x2c ../../sumer-library/Bluetooth_LE/library/libbluenrg1_stack.a(gatt_server.o)
                0x00000000100445c8                GATT_Send_Packet
 i.GATT_Server_Set_Flag
                0x00000000100445f4       0x18 ../../sumer-library/Bluetooth_LE/library/libbluenrg1_stack.a(gatt_server.o)
 i.GATT_TimeOut_Handler
                0x000000001004460c       0x1a ../../sumer-library/Bluetooth_LE/library/libbluenrg1_stack.a(gatt_server.o)
                0x000000001004460c                GATT_TimeOut_Handler
 *fill*         0x0000000010044626        0x2 
 i.Gatt_Add_Charac_Desc
                0x0000000010044628      0x160 ../../sumer-library/Bluetooth_LE/library/libbluenrg1_stack.a(gatt_server.o)
                0x0000000010044628                Gatt_Add_Charac_Desc
 i.Gatt_Add_Characteristic
                0x0000000010044788      0x33c ../../sumer-library/Bluetooth_LE/library/libbluenrg1_stack.a(gatt_server.o)
                0x0000000010044788                Gatt_Add_Characteristic
 i.Gatt_Add_Descriptor
                0x0000000010044ac4      0x158 ../../sumer-library/Bluetooth_LE/library/libbluenrg1_stack.a(gatt_server.o)
                0x0000000010044ac4                Gatt_Add_Descriptor
 i.Gatt_Add_Service
                0x0000000010044c1c      0x160 ../../sumer-library/Bluetooth_LE/library/libbluenrg1_stack.a(gatt_server.o)
                0x0000000010044c1c                Gatt_Add_Service
 i.Gatt_Find_Srv_From_Handle
                0x0000000010044d7c       0x2c ../../sumer-library/Bluetooth_LE/library/libbluenrg1_stack.a(gatt_server.o)
                0x0000000010044d7c                Gatt_Find_Srv_From_Handle
 i.Gatt_Find_Srv_Owner_Of_Handle
                0x0000000010044da8       0x48 ../../sumer-library/Bluetooth_LE/library/libbluenrg1_stack.a(gatt_server.o)
                0x0000000010044da8                Gatt_Find_Srv_Owner_Of_Handle
 i.Gatt_Find_Timed_Out_Connection_Index
                0x0000000010044df0       0x38 ../../sumer-library/Bluetooth_LE/library/libbluenrg1_stack.a(gatt_server.o)
                0x0000000010044df0                Gatt_Find_Timed_Out_Connection_Index
 i.Gatt_Flush_Pending_AclPacket_Lists
                0x0000000010044e28       0x34 ../../sumer-library/Bluetooth_LE/library/libbluenrg1_stack.a(gatt_server.o)
 i.Gatt_Process_Q
                0x0000000010044e5c      0x19c ../../sumer-library/Bluetooth_LE/library/libbluenrg1_stack.a(gatt_server.o)
                0x0000000010044e5c                Gatt_Process_Q
 i.Gatt_Reset_To_Closed_State
                0x0000000010044ff8       0xfc ../../sumer-library/Bluetooth_LE/library/libbluenrg1_stack.a(gatt_server.o)
 i.Gatt_Server_Db_Check
                0x00000000100450f4       0x38 ../../sumer-library/Bluetooth_LE/library/libbluenrg1_stack.a(gatt_server.o)
                0x00000000100450f4                Gatt_Server_Db_Check
 i.Gatt_Server_Init
                0x000000001004512c      0x194 ../../sumer-library/Bluetooth_LE/library/libbluenrg1_stack.a(gatt_server.o)
                0x000000001004512c                Gatt_Server_Init
 i.Gatt_Server_L2C_Handler
                0x00000000100452c0      0x21c ../../sumer-library/Bluetooth_LE/library/libbluenrg1_stack.a(gatt_server.o)
                0x00000000100452c0                Gatt_Server_L2C_Handler
 i.Gatt_Server_L2C_Handler_ISR
                0x00000000100454dc       0x4c ../../sumer-library/Bluetooth_LE/library/libbluenrg1_stack.a(gatt_server.o)
                0x00000000100454dc                Gatt_Server_L2C_Handler_ISR
 i.Gatt_Store_Server_Database_And_Reset_CCCD
                0x0000000010045528      0x170 ../../sumer-library/Bluetooth_LE/library/libbluenrg1_stack.a(gatt_server.o)
 i.Gatt_Update_Charac_Value
                0x0000000010045698       0x68 ../../sumer-library/Bluetooth_LE/library/libbluenrg1_stack.a(gatt_server.o)
                0x0000000010045698                Gatt_Update_Charac_Value
 i.Gatt_Update_Charac_Value_Ext
                0x0000000010045700      0x390 ../../sumer-library/Bluetooth_LE/library/libbluenrg1_stack.a(gatt_server.o)
                0x0000000010045700                Gatt_Update_Charac_Value_Ext
 i.Gatt_fetch_handle
                0x0000000010045a90       0x3c ../../sumer-library/Bluetooth_LE/library/libbluenrg1_stack.a(gatt_server.o)
                0x0000000010045a90                Gatt_fetch_handle
 i.Gatt_search_handle
                0x0000000010045acc       0x1e ../../sumer-library/Bluetooth_LE/library/libbluenrg1_stack.a(gatt_server.o)
                0x0000000010045acc                Gatt_search_handle
 *fill*         0x0000000010045aea        0x2 
 i.Gatt_search_service_handle
                0x0000000010045aec       0x30 ../../sumer-library/Bluetooth_LE/library/libbluenrg1_stack.a(gatt_server.o)
                0x0000000010045aec                Gatt_search_service_handle
 i.Ind_Service_Change_Charac
                0x0000000010045b1c       0x48 ../../sumer-library/Bluetooth_LE/library/libbluenrg1_stack.a(gatt_server.o)
                0x0000000010045b1c                Ind_Service_Change_Charac
 i.Pm_Resize_Host_Acl_Pckt
                0x0000000010045b64        0xe ../../sumer-library/Bluetooth_LE/library/libbluenrg1_stack.a(gatt_server.o)
 *fill*         0x0000000010045b72        0x2 
 i.Process_Peer_Client_Data
                0x0000000010045b74      0x1f8 ../../sumer-library/Bluetooth_LE/library/libbluenrg1_stack.a(gatt_server.o)
                0x0000000010045b74                Process_Peer_Client_Data
 i.Process_Peer_Server_Data
                0x0000000010045d6c      0x16c ../../sumer-library/Bluetooth_LE/library/libbluenrg1_stack.a(gatt_server.o)
                0x0000000010045d6c                Process_Peer_Server_Data
 i.Select_Next_Notification_Client
                0x0000000010045ed8       0x50 ../../sumer-library/Bluetooth_LE/library/libbluenrg1_stack.a(gatt_server.o)
                0x0000000010045ed8                Select_Next_Notification_Client
 i.Send_Notif_Or_Ind
                0x0000000010045f28       0x4c ../../sumer-library/Bluetooth_LE/library/libbluenrg1_stack.a(gatt_server.o)
                0x0000000010045f28                Send_Notif_Or_Ind
 i.aci_gatt_indication_event_push
                0x0000000010045f74       0x90 ../../sumer-library/Bluetooth_LE/library/libbluenrg1_stack.a(gatt_server.o)
 i.aci_gatt_notification_event_push
                0x0000000010046004       0x90 ../../sumer-library/Bluetooth_LE/library/libbluenrg1_stack.a(gatt_server.o)
 i.aci_hal_fw_error_event_push
                0x0000000010046094       0x5c ../../sumer-library/Bluetooth_LE/library/libbluenrg1_stack.a(gatt_server.o)
 i.store_data   0x00000000100460f0       0x1e ../../sumer-library/Bluetooth_LE/library/libbluenrg1_stack.a(gatt_server.o)
                0x00000000100460f0                store_data
 i.__ARM_common_switch8
                0x000000001004610e       0x1a ../../sumer-library/Bluetooth_LE/library/libbluenrg1_stack.a(gatt_server.o)
                0x000000001004610e                __ARM_common_switch8
 i.HAL_Flash_Store_Data
                0x0000000010046128       0x54 ../../sumer-library/Bluetooth_LE/library/libbluenrg1_stack.a(hal.o)
                0x0000000010046128                HAL_Flash_Store_Data
 i.HAL_Generate_Random_Bytes_To
                0x000000001004617c       0x20 ../../sumer-library/Bluetooth_LE/library/libbluenrg1_stack.a(hal.o)
                0x000000001004617c                HAL_Generate_Random_Bytes_To
 i.HAL_Set_TX_Power_Level
                0x000000001004619c       0x44 ../../sumer-library/Bluetooth_LE/library/libbluenrg1_stack.a(hal.o)
                0x000000001004619c                HAL_Set_TX_Power_Level
 i.HAL_Write_ConfigData
                0x00000000100461e0      0x148 ../../sumer-library/Bluetooth_LE/library/libbluenrg1_stack.a(hal.o)
                0x00000000100461e0                HAL_Write_ConfigData
 i.Hal_Get_Random_Number
                0x0000000010046328       0x3a ../../sumer-library/Bluetooth_LE/library/libbluenrg1_stack.a(hal.o)
                0x0000000010046328                Hal_Get_Random_Number
 i.Hal_Get_Random_Number32
                0x0000000010046362       0x12 ../../sumer-library/Bluetooth_LE/library/libbluenrg1_stack.a(hal.o)
                0x0000000010046362                Hal_Get_Random_Number32
 i.ble_HAL_Init
                0x0000000010046374       0x1c ../../sumer-library/Bluetooth_LE/library/libbluenrg1_stack.a(hal.o)
                0x0000000010046374                ble_HAL_Init
 i.char_copy    0x0000000010046390       0x12 ../../sumer-library/Bluetooth_LE/library/libbluenrg1_stack.a(hal.o)
                0x0000000010046390                char_copy
 *fill*         0x00000000100463a2        0x2 
 i.hal_radio_activity_state_callback_check
                0x00000000100463a4       0x34 ../../sumer-library/Bluetooth_LE/library/libbluenrg1_stack.a(hal.o)
                0x00000000100463a4                hal_radio_activity_state_callback_check
 i.hal_radio_activity_state_init
                0x00000000100463d8       0x1c ../../sumer-library/Bluetooth_LE/library/libbluenrg1_stack.a(hal.o)
                0x00000000100463d8                hal_radio_activity_state_init
 i.hal_read_radio_activity_state
                0x00000000100463f4       0x40 ../../sumer-library/Bluetooth_LE/library/libbluenrg1_stack.a(hal.o)
                0x00000000100463f4                hal_read_radio_activity_state
 i.set_string   0x0000000010046434       0x10 ../../sumer-library/Bluetooth_LE/library/libbluenrg1_stack.a(hal.o)
                0x0000000010046434                set_string
 i.Controller_Process_Q
                0x0000000010046444       0x20 ../../sumer-library/Bluetooth_LE/library/libbluenrg1_stack.a(hci.o)
                0x0000000010046444                Controller_Process_Q
 i.HCI_Init     0x0000000010046464       0x6c ../../sumer-library/Bluetooth_LE/library/libbluenrg1_stack.a(hci.o)
                0x0000000010046464                HCI_Init
 i.PKA_Offline_Processing
                0x00000000100464d0      0x164 ../../sumer-library/Bluetooth_LE/library/libbluenrg1_stack.a(hci.o)
                0x00000000100464d0                PKA_Offline_Processing
 i.hci_le_encrypt
                0x0000000010046634        0xa ../../sumer-library/Bluetooth_LE/library/libbluenrg1_stack.a(hci.o)
                0x0000000010046634                hci_le_encrypt
 *fill*         0x000000001004663e        0x2 
 i.hci_le_generate_dhkey_api
                0x0000000010046640       0x7c ../../sumer-library/Bluetooth_LE/library/libbluenrg1_stack.a(hci.o)
                0x0000000010046640                hci_le_generate_dhkey_api
 i.hci_le_long_term_key_request_reply
                0x00000000100466bc        0xe ../../sumer-library/Bluetooth_LE/library/libbluenrg1_stack.a(hci.o)
                0x00000000100466bc                hci_le_long_term_key_request_reply
 i.hci_le_long_term_key_requested_negative_reply
                0x00000000100466ca        0xe ../../sumer-library/Bluetooth_LE/library/libbluenrg1_stack.a(hci.o)
                0x00000000100466ca                hci_le_long_term_key_requested_negative_reply
 i.hci_le_read_local_p256_public_key_api
                0x00000000100466d8       0x3c ../../sumer-library/Bluetooth_LE/library/libbluenrg1_stack.a(hci.o)
                0x00000000100466d8                hci_le_read_local_p256_public_key_api
 i.hci_le_set_event_mask
                0x0000000010046714       0x40 ../../sumer-library/Bluetooth_LE/library/libbluenrg1_stack.a(hci.o)
                0x0000000010046714                hci_le_set_event_mask
 i.hci_le_set_scan_response_data
                0x0000000010046754       0x16 ../../sumer-library/Bluetooth_LE/library/libbluenrg1_stack.a(hci.o)
                0x0000000010046754                hci_le_set_scan_response_data
 *fill*         0x000000001004676a        0x2 
 i.hci_rx_acl_data
                0x000000001004676c       0x6c ../../sumer-library/Bluetooth_LE/library/libbluenrg1_stack.a(hci.o)
                0x000000001004676c                hci_rx_acl_data
 i.hci_tx_acl_data_done
                0x00000000100467d8       0x44 ../../sumer-library/Bluetooth_LE/library/libbluenrg1_stack.a(hci.o)
                0x00000000100467d8                hci_tx_acl_data_done
 i.HAL_VTimerAcc_sysT32_ms
                0x000000001004681c       0x24 ../../sumer-library/Bluetooth_LE/library/libbluenrg1_stack.a(host_timer.o)
                0x000000001004681c                HAL_VTimerAcc_sysT32_ms
 i.HAL_VTimerGetCurrentTime_sysT32
                0x0000000010046840       0x12 ../../sumer-library/Bluetooth_LE/library/libbluenrg1_stack.a(host_timer.o)
                0x0000000010046840                HAL_VTimerGetCurrentTime_sysT32
 i.HAL_VTimerTimeoutCallback
                0x0000000010046852        0x2 ../../sumer-library/Bluetooth_LE/library/libbluenrg1_stack.a(host_timer.o)
                0x0000000010046852                HAL_VTimerTimeoutCallback
 i.Set_Host_Timer_value
                0x0000000010046854       0x50 ../../sumer-library/Bluetooth_LE/library/libbluenrg1_stack.a(host_timer.o)
                0x0000000010046854                Set_Host_Timer_value
 i.TimerCallback
                0x00000000100468a4       0x7c ../../sumer-library/Bluetooth_LE/library/libbluenrg1_stack.a(host_timer.o)
 i.Timer_ExpiryCallback
                0x0000000010046920       0x14 ../../sumer-library/Bluetooth_LE/library/libbluenrg1_stack.a(host_timer.o)
                0x0000000010046920                Timer_ExpiryCallback
 i.Timer_Init   0x0000000010046934       0x34 ../../sumer-library/Bluetooth_LE/library/libbluenrg1_stack.a(host_timer.o)
                0x0000000010046934                Timer_Init
 i.Timer_ProcessQ
                0x0000000010046968      0x11c ../../sumer-library/Bluetooth_LE/library/libbluenrg1_stack.a(host_timer.o)
                0x0000000010046968                Timer_ProcessQ
 i.Timer_StartOneShot
                0x0000000010046a84       0x22 ../../sumer-library/Bluetooth_LE/library/libbluenrg1_stack.a(host_timer.o)
                0x0000000010046a84                Timer_StartOneShot
 *fill*         0x0000000010046aa6        0x2 
 i.Timer_StartOneShot_sysTime32
                0x0000000010046aa8       0x74 ../../sumer-library/Bluetooth_LE/library/libbluenrg1_stack.a(host_timer.o)
                0x0000000010046aa8                Timer_StartOneShot_sysTime32
 i.Timer_StopOneShot
                0x0000000010046b1c       0x58 ../../sumer-library/Bluetooth_LE/library/libbluenrg1_stack.a(host_timer.o)
                0x0000000010046b1c                Timer_StopOneShot
 i.Timer_sysTime32_convMachineTime
                0x0000000010046b74       0x24 ../../sumer-library/Bluetooth_LE/library/libbluenrg1_stack.a(host_timer.o)
                0x0000000010046b74                Timer_sysTime32_convMachineTime
 i.L2C_Build_Command_Reject_Pdu
                0x0000000010046b98       0x7c ../../sumer-library/Bluetooth_LE/library/libbluenrg1_stack.a(l2cap.o)
                0x0000000010046b98                L2C_Build_Command_Reject_Pdu
 i.L2C_Connection_Complete_Handler
                0x0000000010046c14       0x4a ../../sumer-library/Bluetooth_LE/library/libbluenrg1_stack.a(l2cap.o)
                0x0000000010046c14                L2C_Connection_Complete_Handler
 i.L2C_Connection_Complete_Signal_Handler
                0x0000000010046c5e       0x2a ../../sumer-library/Bluetooth_LE/library/libbluenrg1_stack.a(l2cap.o)
                0x0000000010046c5e                L2C_Connection_Complete_Signal_Handler
 i.L2C_Get_Connection_Info
                0x0000000010046c88       0x34 ../../sumer-library/Bluetooth_LE/library/libbluenrg1_stack.a(l2cap.o)
 i.L2C_Get_Connection_Info_Index
                0x0000000010046cbc       0x30 ../../sumer-library/Bluetooth_LE/library/libbluenrg1_stack.a(l2cap.o)
 i.L2C_Get_PDU_Len
                0x0000000010046cec        0xe ../../sumer-library/Bluetooth_LE/library/libbluenrg1_stack.a(l2cap.o)
                0x0000000010046cec                L2C_Get_PDU_Len
 *fill*         0x0000000010046cfa        0x2 
 i.L2C_Init     0x0000000010046cfc       0x58 ../../sumer-library/Bluetooth_LE/library/libbluenrg1_stack.a(l2cap.o)
                0x0000000010046cfc                L2C_Init
 i.L2C_Mux_Acl_Packet
                0x0000000010046d54       0x58 ../../sumer-library/Bluetooth_LE/library/libbluenrg1_stack.a(l2cap.o)
 i.L2C_Rcv_Data
                0x0000000010046dac       0xcc ../../sumer-library/Bluetooth_LE/library/libbluenrg1_stack.a(l2cap.o)
 i.L2C_Rcv_Event_Handler
                0x0000000010046e78       0x1e ../../sumer-library/Bluetooth_LE/library/libbluenrg1_stack.a(l2cap.o)
                0x0000000010046e78                L2C_Rcv_Event_Handler
 i.L2C_Rcv_Event_Handler_ISR
                0x0000000010046e96       0x54 ../../sumer-library/Bluetooth_LE/library/libbluenrg1_stack.a(l2cap.o)
                0x0000000010046e96                L2C_Rcv_Event_Handler_ISR
 *fill*         0x0000000010046eea        0x2 
 i.L2C_Reset_To_Closed_State
                0x0000000010046eec       0x7c ../../sumer-library/Bluetooth_LE/library/libbluenrg1_stack.a(l2cap.o)
 i.L2C_Send_Data
                0x0000000010046f68       0x4c ../../sumer-library/Bluetooth_LE/library/libbluenrg1_stack.a(l2cap.o)
                0x0000000010046f68                L2C_Send_Data
 i.L2C_SigChan_Req_TimeOut_Handler
                0x0000000010046fb4       0x60 ../../sumer-library/Bluetooth_LE/library/libbluenrg1_stack.a(l2cap.o)
                0x0000000010046fb4                L2C_SigChan_Req_TimeOut_Handler
 i.L2C_Signal_Channel_Handler
                0x0000000010047014      0x1b0 ../../sumer-library/Bluetooth_LE/library/libbluenrg1_stack.a(l2cap.o)
                0x0000000010047014                L2C_Signal_Channel_Handler
 i.L2C_Signal_Channel_Handler_ISR
                0x00000000100471c4       0x24 ../../sumer-library/Bluetooth_LE/library/libbluenrg1_stack.a(l2cap.o)
                0x00000000100471c4                L2C_Signal_Channel_Handler_ISR
 i.L2C_discard_accumulated_acl_data
                0x00000000100471e8       0x5c ../../sumer-library/Bluetooth_LE/library/libbluenrg1_stack.a(l2cap.o)
 i.aci_l2cap_connection_update_req_event_push
                0x0000000010047244       0x98 ../../sumer-library/Bluetooth_LE/library/libbluenrg1_stack.a(l2cap.o)
 i.Data_Length_Update_Control_ISR
                0x00000000100472dc      0x12c ../../sumer-library/Bluetooth_LE/library/libbluenrg1_stack.a(ll_isr.o)
                0x00000000100472dc                Data_Length_Update_Control_ISR
 i.RAL_Isr      0x0000000010047408      0x21c ../../sumer-library/Bluetooth_LE/library/libbluenrg1_stack.a(ll_isr.o)
                0x0000000010047408                RAL_Isr
 i.copy_4_u32   0x0000000010047624       0x12 ../../sumer-library/Bluetooth_LE/library/libbluenrg1_stack.a(ll_isr.o)
                0x0000000010047624                copy_4_u32
 *fill*         0x0000000010047636        0x2 
 i.copy_tx_data_packet
                0x0000000010047638       0x84 ../../sumer-library/Bluetooth_LE/library/libbluenrg1_stack.a(ll_isr.o)
                0x0000000010047638                copy_tx_data_packet
 i.encrypt      0x00000000100476bc       0x74 ../../sumer-library/Bluetooth_LE/library/libbluenrg1_stack.a(ll_isr.o)
                0x00000000100476bc                encrypt
 i.full_state_func_call_init
                0x0000000010047730       0x18 ../../sumer-library/Bluetooth_LE/library/libbluenrg1_stack.a(ll_isr.o)
                0x0000000010047730                full_state_func_call_init
 i.isr_advertise_state
                0x0000000010047748      0x3d0 ../../sumer-library/Bluetooth_LE/library/libbluenrg1_stack.a(ll_isr.o)
 i.isr_connect_master_state
                0x0000000010047b18      0x6dc ../../sumer-library/Bluetooth_LE/library/libbluenrg1_stack.a(ll_isr.o)
 i.isr_connect_slave_state
                0x00000000100481f4      0x7e8 ../../sumer-library/Bluetooth_LE/library/libbluenrg1_stack.a(ll_isr.o)
 i.isr_scan_state
                0x00000000100489dc      0x734 ../../sumer-library/Bluetooth_LE/library/libbluenrg1_stack.a(ll_isr.o)
 i.isr_test_rx_state
                0x0000000010049110       0x38 ../../sumer-library/Bluetooth_LE/library/libbluenrg1_stack.a(ll_isr.o)
 i.isr_test_tx_state
                0x0000000010049148       0x68 ../../sumer-library/Bluetooth_LE/library/libbluenrg1_stack.a(ll_isr.o)
 i.isr_unknown_state
                0x00000000100491b0       0x2c ../../sumer-library/Bluetooth_LE/library/libbluenrg1_stack.a(ll_isr.o)
 i.__ARM_common_memcpy1_6
                0x00000000100491dc       0x1a ../../sumer-library/Bluetooth_LE/library/libbluenrg1_stack.a(ll_isr.o)
                0x00000000100491dc                __ARM_common_memcpy1_6
 *fill*         0x00000000100491f6        0x2 
 i.LL_LE_Clear_White_List
                0x00000000100491f8       0x28 ../../sumer-library/Bluetooth_LE/library/libbluenrg1_stack.a(ll_privacy.o)
                0x00000000100491f8                LL_LE_Clear_White_List
 i.LL_LE_Set_Address_Resolution_Enable
                0x0000000010049220       0x20 ../../sumer-library/Bluetooth_LE/library/libbluenrg1_stack.a(ll_privacy.o)
                0x0000000010049220                LL_LE_Set_Address_Resolution_Enable
 i.LL_LE_Set_Resolvable_Private_Address_Timeout
                0x0000000010049240       0x24 ../../sumer-library/Bluetooth_LE/library/libbluenrg1_stack.a(ll_privacy.o)
                0x0000000010049240                LL_LE_Set_Resolvable_Private_Address_Timeout
 i.LL_priv_add_to_ConnIDList
                0x0000000010049264       0x20 ../../sumer-library/Bluetooth_LE/library/libbluenrg1_stack.a(ll_privacy.o)
                0x0000000010049264                LL_priv_add_to_ConnIDList
 i.LL_priv_remove_from_ConnIDList
                0x0000000010049284       0x18 ../../sumer-library/Bluetooth_LE/library/libbluenrg1_stack.a(ll_privacy.o)
                0x0000000010049284                LL_priv_remove_from_ConnIDList
 i.LL_priv_test_address_in_ConnIDList
                0x000000001004929c       0x16 ../../sumer-library/Bluetooth_LE/library/libbluenrg1_stack.a(ll_privacy.o)
                0x000000001004929c                LL_priv_test_address_in_ConnIDList
 *fill*         0x00000000100492b2        0x2 
 i.PRIVWHIT_u8AddAddrInList
                0x00000000100492b4      0x21c ../../sumer-library/Bluetooth_LE/library/libbluenrg1_stack.a(ll_privacy.o)
                0x00000000100492b4                PRIVWHIT_u8AddAddrInList
 i.PRIVWHIT_u8RemoveAddrInList
                0x00000000100494d0      0x158 ../../sumer-library/Bluetooth_LE/library/libbluenrg1_stack.a(ll_privacy.o)
                0x00000000100494d0                PRIVWHIT_u8RemoveAddrInList
 i.PRIVWHIT_u8SearchAddrInList
                0x0000000010049628       0xa0 ../../sumer-library/Bluetooth_LE/library/libbluenrg1_stack.a(ll_privacy.o)
                0x0000000010049628                PRIVWHIT_u8SearchAddrInList
 i.PRIVWHIT_vInit_Struct
                0x00000000100496c8       0xd4 ../../sumer-library/Bluetooth_LE/library/libbluenrg1_stack.a(ll_privacy.o)
                0x00000000100496c8                PRIVWHIT_vInit_Struct
 i.PRIV_SearchAddrInEachList
                0x000000001004979c       0xa0 ../../sumer-library/Bluetooth_LE/library/libbluenrg1_stack.a(ll_privacy.o)
 i.PRIV_SearchAddrInWhiteList
                0x000000001004983c       0x18 ../../sumer-library/Bluetooth_LE/library/libbluenrg1_stack.a(ll_privacy.o)
                0x000000001004983c                PRIV_SearchAddrInWhiteList
 i.PRIV_u32ProcessAdvPacket
                0x0000000010049854      0x614 ../../sumer-library/Bluetooth_LE/library/libbluenrg1_stack.a(ll_privacy.o)
                0x0000000010049854                PRIV_u32ProcessAdvPacket
 i.PRIV_u8OfflineProcessing
                0x0000000010049e68      0x118 ../../sumer-library/Bluetooth_LE/library/libbluenrg1_stack.a(ll_privacy.o)
                0x0000000010049e68                PRIV_u8OfflineProcessing
 i.PRIV_u8ResolvePrivateAddress
                0x0000000010049f80      0x130 ../../sumer-library/Bluetooth_LE/library/libbluenrg1_stack.a(ll_privacy.o)
                0x0000000010049f80                PRIV_u8ResolvePrivateAddress
 i.PRIV_u8ResolvePrivateAddressUnit
                0x000000001004a0b0       0x34 ../../sumer-library/Bluetooth_LE/library/libbluenrg1_stack.a(ll_privacy.o)
                0x000000001004a0b0                PRIV_u8ResolvePrivateAddressUnit
 i.PRIV_vGeneratePrivateAddress
                0x000000001004a0e4       0x62 ../../sumer-library/Bluetooth_LE/library/libbluenrg1_stack.a(ll_privacy.o)
                0x000000001004a0e4                PRIV_vGeneratePrivateAddress
 *fill*         0x000000001004a146        0x2 
 i.PRIV_vGenerate_hci_le_direct_advertising_report_event
                0x000000001004a148      0x180 ../../sumer-library/Bluetooth_LE/library/libbluenrg1_stack.a(ll_privacy.o)
                0x000000001004a148                PRIV_vGenerate_hci_le_direct_advertising_report_event
 i.PRIV_vGenerate_hci_le_enhanced_connection_complete_event
                0x000000001004a2c8      0x208 ../../sumer-library/Bluetooth_LE/library/libbluenrg1_stack.a(ll_privacy.o)
                0x000000001004a2c8                PRIV_vGenerate_hci_le_enhanced_connection_complete_event
 i.hci_le_direct_advertising_report_event_push
                0x000000001004a4d0       0x8c ../../sumer-library/Bluetooth_LE/library/libbluenrg1_stack.a(ll_privacy.o)
 i.scan_connection_or_advertiser
                0x000000001004a55c       0x1a ../../sumer-library/Bluetooth_LE/library/libbluenrg1_stack.a(ll_privacy.o)
 *fill*         0x000000001004a576        0x2 
 i.Data_Len_Update_Offline_Processing
                0x000000001004a578       0x58 ../../sumer-library/Bluetooth_LE/library/libbluenrg1_stack.a(ll_routines.o)
                0x000000001004a578                Data_Len_Update_Offline_Processing
 i.Disconnection_Offline_Processing
                0x000000001004a5d0       0x48 ../../sumer-library/Bluetooth_LE/library/libbluenrg1_stack.a(ll_routines.o)
                0x000000001004a5d0                Disconnection_Offline_Processing
 i.LL_Data_Length_Change_Event
                0x000000001004a618       0x52 ../../sumer-library/Bluetooth_LE/library/libbluenrg1_stack.a(ll_routines.o)
                0x000000001004a618                LL_Data_Length_Change_Event
 i.LL_Data_Length_Update
                0x000000001004a66a       0x60 ../../sumer-library/Bluetooth_LE/library/libbluenrg1_stack.a(ll_routines.o)
                0x000000001004a66a                LL_Data_Length_Update
 *fill*         0x000000001004a6ca        0x2 
 i.LL_Send_Disconnection_Req
                0x000000001004a6cc       0xa4 ../../sumer-library/Bluetooth_LE/library/libbluenrg1_stack.a(ll_routines.o)
                0x000000001004a6cc                LL_Send_Disconnection_Req
 i.LL_Send_Length_Req
                0x000000001004a770       0xd0 ../../sumer-library/Bluetooth_LE/library/libbluenrg1_stack.a(ll_routines.o)
 i.LL_Send_Length_Resp
                0x000000001004a840       0xb4 ../../sumer-library/Bluetooth_LE/library/libbluenrg1_stack.a(ll_routines.o)
                0x000000001004a840                LL_Send_Length_Resp
 i.LL_Set_Data_Length
                0x000000001004a8f4       0xc0 ../../sumer-library/Bluetooth_LE/library/libbluenrg1_stack.a(ll_routines.o)
                0x000000001004a8f4                LL_Set_Data_Length
 i.MIN_U16      0x000000001004a9b4        0x8 ../../sumer-library/Bluetooth_LE/library/libbluenrg1_stack.a(ll_routines.o)
 i.ll_write_supported_data
                0x000000001004a9bc       0x78 ../../sumer-library/Bluetooth_LE/library/libbluenrg1_stack.a(ll_routines.o)
                0x000000001004a9bc                ll_write_supported_data
 i.read_rssi    0x000000001004aa34       0x7c ../../sumer-library/Bluetooth_LE/library/libbluenrg1_stack.a(ll_routines.o)
                0x000000001004aa34                read_rssi
 i.LL_Enable_Disable_Scan
                0x000000001004aab0      0x26c ../../sumer-library/Bluetooth_LE/library/libbluenrg1_stack.a(ll_routines_master.o)
                0x000000001004aab0                LL_Enable_Disable_Scan
 i.hci_encryption_change_event_push
                0x000000001004ad1c       0x5c ../../sumer-library/Bluetooth_LE/library/libbluenrg1_stack.a(ll_routines_master.o)
 i.hci_encryption_key_refresh_complete_event_push
                0x000000001004ad78       0x58 ../../sumer-library/Bluetooth_LE/library/libbluenrg1_stack.a(ll_routines_master.o)
 i.hci_le_advertising_report_event_push
                0x000000001004add0       0x94 ../../sumer-library/Bluetooth_LE/library/libbluenrg1_stack.a(ll_routines_master.o)
 i.hci_le_connection_complete_event_push
                0x000000001004ae64       0x88 ../../sumer-library/Bluetooth_LE/library/libbluenrg1_stack.a(ll_routines_master.o)
 i.hci_le_connection_update_complete_event_push
                0x000000001004aeec       0x6c ../../sumer-library/Bluetooth_LE/library/libbluenrg1_stack.a(ll_routines_master.o)
 i.int32ToLe4Byte
                0x000000001004af58       0x10 ../../sumer-library/Bluetooth_LE/library/libbluenrg1_stack.a(ll_routines_master.o)
 i.isr_event_handler
                0x000000001004af68      0x660 ../../sumer-library/Bluetooth_LE/library/libbluenrg1_stack.a(ll_routines_master.o)
                0x000000001004af68                isr_event_handler
 i.isr_event_handler_scan_data