Archive member included to satisfy reference by file (symbol)

../../../../../../Library/Bluetooth_LE/library/libbluenrg1_stack.a(bluenrg_gap_aci.o)
                              User/BLE_Beacon_main.o (aci_gap_init)
../../../../../../Library/Bluetooth_LE/library/libbluenrg1_stack.a(bluenrg_gatt_aci.o)
                              OTA/OTA_btl.o (aci_gatt_add_char)
../../../../../../Library/Bluetooth_LE/library/libbluenrg1_stack.a(bluenrg_hal_aci.o)
                              User/BLE_Beacon_main.o (aci_hal_set_tx_power_level)
../../../../../../Library/Bluetooth_LE/library/libbluenrg1_stack.a(bluenrg_main_func.o)
                              User/BLE_Beacon_main.o (BTLE_StackTick)
../../../../../../Library/Bluetooth_LE/library/libbluenrg1_stack.a(gap.o)
                              ../../../../../../Library/Bluetooth_LE/library/libbluenrg1_stack.a(bluenrg_gap_aci.o) (GAP_Create_Connection)
../../../../../../Library/Bluetooth_LE/library/libbluenrg1_stack.a(gatt_client.o)
                              ../../../../../../Library/Bluetooth_LE/library/libbluenrg1_stack.a(bluenrg_gatt_aci.o) (Gatt_Confirm_Indication)
../../../../../../Library/Bluetooth_LE/library/libbluenrg1_stack.a(gatt_server.o)
                              ../../../../../../Library/Bluetooth_LE/library/libbluenrg1_stack.a(gatt_client.o) (GATT_Send_Packet)
../../../../../../Library/Bluetooth_LE/library/libbluenrg1_stack.a(hal.o)
                              ../../../../../../Library/Bluetooth_LE/library/libbluenrg1_stack.a(bluenrg_hal_aci.o) (HAL_Read_ConfigData)
../../../../../../Library/Bluetooth_LE/library/libbluenrg1_stack.a(hci.o)
                              ../../../../../../Library/Bluetooth_LE/library/libbluenrg1_stack.a(bluenrg_main_func.o) (Controller_Process_Q)
../../../../../../Library/Bluetooth_LE/library/libbluenrg1_stack.a(host_timer.o)
                              OTA/OTA_btl.o (HAL_VTimerDiff_ms_sysT32)
../../../../../../Library/Bluetooth_LE/library/libbluenrg1_stack.a(l2cap.o)
                              ../../../../../../Library/Bluetooth_LE/library/libbluenrg1_stack.a(bluenrg_main_func.o) (L2C_Init)
../../../../../../Library/Bluetooth_LE/library/libbluenrg1_stack.a(ll_isr.o)
                              User/BlueNRG1_it.o (RAL_Isr)
../../../../../../Library/Bluetooth_LE/library/libbluenrg1_stack.a(ll_privacy.o)
                              ../../../../../../Library/Bluetooth_LE/library/libbluenrg1_stack.a(hci.o) (LL_LE_Add_Device_To_White_List)
../../../../../../Library/Bluetooth_LE/library/libbluenrg1_stack.a(ll_routines.o)
                              ../../../../../../Library/Bluetooth_LE/library/libbluenrg1_stack.a(hci.o) (Disconnection_Offline_Processing)
../../../../../../Library/Bluetooth_LE/library/libbluenrg1_stack.a(ll_routines_master.o)
                              ../../../../../../Library/Bluetooth_LE/library/libbluenrg1_stack.a(gap.o) (LL_Create_Connection)
../../../../../../Library/Bluetooth_LE/library/libbluenrg1_stack.a(ll_routines_support.o)
                              ../../../../../../Library/Bluetooth_LE/library/libbluenrg1_stack.a(ll_privacy.o) (LL_Encrypt_Plain_Data)
../../../../../../Library/Bluetooth_LE/library/libbluenrg1_stack.a(mem_alloc.o)
                              ../../../../../../Library/Bluetooth_LE/library/libbluenrg1_stack.a(bluenrg_main_func.o) (_BlueNRG_Stack_Init_params)
../../../../../../Library/Bluetooth_LE/library/libbluenrg1_stack.a(mem_buff.o)
                              ../../../../../../Library/Bluetooth_LE/library/libbluenrg1_stack.a(l2cap.o) (Mem_Buff_Append)
../../../../../../Library/Bluetooth_LE/library/libbluenrg1_stack.a(multi_master_time.o)
                              ../../../../../../Library/Bluetooth_LE/library/libbluenrg1_stack.a(hci.o) (LL_Get_Anchor_Interval)
../../../../../../Library/Bluetooth_LE/library/libbluenrg1_stack.a(nvm.o)
                              ../../../../../../Library/Bluetooth_LE/library/libbluenrg1_stack.a(ll_isr.o) (Is_Flash_Write_On_Going)
../../../../../../Library/Bluetooth_LE/library/libbluenrg1_stack.a(pka.o)
                              ../../../../../../Library/Bluetooth_LE/library/libbluenrg1_stack.a(hci.o) (BLEPLAT_PKA_Get_Current_Operation)
../../../../../../Library/Bluetooth_LE/library/libbluenrg1_stack.a(pm.o)
                              ../../../../../../Library/Bluetooth_LE/library/libbluenrg1_stack.a(l2cap.o) (PM_Compact)
../../../../../../Library/Bluetooth_LE/library/libbluenrg1_stack.a(rom_att.o)
                              ../../../../../../Library/Bluetooth_LE/library/libbluenrg1_stack.a(gatt_client.o) (ATT_fill_exchg_mtu_req)
../../../../../../Library/Bluetooth_LE/library/libbluenrg1_stack.a(rom_gap.o)
                              ../../../../../../Library/Bluetooth_LE/library/libbluenrg1_stack.a(gap.o) (GAP_Add_To_WhiteList)
../../../../../../Library/Bluetooth_LE/library/libbluenrg1_stack.a(rom_gap_rom.o)
[...]
Memory Configuration

Name             Origin             Length             Attributes
REGION_RAM       0x0000000020000000 0x0000000000006000 xrw
REGION_FLASH_BOOTLOADER 0x0000000010040000 0x0000000000011800 xr
REGION_FLASH     0x0000000010051800 0x000000000002d800 xr
REGION_NVM       0x000000001007f000 0x0000000000001000 xr
REGION_ROM       0x0000000010000000 0x0000000000000800 xr
*default*        0x0000000000000000 0xffffffffffffffff

Linker script and memory map

                0x0000000000000001                ST_USE_OTA_SERVICE_MANAGER_APPLICATION = 0x1
START GROUP
LOAD HAL/clock.o
LOAD HAL/context_switch.o
LOAD HAL/miscutil.o
LOAD HAL/osal.o
LOAD HAL/sleep.o
LOAD Library/BlueNRG1_adc.o
LOAD Library/BlueNRG1_dma.o
LOAD Library/BlueNRG1_flash.o
LOAD Library/BlueNRG1_gpio.o
LOAD Library/BlueNRG1_i2c.o
LOAD Library/BlueNRG1_mft.o
LOAD Library/BlueNRG1_pka.o
LOAD Library/BlueNRG1_rtc.o
LOAD Library/BlueNRG1_spi.o
LOAD Library/BlueNRG1_sysCtrl.o
LOAD Library/BlueNRG1_uart.o
LOAD Library/BlueNRG1_wdg.o
LOAD Library/misc.o
LOAD OTA/OTA_btl.o
LOAD Platform_Layers/SDK_EVAL_Button.o
LOAD Platform_Layers/SDK_EVAL_Com.o
LOAD Platform_Layers/SDK_EVAL_Config.o
LOAD Platform_Layers/SDK_EVAL_Led.o
LOAD Stack/stack_user_cfg.o
LOAD Startup/system_BlueNRG1.o
LOAD User/BLE_Beacon_main.o
LOAD User/BlueNRG1_it.o
LOAD ../../../../../../Library/Bluetooth_LE/library/libbluenrg1_stack.a
LOAD ../../../../../../Library/cryptolib/libcrypto.a
LOAD /Applications/WiSE-Studio.app/Contents/MacOS/tools/gcc-arm-none-eabi-9-2019-q4-major/bin/../lib/gcc/arm-none-eabi/9.2.1/../../../../arm-none-eabi/lib/thumb/v6-m/nofp/libm.a
LOAD /Applications/WiSE-Studio.app/Contents/MacOS/tools/gcc-arm-none-eabi-9-2019-q4-major/bin/../lib/gcc/arm-none-eabi/9.2.1/../../../../arm-none-eabi/lib/thumb/v6-m/nofp/libc_nano.a
END GROUP
                0x0000000020000000                _MEMORY_RAM_BEGIN_ = 0x20000000
                0x0000000000006000                _MEMORY_RAM_SIZE_ = 0x6000
                0x0000000020005fff                _MEMORY_RAM_END_ = 0x20005fff
                0x0000000010040000                _MEMORY_FLASH_BEGIN_ = 0x10040000
                0x0000000000040000                _MEMORY_FLASH_SIZE_ = 0x40000
                0x000000001007ffff                _MEMORY_FLASH_END_ = 0x1007ffff
                0x0000000010000000                _MEMORY_ROM_BEGIN_ = 0x10000000
                0x0000000000000800                _MEMORY_ROM_SIZE_ = 0x800
                0x00000000100007ff                _MEMORY_ROM_END_ = 0x100007ff
                0x0000000000001000                FLASH_NVM_DATASIZE = 0x1000
                0x0000000000011800                MEMORY_FLASH_APP_OFFSET = DEFINED (MEMORY_FLASH_APP_OFFSET)?MEMORY_FLASH_APP_OFFSET:0x0
                0x000000000002d800                MEMORY_FLASH_APP_SIZE = DEFINED (MEMORY_FLASH_APP_SIZE)?MEMORY_FLASH_APP_SIZE:((_MEMORY_FLASH_SIZE_ - FLASH_NVM_DATASIZE) - MEMORY_FLASH_APP_OFFSET)
                0x00000000000002cc                MEMORY_RAM_APP_OFFSET = DEFINED (MEMORY_RAM_APP_OFFSET)?MEMORY_RAM_APP_OFFSET:0x2cc
                0x0000000000000800                RESET_MANAGER_SIZE = DEFINED (RESET_MANAGER_SIZE)?RESET_MANAGER_SIZE:0x800
                0x000000000002d800                MEMORY_FLASH_APP_SIZE = DEFINED (ST_OTA_HIGHER_APPLICATION)?(((((_MEMORY_FLASH_SIZE_ - RESET_MANAGER_SIZE) - FLASH_NVM_DATASIZE) / 0x2) / 0x800) * 0x800):MEMORY_FLASH_APP_SIZE
                0x0000000000011800                MEMORY_FLASH_APP_OFFSET = DEFINED (ST_OTA_HIGHER_APPLICATION)?(RESET_MANAGER_SIZE + MEMORY_FLASH_APP_SIZE):MEMORY_FLASH_APP_OFFSET
                0x000000000002d800                MEMORY_FLASH_APP_SIZE = DEFINED (ST_OTA_LOWER_APPLICATION)?(((((_MEMORY_FLASH_SIZE_ - RESET_MANAGER_SIZE) - FLASH_NVM_DATASIZE) / 0x2) / 0x800) * 0x800):MEMORY_FLASH_APP_SIZE
                0x0000000000011800                MEMORY_FLASH_APP_OFFSET = DEFINED (ST_OTA_LOWER_APPLICATION)?RESET_MANAGER_SIZE:MEMORY_FLASH_APP_OFFSET
                0x0000000000011800                SERVICE_MANAGER_SIZE = 0x11800
                0x000000000002d800                MEMORY_FLASH_APP_SIZE = DEFINED (ST_USE_OTA_SERVICE_MANAGER_APPLICATION)?((_MEMORY_FLASH_SIZE_ - SERVICE_MANAGER_SIZE) - FLASH_NVM_DATASIZE):MEMORY_FLASH_APP_SIZE
                0x0000000000011800                MEMORY_FLASH_APP_OFFSET = DEFINED (ST_USE_OTA_SERVICE_MANAGER_APPLICATION)?SERVICE_MANAGER_SIZE:MEMORY_FLASH_APP_OFFSET
                0x0000000000000000                _Min_Heap_Size = 0x0
                0x0000000000000c00                _Min_Stack_Size = 0xc00

.bootloader     0x0000000010040000        0x0
                0x0000000010040000                . = ALIGN (0x4)
 *(.bootloader)
                0x0000000010040000                . = ALIGN (0x4)

.intvec         0x0000000010051800       0xc0
                0x0000000010051800                . = ALIGN (0x4)
 *(.intvec)
 .intvec        0x0000000010051800       0xc0 Startup/system_BlueNRG1.o
                0x0000000010051800                __vector_table
                0x00000000100518c0                . = ALIGN (0x4)

.text           0x00000000100518c0    0x11470
                0x00000000100518c0                . = ALIGN (0x4)
 *(.cmd_call_table)
 *(.text)
 .text          0x00000000100518c0       0xa0 HAL/context_switch.o
                0x00000000100518c0                CS_contextSave
                0x0000000010051912                CS_contextRestore
 .text          0x0000000010051960       0x14 /Applications/WiSE-Studio.app/Contents/MacOS/tools/gcc-arm-none-eabi-9-2019-q4-major/bin/../lib/gcc/arm-none-eabi/9.2.1/thumb/v6-m/nofp/libgcc.a(_thumb1_case_shi.o)
                0x0000000010051960                __gnu_thumb1_case_shi
 .text          0x0000000010051974      0x114 /Applications/WiSE-Studio.app/Contents/MacOS/tools/gcc-arm-none-eabi-9-2019-q4-major/bin/../lib/gcc/arm-none-eabi/9.2.1/thumb/v6-m/nofp/libgcc.a(_udivsi3.o)
                0x0000000010051974                __udivsi3
                0x0000000010051974                __aeabi_uidiv
                0x0000000010051a80                __aeabi_uidivmod
 .text          0x0000000010051a88        0x4 /Applications/WiSE-Studio.app/Contents/MacOS/tools/gcc-arm-none-eabi-9-2019-q4-major/bin/../lib/gcc/arm-none-eabi/9.2.1/thumb/v6-m/nofp/libgcc.a(_dvmd_tls.o)
                0x0000000010051a88                __aeabi_ldiv0
                0x0000000010051a88                __aeabi_idiv0
 .text          0x0000000010051a8c       0x78 /Applications/WiSE-Studio.app/Contents/MacOS/tools/gcc-arm-none-eabi-9-2019-q4-major/bin/../lib/gcc/arm-none-eabi/9.2.1/thumb/v6-m/nofp/libgcc.a(unaligned-funcs.o)
                0x0000000010051a8c                __aeabi_uread4
                0x0000000010051aa4                __aeabi_uwrite4
                0x0000000010051ab8                __aeabi_uread8
                0x0000000010051ae4                __aeabi_uwrite8
 *(.text*)
 .text.SysCount_Handler
                0x0000000010051b04       0x10 HAL/clock.o
                0x0000000010051b04                SysCount_Handler
 .text.HAL_GetPartInfo
                0x0000000010051b14       0x64 HAL/miscutil.o
                0x0000000010051b14                HAL_GetPartInfo
 .text.BLEPLAT_get_part_info
                0x0000000010051b78       0x22 HAL/miscutil.o
                0x0000000010051b78                BLEPLAT_get_part_info
 .text.Osal_MemCpy
                0x0000000010051b9a        0x8 HAL/osal.o
                0x0000000010051b9a                Osal_MemCpy
 .text.Osal_MemSet
                0x0000000010051ba2        0x8 HAL/osal.o
                0x0000000010051ba2                Osal_MemSet
 .text.Osal_MemCmp
                0x0000000010051baa        0x8 HAL/osal.o
                0x0000000010051baa                Osal_MemCmp
 .text.HAL_VTIMER_TimerSleepCheck
                0x0000000010051bb2        0x4 HAL/sleep.o
                0x0000000010051bb2                HAL_VTIMER_TimerSleepCheck
 *fill*         0x0000000010051bb6        0x2 
 .text.BlueNRG_Sleep
                0x0000000010051bb8      0x8ec HAL/sleep.o
                0x0000000010051bb8                BlueNRG_Sleep
 .text.FLASH_WaitCmdDone
                0x00000000100524a4       0x10 Library/BlueNRG1_flash.o
                0x00000000100524a4                FLASH_WaitCmdDone
 .text.FLASH_ErasePage
                0x00000000100524b4       0x30 Library/BlueNRG1_flash.o
                0x00000000100524b4                FLASH_ErasePage
 .text.FLASH_ProgramWord
                0x00000000100524e4       0x30 Library/BlueNRG1_flash.o
                0x00000000100524e4                FLASH_ProgramWord
 .text.GPIO_Init
                0x0000000010052514       0xda Library/BlueNRG1_gpio.o
                0x0000000010052514                GPIO_Init
 .text.GPIO_ReadBit
                0x00000000100525ee       0x10 Library/BlueNRG1_gpio.o
                0x00000000100525ee                GPIO_ReadBit
 .text.PKA_Reset
                0x00000000100525fe       0x14 Library/BlueNRG1_pka.o
                0x00000000100525fe                PKA_Reset
 *fill*         0x0000000010052612        0x2 
 .text.SysCtrl_PeripheralClockCmd
                0x0000000010052614       0x18 Library/BlueNRG1_sysCtrl.o
                0x0000000010052614                SysCtrl_PeripheralClockCmd
 .text.SysCtrl_GetWakeupResetReason
                0x000000001005262c       0xac Library/BlueNRG1_sysCtrl.o
                0x000000001005262c                SysCtrl_GetWakeupResetReason
 .text.UART_Cmd
                0x00000000100526d8       0x1c Library/BlueNRG1_uart.o
                0x00000000100526d8                UART_Cmd
 .text.UART_Init
                0x00000000100526f4      0x150 Library/BlueNRG1_uart.o
                0x00000000100526f4                UART_Init
 .text.UART_SendData
                0x0000000010052844       0x10 Library/BlueNRG1_uart.o
                0x0000000010052844                UART_SendData
 .text.UART_GetFlagStatus
                0x0000000010052854       0x1c Library/BlueNRG1_uart.o
                0x0000000010052854                UART_GetFlagStatus
 .text.UART_RxFifoIrqLevelConfig
                0x0000000010052870       0x18 Library/BlueNRG1_uart.o
                0x0000000010052870                UART_RxFifoIrqLevelConfig
 .text.SystemSleepCmd
                0x0000000010052888       0x1c Library/misc.o
                0x0000000010052888                SystemSleepCmd
 .text.OTA_Jump_To_Service_Manager_Application
                0x00000000100528a4       0x28 OTA/OTA_btl.o
                0x00000000100528a4                OTA_Jump_To_Service_Manager_Application
 .text.Get_ButtonGpioPin
                0x00000000100528cc       0x2c Platform_Layers/SDK_EVAL_Button.o
                0x00000000100528cc                Get_ButtonGpioPin
 .text.SdkEvalPushButtonInit
                0x00000000100528f8       0x24 Platform_Layers/SDK_EVAL_Button.o
                0x00000000100528f8                SdkEvalPushButtonInit
 .text.SdkEvalPushButtonGetState
                0x000000001005291c       0x12 Platform_Layers/SDK_EVAL_Button.o
                0x000000001005291c                SdkEvalPushButtonGetState
 .text.SdkEvalUart_Send_Data
                0x000000001005292e       0x16 Platform_Layers/SDK_EVAL_Com.o
 .text.SdkEvalComUartInit
                0x0000000010052944       0x94 Platform_Layers/SDK_EVAL_Com.o
                0x0000000010052944                SdkEvalComUartInit
 .text.SdkEvalComIOTxFifoNotEmpty
                0x00000000100529d8       0x10 Platform_Layers/SDK_EVAL_Com.o
                0x00000000100529d8                SdkEvalComIOTxFifoNotEmpty
 .text.SdkEvalComUARTBusy
                0x00000000100529e8       0x12 Platform_Layers/SDK_EVAL_Com.o
                0x00000000100529e8                SdkEvalComUARTBusy
 *fill*         0x00000000100529fa        0x2 
 .text.Read_Buffer_Pop
                0x00000000100529fc       0x38 Platform_Layers/SDK_EVAL_Com.o
                0x00000000100529fc                Read_Buffer_Pop
 .text._sbrk    0x0000000010052a34       0x38 Platform_Layers/SDK_EVAL_Com.o
                0x0000000010052a34                _sbrk
 .text._close   0x0000000010052a6c        0x6 Platform_Layers/SDK_EVAL_Com.o
                0x0000000010052a6c                _close
 .text._fstat   0x0000000010052a72        0xa Platform_Layers/SDK_EVAL_Com.o
                0x0000000010052a72                _fstat
 .text._isatty  0x0000000010052a7c        0x4 Platform_Layers/SDK_EVAL_Com.o
                0x0000000010052a7c                _isatty
 .text._lseek   0x0000000010052a80        0x4 Platform_Layers/SDK_EVAL_Com.o
                0x0000000010052a80                _lseek
 .text._write   0x0000000010052a84       0x1a Platform_Layers/SDK_EVAL_Com.o
                0x0000000010052a84                _write
 .text._read    0x0000000010052a9e       0x22 Platform_Layers/SDK_EVAL_Com.o
                0x0000000010052a9e                _read
 .text.__aeabi_memcpy
                0x0000000010052ac0        0x8 Platform_Layers/SDK_EVAL_Com.o
                0x0000000010052ac0                __aeabi_memcpy
 .text.__aeabi_memcpy4
                0x0000000010052ac8        0x8 Platform_Layers/SDK_EVAL_Com.o
                0x0000000010052ac8                __aeabi_memcpy4
 .text.__aeabi_memclr
                0x0000000010052ad0        0xc Platform_Layers/SDK_EVAL_Com.o
                0x0000000010052ad0                __aeabi_memclr
 .text.__aeabi_memclr4
                0x0000000010052adc        0x8 Platform_Layers/SDK_EVAL_Com.o
                0x0000000010052adc                __aeabi_memclr4
 .text.SdkEvalIdentification
                0x0000000010052ae4        0xc Platform_Layers/SDK_EVAL_Config.o
                0x0000000010052ae4                SdkEvalIdentification
 .text.SdkEvalGetVersion
                0x0000000010052af0        0xc Platform_Layers/SDK_EVAL_Config.o
                0x0000000010052af0                SdkEvalGetVersion
 .text.PKA_Handler
                0x0000000010052afc        0x2 Startup/system_BlueNRG1.o
                0x0000000010052afc                PKA_Handler
 .text.PendSV_Handler
                0x0000000010052afe        0x2 Startup/system_BlueNRG1.o
                0x0000000010052afe                PendSV_Handler
 .text.NVM_Handler
                0x0000000010052b00        0x2 Startup/system_BlueNRG1.o
                0x0000000010052b00                NVM_Handler
 .text.SPI_Handler
                0x0000000010052b02        0x2 Startup/system_BlueNRG1.o
                0x0000000010052b02                SPI_Handler
 .text.MFT1A_Handler
                0x0000000010052b04        0x2 Startup/system_BlueNRG1.o
                0x0000000010052b04                MFT1A_Handler
 .text.MFT1B_Handler
                0x0000000010052b06        0x2 Startup/system_BlueNRG1.o
                0x0000000010052b06                MFT1B_Handler
 .text.MFT2A_Handler
                0x0000000010052b08        0x2 Startup/system_BlueNRG1.o
                0x0000000010052b08                MFT2A_Handler
 .text.MFT2B_Handler
                0x0000000010052b0a        0x2 Startup/system_BlueNRG1.o
                0x0000000010052b0a                MFT2B_Handler
 .text.RTC_Handler
                0x0000000010052b0c        0x2 Startup/system_BlueNRG1.o
                0x0000000010052b0c                RTC_Handler
 .text.WDG_Handler
                0x0000000010052b0e        0x2 Startup/system_BlueNRG1.o
                0x0000000010052b0e                WDG_Handler
 .text.ADC_Handler
                0x0000000010052b10        0x2 Startup/system_BlueNRG1.o
                0x0000000010052b10                ADC_Handler
 .text.I2C2_Handler
                0x0000000010052b12        0x2 Startup/system_BlueNRG1.o
                0x0000000010052b12                I2C2_Handler
 .text.I2C1_Handler
                0x0000000010052b14        0x2 Startup/system_BlueNRG1.o
                0x0000000010052b14                I2C1_Handler
 .text.DMA_Handler
                0x0000000010052b16        0x2 Startup/system_BlueNRG1.o
                0x0000000010052b16                DMA_Handler
 .text.Set_RF_FrontEnd
                0x0000000010052b18       0x4c Startup/system_BlueNRG1.o
                0x0000000010052b18                Set_RF_FrontEnd
 .text.BOR_ConfigSave
                0x0000000010052b64       0x48 Startup/system_BlueNRG1.o
                0x0000000010052b64                BOR_ConfigSave
 .text.SET_BORconfigStatus
                0x0000000010052bac       0x40 Startup/system_BlueNRG1.o
                0x0000000010052bac                SET_BORconfigStatus
 .text.__low_level_init
                0x0000000010052bec       0xbc Startup/system_BlueNRG1.o
                0x0000000010052bec                __low_level_init
 .text.RESET_HANDLER
                0x0000000010052ca8       0x80 Startup/system_BlueNRG1.o
                0x0000000010052ca8                RESET_HANDLER
 .text.DeviceConfiguration
                0x0000000010052d28      0x144 Startup/system_BlueNRG1.o
                0x0000000010052d28                DeviceConfiguration
 .text.SystemInit
                0x0000000010052e6c      0x114 Startup/system_BlueNRG1.o
                0x0000000010052e6c                SystemInit
 .text.Device_Init
                0x0000000010052f80       0x70 User/BLE_Beacon_main.o
                0x0000000010052f80                Device_Init
 .text.startup.main
                0x0000000010052ff0       0xe8 User/BLE_Beacon_main.o
                0x0000000010052ff0                main
 .text.hci_hardware_error_event
                0x00000000100530d8       0x18 User/BLE_Beacon_main.o
                0x00000000100530d8                hci_hardware_error_event
 .text.App_SleepMode_Check
                0x00000000100530f0       0x1a User/BLE_Beacon_main.o
                0x00000000100530f0                App_SleepMode_Check
 .text.NMI_Handler
                0x000000001005310a        0x2 User/BlueNRG1_it.o
                0x000000001005310a                NMI_Handler
 .text.HardFault_Handler
                0x000000001005310c        0x2 User/BlueNRG1_it.o
                0x000000001005310c                HardFault_Handler
 .text.SVC_Handler
                0x000000001005310e        0x2 User/BlueNRG1_it.o
                0x000000001005310e                SVC_Handler
 .text.SysTick_Handler
                0x0000000010053110        0x8 User/BlueNRG1_it.o
                0x0000000010053110                SysTick_Handler
 .text.GPIO_Handler
                0x0000000010053118        0x2 User/BlueNRG1_it.o
                0x0000000010053118                GPIO_Handler
 .text.UART_Handler
                0x000000001005311a        0x2 User/BlueNRG1_it.o
                0x000000001005311a                UART_Handler
 .text.Blue_Handler
                0x000000001005311c        0x8 User/BlueNRG1_it.o
                0x000000001005311c                Blue_Handler
 .text.__aeabi_memmove
                0x0000000010053124        0x8 /Applications/WiSE-Studio.app/Contents/MacOS/tools/gcc-arm-none-eabi-9-2019-q4-major/bin/../lib/gcc/arm-none-eabi/9.2.1/../../../../arm-none-eabi/lib/thumb/v6-m/nofp/libc_nano.a(lib_a-aeabi_memmove.o)
                0x0000000010053124                __aeabi_memmove8
                0x0000000010053124                __aeabi_memmove
                0x0000000010053124                __aeabi_memmove4
 .text.memcmp   0x000000001005312c       0x1c /Applications/WiSE-Studio.app/Contents/MacOS/tools/gcc-arm-none-eabi-9-2019-q4-major/bin/../lib/gcc/arm-none-eabi/9.2.1/../../../../arm-none-eabi/lib/thumb/v6-m/nofp/libc_nano.a(lib_a-memcmp.o)
                0x000000001005312c                memcmp
 .text.memcpy   0x0000000010053148       0x12 /Applications/WiSE-Studio.app/Contents/MacOS/tools/gcc-arm-none-eabi-9-2019-q4-major/bin/../lib/gcc/arm-none-eabi/9.2.1/../../../../arm-none-eabi/lib/thumb/v6-m/nofp/libc_nano.a(lib_a-memcpy-stub.o)
                0x0000000010053148                memcpy
 .text.memmove  0x000000001005315a       0x26 /Applications/WiSE-Studio.app/Contents/MacOS/tools/gcc-arm-none-eabi-9-2019-q4-major/bin/../lib/gcc/arm-none-eabi/9.2.1/../../../../arm-none-eabi/lib/thumb/v6-m/nofp/libc_nano.a(lib_a-memmove.o)
                0x000000001005315a                memmove
 .text.memset   0x0000000010053180       0x10 /Applications/WiSE-Studio.app/Contents/MacOS/tools/gcc-arm-none-eabi-9-2019-q4-major/bin/../lib/gcc/arm-none-eabi/9.2.1/../../../../arm-none-eabi/lib/thumb/v6-m/nofp/libc_nano.a(lib_a-memset.o)
                0x0000000010053180                memset
 .text.printf   0x0000000010053190       0x34 /Applications/WiSE-Studio.app/Contents/MacOS/tools/gcc-arm-none-eabi-9-2019-q4-major/bin/../lib/gcc/arm-none-eabi/9.2.1/../../../../arm-none-eabi/lib/thumb/v6-m/nofp/libc_nano.a(lib_a-printf.o)
                0x0000000010053190                printf
                0x0000000010053190                iprintf
 .text._puts_r  0x00000000100531c4       0xe4 /Applications/WiSE-Studio.app/Contents/MacOS/tools/gcc-arm-none-eabi-9-2019-q4-major/bin/../lib/gcc/arm-none-eabi/9.2.1/../../../../arm-none-eabi/lib/thumb/v6-m/nofp/libc_nano.a(lib_a-puts.o)
                0x00000000100531c4                _puts_r
 .text.puts     0x00000000100532a8       0x14 /Applications/WiSE-Studio.app/Contents/MacOS/tools/gcc-arm-none-eabi-9-2019-q4-major/bin/../lib/gcc/arm-none-eabi/9.2.1/../../../../arm-none-eabi/lib/thumb/v6-m/nofp/libc_nano.a(lib_a-puts.o)
                0x00000000100532a8                puts
 .text.__swbuf_r
                0x00000000100532bc       0xac /Applications/WiSE-Studio.app/Contents/MacOS/tools/gcc-arm-none-eabi-9-2019-q4-major/bin/../lib/gcc/arm-none-eabi/9.2.1/../../../../arm-none-eabi/lib/thumb/v6-m/nofp/libc_nano.a(lib_a-wbuf.o)
                0x00000000100532bc                __swbuf_r
 .text.__swsetup_r
                0x0000000010053368       0xf0 /Applications/WiSE-Studio.app/Contents/MacOS/tools/gcc-arm-none-eabi-9-2019-q4-major/bin/../lib/gcc/arm-none-eabi/9.2.1/../../../../arm-none-eabi/lib/thumb/v6-m/nofp/libc_nano.a(lib_a-wsetup.o)
                0x0000000010053368                __swsetup_r
 .text.__sflush_r
                0x0000000010053458      0x118 /Applications/WiSE-Studio.app/Contents/MacOS/tools/gcc-arm-none-eabi-9-2019-q4-major/bin/../lib/gcc/arm-none-eabi/9.2.1/../../../../arm-none-eabi/lib/thumb/v6-m/nofp/libc_nano.a(lib_a-fflush.o)
                0x0000000010053458                __sflush_r
 .text._fflush_r
                0x0000000010053570       0x80 /Applications/WiSE-Studio.app/Contents/MacOS/tools/gcc-arm-none-eabi-9-2019-q4-major/bin/../lib/gcc/arm-none-eabi/9.2.1/../../../../arm-none-eabi/lib/thumb/v6-m/nofp/libc_nano.a(lib_a-fflush.o)
                0x0000000010053570                _fflush_r
 .text.std      0x00000000100535f0       0x48 /Applications/WiSE-Studio.app/Contents/MacOS/tools/gcc-arm-none-eabi-9-2019-q4-major/bin/../lib/gcc/arm-none-eabi/9.2.1/../../../../arm-none-eabi/lib/thumb/v6-m/nofp/libc_nano.a(lib_a-findfp.o)
 .text._cleanup_r
                0x0000000010053638       0x10 /Applications/WiSE-Studio.app/Contents/MacOS/tools/gcc-arm-none-eabi-9-2019-q4-major/bin/../lib/gcc/arm-none-eabi/9.2.1/../../../../arm-none-eabi/lib/thumb/v6-m/nofp/libc_nano.a(lib_a-findfp.o)
                0x0000000010053638                _cleanup_r
 .text.__sfmoreglue
                0x0000000010053648       0x2c /Applications/WiSE-Studio.app/Contents/MacOS/tools/gcc-arm-none-eabi-9-2019-q4-major/bin/../lib/gcc/arm-none-eabi/9.2.1/../../../../arm-none-eabi/lib/thumb/v6-m/nofp/libc_nano.a(lib_a-findfp.o)
                0x0000000010053648                __sfmoreglue
 .text.__sfp_lock_acquire
                0x0000000010053674       0x10 /Applications/WiSE-Studio.app/Contents/MacOS/tools/gcc-arm-none-eabi-9-2019-q4-major/bin/../lib/gcc/arm-none-eabi/9.2.1/../../../../arm-none-eabi/lib/thumb/v6-m/nofp/libc_nano.a(lib_a-findfp.o)
                0x0000000010053674                __sfp_lock_acquire
 .text.__sfp_lock_release
                0x0000000010053684       0x10 /Applications/WiSE-Studio.app/Contents/MacOS/tools/gcc-arm-none-eabi-9-2019-q4-major/bin/../lib/gcc/arm-none-eabi/9.2.1/../../../../arm-none-eabi/lib/thumb/v6-m/nofp/libc_nano.a(lib_a-findfp.o)
                0x0000000010053684                __sfp_lock_release
 .text.__sinit_lock_acquire
                0x0000000010053694       0x10 /Applications/WiSE-Studio.app/Contents/MacOS/tools/gcc-arm-none-eabi-9-2019-q4-major/bin/../lib/gcc/arm-none-eabi/9.2.1/../../../../arm-none-eabi/lib/thumb/v6-m/nofp/libc_nano.a(lib_a-findfp.o)
                0x0000000010053694                __sinit_lock_acquire
 .text.__sinit_lock_release
                0x00000000100536a4       0x10 /Applications/WiSE-Studio.app/Contents/MacOS/tools/gcc-arm-none-eabi-9-2019-q4-major/bin/../lib/gcc/arm-none-eabi/9.2.1/../../../../arm-none-eabi/lib/thumb/v6-m/nofp/libc_nano.a(lib_a-findfp.o)
                0x00000000100536a4                __sinit_lock_release
 .text.__sinit  0x00000000100536b4       0x70 /Applications/WiSE-Studio.app/Contents/MacOS/tools/gcc-arm-none-eabi-9-2019-q4-major/bin/../lib/gcc/arm-none-eabi/9.2.1/../../../../arm-none-eabi/lib/thumb/v6-m/nofp/libc_nano.a(lib_a-findfp.o)
                0x00000000100536b4                __sinit
 .text.__sfp    0x0000000010053724       0x90 /Applications/WiSE-Studio.app/Contents/MacOS/tools/gcc-arm-none-eabi-9-2019-q4-major/bin/../lib/gcc/arm-none-eabi/9.2.1/../../../../arm-none-eabi/lib/thumb/v6-m/nofp/libc_nano.a(lib_a-findfp.o)
                0x0000000010053724                __sfp
 .text._fwalk_reent
                0x00000000100537b4       0x40 /Applications/WiSE-Studio.app/Contents/MacOS/tools/gcc-arm-none-eabi-9-2019-q4-major/bin/../lib/gcc/arm-none-eabi/9.2.1/../../../../arm-none-eabi/lib/thumb/v6-m/nofp/libc_nano.a(lib_a-fwalk.o)
                0x00000000100537b4                _fwalk_reent
 .text.__retarget_lock_init_recursive
                0x00000000100537f4        0x2 /Applications/WiSE-Studio.app/Contents/MacOS/tools/gcc-arm-none-eabi-9-2019-q4-major/bin/../lib/gcc/arm-none-eabi/9.2.1/../../../../arm-none-eabi/lib/thumb/v6-m/nofp/libc_nano.a(lib_a-lock.o)
                0x00000000100537f4                __retarget_lock_init_recursive
 .text.__retarget_lock_acquire_recursive
                0x00000000100537f6        0x2 /Applications/WiSE-Studio.app/Contents/MacOS/tools/gcc-arm-none-eabi-9-2019-q4-major/bin/../lib/gcc/arm-none-eabi/9.2.1/../../../../arm-none-eabi/lib/thumb/v6-m/nofp/libc_nano.a(lib_a-lock.o)
                0x00000000100537f6                __retarget_lock_acquire_recursive
 .text.__retarget_lock_release_recursive
                0x00000000100537f8        0x2 /Applications/WiSE-Studio.app/Contents/MacOS/tools/gcc-arm-none-eabi-9-2019-q4-major/bin/../lib/gcc/arm-none-eabi/9.2.1/../../../../arm-none-eabi/lib/thumb/v6-m/nofp/libc_nano.a(lib_a-lock.o)
                0x00000000100537f8                __retarget_lock_release_recursive
 *fill*         0x00000000100537fa        0x2 
 .text.__swhatbuf_r
                0x00000000100537fc       0x50 /Applications/WiSE-Studio.app/Contents/MacOS/tools/gcc-arm-none-eabi-9-2019-q4-major/bin/../lib/gcc/arm-none-eabi/9.2.1/../../../../arm-none-eabi/lib/thumb/v6-m/nofp/libc_nano.a(lib_a-makebuf.o)
                0x00000000100537fc                __swhatbuf_r
 .text.__smakebuf_r
                0x000000001005384c       0x88 /Applications/WiSE-Studio.app/Contents/MacOS/tools/gcc-arm-none-eabi-9-2019-q4-major/bin/../lib/gcc/arm-none-eabi/9.2.1/../../../../arm-none-eabi/lib/thumb/v6-m/nofp/libc_nano.a(lib_a-makebuf.o)
                0x000000001005384c                __smakebuf_r
 .text._free_r  0x00000000100538d4       0x94 /Applications/WiSE-Studio.app/Contents/MacOS/tools/gcc-arm-none-eabi-9-2019-q4-major/bin/../lib/gcc/arm-none-eabi/9.2.1/../../../../arm-none-eabi/lib/thumb/v6-m/nofp/libc_nano.a(lib_a-nano-freer.o)
                0x00000000100538d4                _free_r
 .text._malloc_r
                0x0000000010053968       0xbc /Applications/WiSE-Studio.app/Contents/MacOS/tools/gcc-arm-none-eabi-9-2019-q4-major/bin/../lib/gcc/arm-none-eabi/9.2.1/../../../../arm-none-eabi/lib/thumb/v6-m/nofp/libc_nano.a(lib_a-nano-mallocr.o)
                0x0000000010053968                _malloc_r
 .text.__sfputc_r
                0x0000000010053a24       0x2a /Applications/WiSE-Studio.app/Contents/MacOS/tools/gcc-arm-none-eabi-9-2019-q4-major/bin/../lib/gcc/arm-none-eabi/9.2.1/../../../../arm-none-eabi/lib/thumb/v6-m/nofp/libc_nano.a(lib_a-nano-vfprintf.o)
 .text.__sfputs_r
                0x0000000010053a4e       0x24 /Applications/WiSE-Studio.app/Contents/MacOS/tools/gcc-arm-none-eabi-9-2019-q4-major/bin/../lib/gcc/arm-none-eabi/9.2.1/../../../../arm-none-eabi/lib/thumb/v6-m/nofp/libc_nano.a(lib_a-nano-vfprintf.o)
                0x0000000010053a4e                __sfputs_r
 *fill*         0x0000000010053a72        0x2 
 .text._vfprintf_r
                0x0000000010053a74      0x274 /Applications/WiSE-Studio.app/Contents/MacOS/tools/gcc-arm-none-eabi-9-2019-q4-major/bin/../lib/gcc/arm-none-eabi/9.2.1/../../../../arm-none-eabi/lib/thumb/v6-m/nofp/libc_nano.a(lib_a-nano-vfprintf.o)
                0x0000000010053a74                _vfiprintf_r
                0x0000000010053a74                _vfprintf_r
 .text._printf_common
                0x0000000010053ce8       0xde /Applications/WiSE-Studio.app/Contents/MacOS/tools/gcc-arm-none-eabi-9-2019-q4-major/bin/../lib/gcc/arm-none-eabi/9.2.1/../../../../arm-none-eabi/lib/thumb/v6-m/nofp/libc_nano.a(lib_a-nano-vfprintf_i.o)
                0x0000000010053ce8                _printf_common
 *fill*         0x0000000010053dc6        0x2 
 .text._printf_i
                0x0000000010053dc8      0x224 /Applications/WiSE-Studio.app/Contents/MacOS/tools/gcc-arm-none-eabi-9-2019-q4-major/bin/../lib/gcc/arm-none-eabi/9.2.1/../../../../arm-none-eabi/lib/thumb/v6-m/nofp/libc_nano.a(lib_a-nano-vfprintf_i.o)
                0x0000000010053dc8                _printf_i
 .text._sbrk_r  0x0000000010053fec       0x24 /Applications/WiSE-Studio.app/Contents/MacOS/tools/gcc-arm-none-eabi-9-2019-q4-major/bin/../lib/gcc/arm-none-eabi/9.2.1/../../../../arm-none-eabi/lib/thumb/v6-m/nofp/libc_nano.a(lib_a-sbrkr.o)
                0x0000000010053fec                _sbrk_r
 .text.__sread  0x0000000010054010       0x28 /Applications/WiSE-Studio.app/Contents/MacOS/tools/gcc-arm-none-eabi-9-2019-q4-major/bin/../lib/gcc/arm-none-eabi/9.2.1/../../../../arm-none-eabi/lib/thumb/v6-m/nofp/libc_nano.a(lib_a-stdio.o)
                0x0000000010054010                __sread
 .text.__swrite
                0x0000000010054038       0x38 /Applications/WiSE-Studio.app/Contents/MacOS/tools/gcc-arm-none-eabi-9-2019-q4-major/bin/../lib/gcc/arm-none-eabi/9.2.1/../../../../arm-none-eabi/lib/thumb/v6-m/nofp/libc_nano.a(lib_a-stdio.o)
                0x0000000010054038                __swrite
 .text.__sseek  0x0000000010054070       0x2c /Applications/WiSE-Studio.app/Contents/MacOS/tools/gcc-arm-none-eabi-9-2019-q4-major/bin/../lib/gcc/arm-none-eabi/9.2.1/../../../../arm-none-eabi/lib/thumb/v6-m/nofp/libc_nano.a(lib_a-stdio.o)
                0x0000000010054070                __sseek
 .text.__sclose
                0x000000001005409c        0xc /Applications/WiSE-Studio.app/Contents/MacOS/tools/gcc-arm-none-eabi-9-2019-q4-major/bin/../lib/gcc/arm-none-eabi/9.2.1/../../../../arm-none-eabi/lib/thumb/v6-m/nofp/libc_nano.a(lib_a-stdio.o)
                0x000000001005409c                __sclose
 .text._write_r
                0x00000000100540a8       0x28 /Applications/WiSE-Studio.app/Contents/MacOS/tools/gcc-arm-none-eabi-9-2019-q4-major/bin/../lib/gcc/arm-none-eabi/9.2.1/../../../../arm-none-eabi/lib/thumb/v6-m/nofp/libc_nano.a(lib_a-writer.o)
                0x00000000100540a8                _write_r
 .text._close_r
                0x00000000100540d0       0x24 /Applications/WiSE-Studio.app/Contents/MacOS/tools/gcc-arm-none-eabi-9-2019-q4-major/bin/../lib/gcc/arm-none-eabi/9.2.1/../../../../arm-none-eabi/lib/thumb/v6-m/nofp/libc_nano.a(lib_a-closer.o)
                0x00000000100540d0                _close_r
 .text._fstat_r
                0x00000000100540f4       0x24 /Applications/WiSE-Studio.app/Contents/MacOS/tools/gcc-arm-none-eabi-9-2019-q4-major/bin/../lib/gcc/arm-none-eabi/9.2.1/../../../../arm-none-eabi/lib/thumb/v6-m/nofp/libc_nano.a(lib_a-fstatr.o)
                0x00000000100540f4                _fstat_r
 .text._isatty_r
                0x0000000010054118       0x24 /Applications/WiSE-Studio.app/Contents/MacOS/tools/gcc-arm-none-eabi-9-2019-q4-major/bin/../lib/gcc/arm-none-eabi/9.2.1/../../../../arm-none-eabi/lib/thumb/v6-m/nofp/libc_nano.a(lib_a-isattyr.o)
                0x0000000010054118                _isatty_r
 .text._lseek_r
                0x000000001005413c       0x28 /Applications/WiSE-Studio.app/Contents/MacOS/tools/gcc-arm-none-eabi-9-2019-q4-major/bin/../lib/gcc/arm-none-eabi/9.2.1/../../../../arm-none-eabi/lib/thumb/v6-m/nofp/libc_nano.a(lib_a-lseekr.o)
                0x000000001005413c                _lseek_r
 .text.memchr   0x0000000010054164       0x16 /Applications/WiSE-Studio.app/Contents/MacOS/tools/gcc-arm-none-eabi-9-2019-q4-major/bin/../lib/gcc/arm-none-eabi/9.2.1/../../../../arm-none-eabi/lib/thumb/v6-m/nofp/libc_nano.a(lib_a-memchr-stub.o)
                0x0000000010054164                memchr
 *fill*         0x000000001005417a        0x2 
 .text.__malloc_lock
                0x000000001005417c       0x10 /Applications/WiSE-Studio.app/Contents/MacOS/tools/gcc-arm-none-eabi-9-2019-q4-major/bin/../lib/gcc/arm-none-eabi/9.2.1/../../../../arm-none-eabi/lib/thumb/v6-m/nofp/libc_nano.a(lib_a-mlock.o)
                0x000000001005417c                __malloc_lock
 .text.__malloc_unlock
                0x000000001005418c       0x10 /Applications/WiSE-Studio.app/Contents/MacOS/tools/gcc-arm-none-eabi-9-2019-q4-major/bin/../lib/gcc/arm-none-eabi/9.2.1/../../../../arm-none-eabi/lib/thumb/v6-m/nofp/libc_nano.a(lib_a-mlock.o)
                0x000000001005418c                __malloc_unlock
 .text._read_r  0x000000001005419c       0x28 /Applications/WiSE-Studio.app/Contents/MacOS/tools/gcc-arm-none-eabi-9-2019-q4-major/bin/../lib/gcc/arm-none-eabi/9.2.1/../../../../arm-none-eabi/lib/thumb/v6-m/nofp/libc_nano.a(lib_a-readr.o)
                0x000000001005419c                _read_r
 *(i.*)
 i._aci_gap_set_discoverable_param_check
                0x00000000100541c4       0x5c ../../../../../../Library/Bluetooth_LE/library/libbluenrg1_stack.a(bluenrg_gap_aci.o)
 i.aci_gap_init
                0x0000000010054220       0x30 ../../../../../../Library/Bluetooth_LE/library/libbluenrg1_stack.a(bluenrg_gap_aci.o)
                0x0000000010054220                aci_gap_init
 i.aci_gap_set_discoverable
                0x0000000010054250       0x42 ../../../../../../Library/Bluetooth_LE/library/libbluenrg1_stack.a(bluenrg_gap_aci.o)
                0x0000000010054250                aci_gap_set_discoverable
 i.aci_gatt_init
                0x0000000010054292        0x8 ../../../../../../Library/Bluetooth_LE/library/libbluenrg1_stack.a(bluenrg_gatt_aci.o)
                0x0000000010054292                aci_gatt_init
 i.aci_hal_set_tx_power_level
                0x000000001005429a        0x8 ../../../../../../Library/Bluetooth_LE/library/libbluenrg1_stack.a(bluenrg_hal_aci.o)
                0x000000001005429a                aci_hal_set_tx_power_level
 *fill*         0x00000000100542a2        0x2 
 i.BTLE_StackTick
                0x00000000100542a4       0x84 ../../../../../../Library/Bluetooth_LE/library/libbluenrg1_stack.a(bluenrg_main_func.o)
                0x00000000100542a4                BTLE_StackTick
 i.BlueNRG_Stack_Initialization
                0x0000000010054328       0x44 ../../../../../../Library/Bluetooth_LE/library/libbluenrg1_stack.a(bluenrg_main_func.o)
                0x0000000010054328                BlueNRG_Stack_Initialization
 i.BlueNRG_Stack_Initialize_ConfigData
                0x000000001005436c       0x64 ../../../../../../Library/Bluetooth_LE/library/libbluenrg1_stack.a(bluenrg_main_func.o)
 i.BlueNRG_Stack_Initialize_Layers
                0x00000000100543d0       0x8c ../../../../../../Library/Bluetooth_LE/library/libbluenrg1_stack.a(bluenrg_main_func.o)
 i.BlueNRG_Stack_Initialize_RAM_check
                0x000000001005445c       0x80 ../../../../../../Library/Bluetooth_LE/library/libbluenrg1_stack.a(bluenrg_main_func.o)
                0x000000001005445c                BlueNRG_Stack_Initialize_RAM_check
 i.BlueNRG_Stack_Perform_Crystal_Check
                0x00000000100544dc       0xc4 ../../../../../../Library/Bluetooth_LE/library/libbluenrg1_stack.a(bluenrg_main_func.o)
 i.BlueNRG_Start_Crystal_Measurement
                0x00000000100545a0       0x1c ../../../../../../Library/Bluetooth_LE/library/libbluenrg1_stack.a(bluenrg_main_func.o)
 i._BlueNRG_Stack_Initialization
                0x00000000100545bc       0xe8 ../../../../../../Library/Bluetooth_LE/library/libbluenrg1_stack.a(bluenrg_main_func.o)
                0x00000000100545bc                _BlueNRG_Stack_Initialization
 i.GAP_Connection_Complete_Handler
                0x00000000100546a4       0x68 ../../../../../../Library/Bluetooth_LE/library/libbluenrg1_stack.a(gap.o)
                0x00000000100546a4                GAP_Connection_Complete_Handler
 i.GAP_DiscProcTimeoutcb_ucfg
                0x000000001005470c        0x2 ../../../../../../Library/Bluetooth_LE/library/libbluenrg1_stack.a(gap.o)
                0x000000001005470c                GAP_DiscProcTimeoutcb_ucfg
 *fill*         0x000000001005470e        0x2 
 i.GAP_Init     0x0000000010054710      0x1fc ../../../../../../Library/Bluetooth_LE/library/libbluenrg1_stack.a(gap.o)
                0x0000000010054710                GAP_Init
 i.GAP_Init_Context
                0x000000001005490c       0x14 ../../../../../../Library/Bluetooth_LE/library/libbluenrg1_stack.a(gap.o)
                0x000000001005490c                GAP_Init_Context
 i.GAP_LL_Event_Handler_ISR
                0x0000000010054920       0x68 ../../../../../../Library/Bluetooth_LE/library/libbluenrg1_stack.a(gap.o)
                0x0000000010054920                GAP_LL_Event_Handler_ISR
 i.GAP_LimDiscTimeoutcb
                0x0000000010054988       0x2c ../../../../../../Library/Bluetooth_LE/library/libbluenrg1_stack.a(gap.o)
                0x0000000010054988                GAP_LimDiscTimeoutcb
 i.GAP_Process_Q
                0x00000000100549b4       0x40 ../../../../../../Library/Bluetooth_LE/library/libbluenrg1_stack.a(gap.o)
                0x00000000100549b4                GAP_Process_Q
 i.GAP_Set_Discoverable_Mode
                0x00000000100549f4       0x38 ../../../../../../Library/Bluetooth_LE/library/libbluenrg1_stack.a(gap.o)
                0x00000000100549f4                GAP_Set_Discoverable_Mode
 i.GAP_check_and_set_role_ucfg
                0x0000000010054a2c       0x1c ../../../../../../Library/Bluetooth_LE/library/libbluenrg1_stack.a(gap.o)
                0x0000000010054a2c                GAP_check_and_set_role_ucfg
 i.GAP_discover_peer_name_ucfg
                0x0000000010054a48        0x2 ../../../../../../Library/Bluetooth_LE/library/libbluenrg1_stack.a(gap.o)
                0x0000000010054a48                GAP_discover_peer_name_ucfg
 i.GAP_enable_controller_privacy_ucfg
                0x0000000010054a4a        0x4 ../../../../../../Library/Bluetooth_LE/library/libbluenrg1_stack.a(gap.o)
                0x0000000010054a4a                GAP_enable_controller_privacy_ucfg
 *fill*         0x0000000010054a4e        0x2 
 i._GAP_Parse_Advertising_Report
                0x0000000010054a50       0x6c ../../../../../../Library/Bluetooth_LE/library/libbluenrg1_stack.a(gap.o)
 i._gap_set_discoverable_connectable
                0x0000000010054abc      0x174 ../../../../../../Library/Bluetooth_LE/library/libbluenrg1_stack.a(gap.o)
                0x0000000010054abc                _gap_set_discoverable_connectable
 i.aci_gap_limited_discoverable_event_push
                0x0000000010054c30       0x50 ../../../../../../Library/Bluetooth_LE/library/libbluenrg1_stack.a(gap.o)
 i.aci_gap_proc_complete_event_push
                0x0000000010054c80       0x74 ../../../../../../Library/Bluetooth_LE/library/libbluenrg1_stack.a(gap.o)
 i.advParamsCheckAndSet
                0x0000000010054cf4       0x8c ../../../../../../Library/Bluetooth_LE/library/libbluenrg1_stack.a(gap.o)
                0x0000000010054cf4                advParamsCheckAndSet
 i.gapClearAllModeFlags
                0x0000000010054d80       0x14 ../../../../../../Library/Bluetooth_LE/library/libbluenrg1_stack.a(gap.o)
                0x0000000010054d80                gapClearAllModeFlags
 i.setGapAdvData
                0x0000000010054d94      0x104 ../../../../../../Library/Bluetooth_LE/library/libbluenrg1_stack.a(gap.o)
                0x0000000010054d94                setGapAdvData
 i.Find_Gatt_Client
                0x0000000010054e98       0x3c ../../../../../../Library/Bluetooth_LE/library/libbluenrg1_stack.a(gatt_client.o)
                0x0000000010054e98                Find_Gatt_Client
 i.Build_Notif_Or_Ind
                0x0000000010054ed4       0x3e ../../../../../../Library/Bluetooth_LE/library/libbluenrg1_stack.a(gatt_server.o)
                0x0000000010054ed4                Build_Notif_Or_Ind
 *fill*         0x0000000010054f12        0x2 
 i.Check_For_Service_Change
                0x0000000010054f14      0x34c ../../../../../../Library/Bluetooth_LE/library/libbluenrg1_stack.a(gatt_server.o)
                0x0000000010054f14                Check_For_Service_Change
 i.Find_Attr_Index
                0x0000000010055260       0x50 ../../../../../../Library/Bluetooth_LE/library/libbluenrg1_stack.a(gatt_server.o)
                0x0000000010055260                Find_Attr_Index
 i.Find_Timed_Out_Connection
                0x00000000100552b0       0x20 ../../../../../../Library/Bluetooth_LE/library/libbluenrg1_stack.a(gatt_server.o)
                0x00000000100552b0                Find_Timed_Out_Connection
 i.GATT_Connection_Complete_Handler
                0x00000000100552d0       0x44 ../../../../../../Library/Bluetooth_LE/library/libbluenrg1_stack.a(gatt_server.o)
                0x00000000100552d0                GATT_Connection_Complete_Handler
 i.GATT_Send_Packet
                0x0000000010055314       0x2c ../../../../../../Library/Bluetooth_LE/library/libbluenrg1_stack.a(gatt_server.o)
                0x0000000010055314                GATT_Send_Packet
 i.GATT_Server_Set_Flag
                0x0000000010055340       0x18 ../../../../../../Library/Bluetooth_LE/library/libbluenrg1_stack.a(gatt_server.o)
 i.GATT_TimeOut_Handler
                0x0000000010055358       0x1a ../../../../../../Library/Bluetooth_LE/library/libbluenrg1_stack.a(gatt_server.o)
                0x0000000010055358                GATT_TimeOut_Handler
 *fill*         0x0000000010055372        0x2 
 i.Gatt_Add_Charac_Desc
                0x0000000010055374      0x160 ../../../../../../Library/Bluetooth_LE/library/libbluenrg1_stack.a(gatt_server.o)
                0x0000000010055374                Gatt_Add_Charac_Desc
 i.Gatt_Add_Characteristic
                0x00000000100554d4      0x33c ../../../../../../Library/Bluetooth_LE/library/libbluenrg1_stack.a(gatt_server.o)
                0x00000000100554d4                Gatt_Add_Characteristic
 i.Gatt_Add_Descriptor
                0x0000000010055810      0x158 ../../../../../../Library/Bluetooth_LE/library/libbluenrg1_stack.a(gatt_server.o)
                0x0000000010055810                Gatt_Add_Descriptor
 i.Gatt_Add_Service
                0x0000000010055968      0x160 ../../../../../../Library/Bluetooth_LE/library/libbluenrg1_stack.a(gatt_server.o)
                0x0000000010055968                Gatt_Add_Service
 i.Gatt_Find_Srv_From_Handle
                0x0000000010055ac8       0x2c ../../../../../../Library/Bluetooth_LE/library/libbluenrg1_stack.a(gatt_server.o)
                0x0000000010055ac8                Gatt_Find_Srv_From_Handle
 i.Gatt_Find_Srv_Owner_Of_Handle
                0x0000000010055af4       0x48 ../../../../../../Library/Bluetooth_LE/library/libbluenrg1_stack.a(gatt_server.o)
                0x0000000010055af4                Gatt_Find_Srv_Owner_Of_Handle
 i.Gatt_Find_Timed_Out_Connection_Index
                0x0000000010055b3c       0x38 ../../../../../../Library/Bluetooth_LE/library/libbluenrg1_stack.a(gatt_server.o)
                0x0000000010055b3c                Gatt_Find_Timed_Out_Connection_Index
 i.Gatt_Flush_Pending_AclPacket_Lists
                0x0000000010055b74       0x34 ../../../../../../Library/Bluetooth_LE/library/libbluenrg1_stack.a(gatt_server.o)
 i.Gatt_Process_Q
                0x0000000010055ba8      0x19c ../../../../../../Library/Bluetooth_LE/library/libbluenrg1_stack.a(gatt_server.o)
                0x0000000010055ba8                Gatt_Process_Q
 i.Gatt_Reset_To_Closed_State
                0x0000000010055d44       0xfc ../../../../../../Library/Bluetooth_LE/library/libbluenrg1_stack.a(gatt_server.o)
 i.Gatt_Server_Db_Check
                0x0000000010055e40       0x38 ../../../../../../Library/Bluetooth_LE/library/libbluenrg1_stack.a(gatt_server.o)
                0x0000000010055e40                Gatt_Server_Db_Check
 i.Gatt_Server_Init
                0x0000000010055e78      0x194 ../../../../../../Library/Bluetooth_LE/library/libbluenrg1_stack.a(gatt_server.o)
                0x0000000010055e78                Gatt_Server_Init
 i.Gatt_Server_L2C_Handler
                0x000000001005600c      0x21c ../../../../../../Library/Bluetooth_LE/library/libbluenrg1_stack.a(gatt_server.o)
                0x000000001005600c                Gatt_Server_L2C_Handler
 i.Gatt_Server_L2C_Handler_ISR
                0x0000000010056228       0x4c ../../../../../../Library/Bluetooth_LE/library/libbluenrg1_stack.a(gatt_server.o)
                0x0000000010056228                Gatt_Server_L2C_Handler_ISR
 i.Gatt_Store_Server_Database_And_Reset_CCCD
                0x0000000010056274      0x170 ../../../../../../Library/Bluetooth_LE/library/libbluenrg1_stack.a(gatt_server.o)
 i.Gatt_Update_Charac_Value
                0x00000000100563e4       0x68 ../../../../../../Library/Bluetooth_LE/library/libbluenrg1_stack.a(gatt_server.o)
                0x00000000100563e4                Gatt_Update_Charac_Value
 i.Gatt_Update_Charac_Value_Ext
                0x000000001005644c      0x390 ../../../../../../Library/Bluetooth_LE/library/libbluenrg1_stack.a(gatt_server.o)
                0x000000001005644c                Gatt_Update_Charac_Value_Ext
 i.Gatt_fetch_handle
                0x00000000100567dc       0x3c ../../../../../../Library/Bluetooth_LE/library/libbluenrg1_stack.a(gatt_server.o)
                0x00000000100567dc                Gatt_fetch_handle
 i.Gatt_search_handle
                0x0000000010056818       0x1e ../../../../../../Library/Bluetooth_LE/library/libbluenrg1_stack.a(gatt_server.o)
                0x0000000010056818                Gatt_search_handle
 *fill*         0x0000000010056836        0x2 
 i.Gatt_search_service_handle
                0x0000000010056838       0x30 ../../../../../../Library/Bluetooth_LE/library/libbluenrg1_stack.a(gatt_server.o)
                0x0000000010056838                Gatt_search_service_handle
 i.Ind_Service_Change_Charac
                0x0000000010056868       0x48 ../../../../../../Library/Bluetooth_LE/library/libbluenrg1_stack.a(gatt_server.o)
                0x0000000010056868                Ind_Service_Change_Charac
 i.Pm_Resize_Host_Acl_Pckt
                0x00000000100568b0        0xe ../../../../../../Library/Bluetooth_LE/library/libbluenrg1_stack.a(gatt_server.o)
 *fill*         0x00000000100568be        0x2 
 i.Process_Peer_Client_Data
                0x00000000100568c0      0x1f8 ../../../../../../Library/Bluetooth_LE/library/libbluenrg1_stack.a(gatt_server.o)
                0x00000000100568c0                Process_Peer_Client_Data
 i.Process_Peer_Server_Data
                0x0000000010056ab8      0x16c ../../../../../../Library/Bluetooth_LE/library/libbluenrg1_stack.a(gatt_server.o)
                0x0000000010056ab8                Process_Peer_Server_Data
 i.Select_Next_Notification_Client
                0x0000000010056c24       0x50 ../../../../../../Library/Bluetooth_LE/library/libbluenrg1_stack.a(gatt_server.o)
                0x0000000010056c24                Select_Next_Notification_Client
 i.Send_Notif_Or_Ind
                0x0000000010056c74       0x4c ../../../../../../Library/Bluetooth_LE/library/libbluenrg1_stack.a(gatt_server.o)
                0x0000000010056c74                Send_Notif_Or_Ind
 i.aci_gatt_indication_event_push
                0x0000000010056cc0       0x90 ../../../../../../Library/Bluetooth_LE/library/libbluenrg1_stack.a(gatt_server.o)
 i.aci_gatt_notification_event_push
                0x0000000010056d50       0x90 ../../../../../../Library/Bluetooth_LE/library/libbluenrg1_stack.a(gatt_server.o)
 i.aci_hal_fw_error_event_push
                0x0000000010056de0       0x5c ../../../../../../Library/Bluetooth_LE/library/libbluenrg1_stack.a(gatt_server.o)
 i.store_data   0x0000000010056e3c       0x1e ../../../../../../Library/Bluetooth_LE/library/libbluenrg1_stack.a(gatt_server.o)
                0x0000000010056e3c                store_data
 i.__ARM_common_switch8
                0x0000000010056e5a       0x1a ../../../../../../Library/Bluetooth_LE/library/libbluenrg1_stack.a(gatt_server.o)
                0x0000000010056e5a                __ARM_common_switch8
 i.HAL_Flash_Store_Data
                0x0000000010056e74       0x54 ../../../../../../Library/Bluetooth_LE/library/libbluenrg1_stack.a(hal.o)
                0x0000000010056e74                HAL_Flash_Store_Data
 i.HAL_Generate_Random_Bytes_To
                0x0000000010056ec8       0x20 ../../../../../../Library/Bluetooth_LE/library/libbluenrg1_stack.a(hal.o)
                0x0000000010056ec8                HAL_Generate_Random_Bytes_To
 i.HAL_Set_TX_Power_Level
                0x0000000010056ee8       0x44 ../../../../../../Library/Bluetooth_LE/library/libbluenrg1_stack.a(hal.o)
                0x0000000010056ee8                HAL_Set_TX_Power_Level
 i.Hal_Get_Random_Number
                0x0000000010056f2c       0x3a ../../../../../../Library/Bluetooth_LE/library/libbluenrg1_stack.a(hal.o)
                0x0000000010056f2c                Hal_Get_Random_Number
 i.Hal_Get_Random_Number32
                0x0000000010056f66       0x12 ../../../../../../Library/Bluetooth_LE/library/libbluenrg1_stack.a(hal.o)
                0x0000000010056f66                Hal_Get_Random_Number32
 i.aci_hal_end_of_radio_activity_event
                0x0000000010056f78        0x2 ../../../../../../Library/Bluetooth_LE/library/libbluenrg1_stack.a(hal.o)
                0x0000000010056f78                aci_hal_end_of_radio_activity_event
 *fill*         0x0000000010056f7a        0x2 
 i.ble_HAL_Init
                0x0000000010056f7c       0x1c ../../../../../../Library/Bluetooth_LE/library/libbluenrg1_stack.a(hal.o)
                0x0000000010056f7c                ble_HAL_Init
 i.char_copy    0x0000000010056f98       0x12 ../../../../../../Library/Bluetooth_LE/library/libbluenrg1_stack.a(hal.o)
                0x0000000010056f98                char_copy
 *fill*         0x0000000010056faa        0x2 
 i.hal_radio_activity_state_callback_check
                0x0000000010056fac       0x34 ../../../../../../Library/Bluetooth_LE/library/libbluenrg1_stack.a(hal.o)
                0x0000000010056fac                hal_radio_activity_state_callback_check
 i.hal_radio_activity_state_init
                0x0000000010056fe0       0x1c ../../../../../../Library/Bluetooth_LE/library/libbluenrg1_stack.a(hal.o)
                0x0000000010056fe0                hal_radio_activity_state_init
 i.hal_read_radio_activity_state
                0x0000000010056ffc       0x40 ../../../../../../Library/Bluetooth_LE/library/libbluenrg1_stack.a(hal.o)
                0x0000000010056ffc                hal_read_radio_activity_state
 i.set_string   0x000000001005703c       0x10 ../../../../../../Library/Bluetooth_LE/library/libbluenrg1_stack.a(hal.o)
                0x000000001005703c                set_string
 i.Controller_Process_Q
                0x000000001005704c       0x20 ../../../../../../Library/Bluetooth_LE/library/libbluenrg1_stack.a(hci.o)
                0x000000001005704c                Controller_Process_Q
 i.HCI_Init     0x000000001005706c       0x6c ../../../../../../Library/Bluetooth_LE/library/libbluenrg1_stack.a(hci.o)
                0x000000001005706c                HCI_Init
 i.PKA_Offline_Processing_ucfg
                0x00000000100570d8        0x2 ../../../../../../Library/Bluetooth_LE/library/libbluenrg1_stack.a(hci.o)
                0x00000000100570d8                PKA_Offline_Processing_ucfg
 i.PRIV_controller_privacy_csr_ucfg
                0x00000000100570da        0x4 ../../../../../../Library/Bluetooth_LE/library/libbluenrg1_stack.a(hci.o)
                0x00000000100570da                PRIV_controller_privacy_csr_ucfg
 i.data_length_extension_csr_ucfg
                0x00000000100570de        0x4 ../../../../../../Library/Bluetooth_LE/library/libbluenrg1_stack.a(hci.o)
                0x00000000100570de                data_length_extension_csr_ucfg
 i.hci_le_encrypt
                0x00000000100570e2        0xa ../../../../../../Library/Bluetooth_LE/library/libbluenrg1_stack.a(hci.o)
                0x00000000100570e2                hci_le_encrypt
 i.hci_le_long_term_key_request_reply
                0x00000000100570ec        0xe ../../../../../../Library/Bluetooth_LE/library/libbluenrg1_stack.a(hci.o)
                0x00000000100570ec                hci_le_long_term_key_request_reply
 i.hci_le_long_term_key_requested_negative_reply
                0x00000000100570fa        0xe ../../../../../../Library/Bluetooth_LE/library/libbluenrg1_stack.a(hci.o)
                0x00000000100570fa                hci_le_long_term_key_requested_negative_reply
 i.hci_le_set_advertising_data
                0x0000000010057108       0x16 ../../../../../../Library/Bluetooth_LE/library/libbluenrg1_stack.a(hci.o)
                0x0000000010057108                hci_le_set_advertising_data
 i.hci_le_set_scan_response_data
                0x000000001005711e       0x16 ../../../../../../Library/Bluetooth_LE/library/libbluenrg1_stack.a(hci.o)
                0x000000001005711e                hci_le_set_scan_response_data
 i.hci_rx_acl_data
                0x0000000010057134       0x6c ../../../../../../Library/Bluetooth_LE/library/libbluenrg1_stack.a(hci.o)
                0x0000000010057134                hci_rx_acl_data
 i.hci_tx_acl_data_done
                0x00000000100571a0       0x44 ../../../../../../Library/Bluetooth_LE/library/libbluenrg1_stack.a(hci.o)
                0x00000000100571a0                hci_tx_acl_data_done
 i.HAL_VTimerAcc_sysT32_ms
                0x00000000100571e4       0x24 ../../../../../../Library/Bluetooth_LE/library/libbluenrg1_stack.a(host_timer.o)
                0x00000000100571e4                HAL_VTimerAcc_sysT32_ms
 i.HAL_VTimerGetCurrentTime_sysT32
                0x0000000010057208       0x12 ../../../../../../Library/Bluetooth_LE/library/libbluenrg1_stack.a(host_timer.o)
                0x0000000010057208                HAL_VTimerGetCurrentTime_sysT32
 i.HAL_VTimerTimeoutCallback
                0x000000001005721a        0x2 ../../../../../../Library/Bluetooth_LE/library/libbluenrg1_stack.a(host_timer.o)
                0x000000001005721a                HAL_VTimerTimeoutCallback
 i.Set_Host_Timer_value
                0x000000001005721c       0x50 ../../../../../../Library/Bluetooth_LE/library/libbluenrg1_stack.a(host_timer.o)
                0x000000001005721c                Set_Host_Timer_value
 i.TimerCallback
                0x000000001005726c       0x7c ../../../../../../Library/Bluetooth_LE/library/libbluenrg1_stack.a(host_timer.o)
 i.Timer_ExpiryCallback
                0x00000000100572e8       0x14 ../../../../../../Library/Bluetooth_LE/library/libbluenrg1_stack.a(host_timer.o)
                0x00000000100572e8                Timer_ExpiryCallback
 i.Timer_Init   0x00000000100572fc       0x34 ../../../../../../Library/Bluetooth_LE/library/libbluenrg1_stack.a(host_timer.o)
                0x00000000100572fc                Timer_Init
 i.Timer_ProcessQ
                0x0000000010057330      0x11c ../../../../../../Library/Bluetooth_LE/library/libbluenrg1_stack.a(host_timer.o)
                0x0000000010057330                Timer_ProcessQ
 i.Timer_StartOneShot
                0x000000001005744c       0x22 ../../../../../../Library/Bluetooth_LE/library/libbluenrg1_stack.a(host_timer.o)
                0x000000001005744c                Timer_StartOneShot
 *fill*         0x000000001005746e        0x2 
 i.Timer_StartOneShot_sysTime32
                0x0000000010057470       0x74 ../../../../../../Library/Bluetooth_LE/library/libbluenrg1_stack.a(host_timer.o)
                0x0000000010057470                Timer_StartOneShot_sysTime32
 i.Timer_StopOneShot
                0x00000000100574e4       0x58 ../../../../../../Library/Bluetooth_LE/library/libbluenrg1_stack.a(host_timer.o)
                0x00000000100574e4                Timer_StopOneShot
 i.Timer_sysTime32_convMachineTime
                0x000000001005753c       0x24 ../../../../../../Library/Bluetooth_LE/library/libbluenrg1_stack.a(host_timer.o)
                0x000000001005753c                Timer_sysTime32_convMachineTime
 i.L2C_Build_Command_Reject_Pdu
                0x0000000010057560       0x7c ../../../../../../Library/Bluetooth_LE/library/libbluenrg1_stack.a(l2cap.o)
                0x0000000010057560                L2C_Build_Command_Reject_Pdu
 i.L2C_Connection_Complete_Handler
                0x00000000100575dc       0x4a ../../../../../../Library/Bluetooth_LE/library/libbluenrg1_stack.a(l2cap.o)
                0x00000000100575dc                L2C_Connection_Complete_Handler
 i.L2C_Connection_Complete_Signal_Handler
                0x0000000010057626       0x2a ../../../../../../Library/Bluetooth_LE/library/libbluenrg1_stack.a(l2cap.o)
                0x0000000010057626                L2C_Connection_Complete_Signal_Handler
 i.L2C_Get_Connection_Info
                0x0000000010057650       0x34 ../../../../../../Library/Bluetooth_LE/library/libbluenrg1_stack.a(l2cap.o)
 i.L2C_Get_Connection_Info_Index
                0x0000000010057684       0x30 ../../../../../../Library/Bluetooth_LE/library/libbluenrg1_stack.a(l2cap.o)
 i.L2C_Get_PDU_Len
                0x00000000100576b4        0xe ../../../../../../Library/Bluetooth_LE/library/libbluenrg1_stack.a(l2cap.o)
                0x00000000100576b4                L2C_Get_PDU_Len
 *fill*         0x00000000100576c2        0x2 
 i.L2C_Init     0x00000000100576c4       0x58 ../../../../../../Library/Bluetooth_LE/library/libbluenrg1_stack.a(l2cap.o)
                0x00000000100576c4                L2C_Init
 i.L2C_Mux_Acl_Packet
                0x000000001005771c       0x58 ../../../../../../Library/Bluetooth_LE/library/libbluenrg1_stack.a(l2cap.o)
 i.L2C_Rcv_Data
                0x0000000010057774       0xcc ../../../../../../Library/Bluetooth_LE/library/libbluenrg1_stack.a(l2cap.o)
 i.L2C_Rcv_Event_Handler
                0x0000000010057840       0x1e ../../../../../../Library/Bluetooth_LE/library/libbluenrg1_stack.a(l2cap.o)
                0x0000000010057840                L2C_Rcv_Event_Handler
 i.L2C_Rcv_Event_Handler_ISR
                0x000000001005785e       0x54 ../../../../../../Library/Bluetooth_LE/library/libbluenrg1_stack.a(l2cap.o)
                0x000000001005785e                L2C_Rcv_Event_Handler_ISR
 *fill*         0x00000000100578b2        0x2 
 i.L2C_Reset_To_Closed_State
                0x00000000100578b4       0x7c ../../../../../../Library/Bluetooth_LE/library/libbluenrg1_stack.a(l2cap.o)
 i.L2C_Send_Data
                0x0000000010057930       0x4c ../../../../../../Library/Bluetooth_LE/library/libbluenrg1_stack.a(l2cap.o)
                0x0000000010057930                L2C_Send_Data
 i.L2C_SigChan_Req_TimeOut_Handler
                0x000000001005797c       0x60 ../../../../../../Library/Bluetooth_LE/library/libbluenrg1_stack.a(l2cap.o)
                0x000000001005797c                L2C_SigChan_Req_TimeOut_Handler
 i.L2C_Signal_Channel_Handler
                0x00000000100579dc      0x1b0 ../../../../../../Library/Bluetooth_LE/library/libbluenrg1_stack.a(l2cap.o)
                0x00000000100579dc                L2C_Signal_Channel_Handler
 i.L2C_Signal_Channel_Handler_ISR
                0x0000000010057b8c       0x24 ../../../../../../Library/Bluetooth_LE/library/libbluenrg1_stack.a(l2cap.o)
                0x0000000010057b8c                L2C_Signal_Channel_Handler_ISR
 i.L2C_discard_accumulated_acl_data
                0x0000000010057bb0       0x5c ../../../../../../Library/Bluetooth_LE/library/libbluenrg1_stack.a(l2cap.o)
 i.aci_l2cap_connection_update_req_event_push
                0x0000000010057c0c       0x98 ../../../../../../Library/Bluetooth_LE/library/libbluenrg1_stack.a(l2cap.o)
 i.Data_Length_Update_Control_ISR_ucfg
                0x0000000010057ca4        0x4 ../../../../../../Library/Bluetooth_LE/library/libbluenrg1_stack.a(ll_isr.o)
                0x0000000010057ca4                Data_Length_Update_Control_ISR_ucfg
 i.RAL_Isr      0x0000000010057ca8      0x21c ../../../../../../Library/Bluetooth_LE/library/libbluenrg1_stack.a(ll_isr.o)
                0x0000000010057ca8                RAL_Isr
 i.copy_4_u32   0x0000000010057ec4       0x12 ../../../../../../Library/Bluetooth_LE/library/libbluenrg1_stack.a(ll_isr.o)
                0x0000000010057ec4                copy_4_u32
 *fill*         0x0000000010057ed6        0x2 
 i.copy_tx_data_packet
                0x0000000010057ed8       0x84 ../../../../../../Library/Bluetooth_LE/library/libbluenrg1_stack.a(ll_isr.o)
                0x0000000010057ed8                copy_tx_data_packet
 i.encrypt      0x0000000010057f5c       0x74 ../../../../../../Library/Bluetooth_LE/library/libbluenrg1_stack.a(ll_isr.o)
                0x0000000010057f5c                encrypt
 i.isr_advertise_state
                0x0000000010057fd0      0x3d0 ../../../../../../Library/Bluetooth_LE/library/libbluenrg1_stack.a(ll_isr.o)
 i.isr_connect_slave_state
                0x00000000100583a0      0x7e8 ../../../../../../Library/Bluetooth_LE/library/libbluenrg1_stack.a(ll_isr.o)
 i.isr_test_rx_state
                0x0000000010058b88       0x38 ../../../../../../Library/Bluetooth_LE/library/libbluenrg1_stack.a(ll_isr.o)
 i.isr_test_tx_state
                0x0000000010058bc0       0x68 ../../../../../../Library/Bluetooth_LE/library/libbluenrg1_stack.a(ll_isr.o)
 i.isr_unknown_state
                0x0000000010058c28       0x2c ../../../../../../Library/Bluetooth_LE/library/libbluenrg1_stack.a(ll_isr.o)
 i.state_func_call_init_csr_ucfg
                0x0000000010058c54        0x2 ../../../../../../Library/Bluetooth_LE/library/libbluenrg1_stack.a(ll_isr.o)
                0x0000000010058c54                state_func_call_init_csr_ucfg
 i.__ARM_common_memcpy1_6
                0x0000000010058c56       0x1a ../../../../../../Library/Bluetooth_LE/library/libbluenrg1_stack.a(ll_isr.o)
                0x0000000010058c56                __ARM_common_memcpy1_6
 i.LL_LE_Clear_White_List
                0x0000000010058c70       0x28 ../../../../../../Library/Bluetooth_LE/library/libbluenrg1_stack.a(ll_privacy.o)
                0x0000000010058c70                LL_LE_Clear_White_List
 i.LL_priv_add_to_ConnIDList_ucfg
                0x0000000010058c98        0x4 ../../../../../../Library/Bluetooth_LE/library/libbluenrg1_stack.a(ll_privacy.o)
                0x0000000010058c98                LL_priv_add_to_ConnIDList_ucfg
 i.LL_priv_remove_from_ConnIDList_ucfg
                0x0000000010058c9c        0x2 ../../../../../../Library/Bluetooth_LE/library/libbluenrg1_stack.a(ll_privacy.o)
                0x0000000010058c9c                LL_priv_remove_from_ConnIDList_ucfg
 *fill*         0x0000000010058c9e        0x2 
 i.LL_priv_test_address_in_ConnIDList_ucfg
                0x0000000010058ca0       0x40 ../../../../../../Library/Bluetooth_LE/library/libbluenrg1_stack.a(ll_privacy.o)
                0x0000000010058ca0                LL_priv_test_address_in_ConnIDList_ucfg
 i.PRIVWHIT_u8SearchAddrInList
                0x0000000010058ce0       0xa0 ../../../../../../Library/Bluetooth_LE/library/libbluenrg1_stack.a(ll_privacy.o)
                0x0000000010058ce0                PRIVWHIT_u8SearchAddrInList
 i.PRIVWHIT_vInit_Struct
                0x0000000010058d80       0xd4 ../../../../../../Library/Bluetooth_LE/library/libbluenrg1_stack.a(ll_privacy.o)
                0x0000000010058d80                PRIVWHIT_vInit_Struct
 i.PRIV_SearchAddrInEachList
                0x0000000010058e54       0xa0 ../../../../../../Library/Bluetooth_LE/library/libbluenrg1_stack.a(ll_privacy.o)
 i.PRIV_SearchAddrInWhiteList
                0x0000000010058ef4       0x18 ../../../../../../Library/Bluetooth_LE/library/libbluenrg1_stack.a(ll_privacy.o)
                0x0000000010058ef4                PRIV_SearchAddrInWhiteList
 i.PRIV_u32ProcessAdvPacket_ucfg
                0x0000000010058f0c        0x4 ../../../../../../Library/Bluetooth_LE/library/libbluenrg1_stack.a(ll_privacy.o)
                0x0000000010058f0c                PRIV_u32ProcessAdvPacket_ucfg
 i.PRIV_u8OfflineProcessing_ucfg
                0x0000000010058f10        0x4 ../../../../../../Library/Bluetooth_LE/library/libbluenrg1_stack.a(ll_privacy.o)
                0x0000000010058f10                PRIV_u8OfflineProcessing_ucfg
 i.PRIV_vGeneratePrivateAddress_ucfg
                0x0000000010058f14        0x2 ../../../../../../Library/Bluetooth_LE/library/libbluenrg1_stack.a(ll_privacy.o)
                0x0000000010058f14                PRIV_vGeneratePrivateAddress_ucfg
 i.PRIV_vGenerate_hci_le_enhanced_connection_complete_event_ucfg
                0x0000000010058f16        0x2 ../../../../../../Library/Bluetooth_LE/library/libbluenrg1_stack.a(ll_privacy.o)
                0x0000000010058f16                PRIV_vGenerate_hci_le_enhanced_connection_complete_event_ucfg
 i.Data_Len_Update_Offline_Processing_ucfg
                0x0000000010058f18        0x2 ../../../../../../Library/Bluetooth_LE/library/libbluenrg1_stack.a(ll_routines.o)
                0x0000000010058f18                Data_Len_Update_Offline_Processing_ucfg
 *fill*         0x0000000010058f1a        0x2 
 i.Disconnection_Offline_Processing
                0x0000000010058f1c       0x48 ../../../../../../Library/Bluetooth_LE/library/libbluenrg1_stack.a(ll_routines.o)
                0x0000000010058f1c                Disconnection_Offline_Processing
 i.LL_Data_Length_Change_Event_ucfg
                0x0000000010058f64        0x4 ../../../../../../Library/Bluetooth_LE/library/libbluenrg1_stack.a(ll_routines.o)
                0x0000000010058f64                LL_Data_Length_Change_Event_ucfg
 i.LL_Send_Disconnection_Req
                0x0000000010058f68       0xa4 ../../../../../../Library/Bluetooth_LE/library/libbluenrg1_stack.a(ll_routines.o)
                0x0000000010058f68                LL_Send_Disconnection_Req
 i.LL_Send_Length_Resp_ucfg
                0x000000001005900c        0x4 ../../../../../../Library/Bluetooth_LE/library/libbluenrg1_stack.a(ll_routines.o)
                0x000000001005900c                LL_Send_Length_Resp_ucfg
 i.read_rssi    0x0000000010059010       0x7c ../../../../../../Library/Bluetooth_LE/library/libbluenrg1_stack.a(ll_routines.o)
                0x0000000010059010                read_rssi
 i.hci_encryption_change_event_push
                0x000000001005908c       0x5c ../../../../../../Library/Bluetooth_LE/library/libbluenrg1_stack.a(ll_routines_master.o)
 i.hci_encryption_key_refresh_complete_event_push
                0x00000000100590e8       0x58 ../../../../../../Library/Bluetooth_LE/library/libbluenrg1_stack.a(ll_routines_master.o)
 i.hci_le_connection_complete_event_push
                0x0000000010059140       0x88 ../../../../../../Library/Bluetooth_LE/library/libbluenrg1_stack.a(ll_routines_master.o)
 i.hci_le_connection_update_complete_event_push
                0x00000000100591c8       0x6c ../../../../../../Library/Bluetooth_LE/library/libbluenrg1_stack.a(ll_routines_master.o)
 i.isr_event_handler
                0x0000000010059234      0x660 ../../../../../../Library/Bluetooth_LE/library/libbluenrg1_stack.a(ll_routines_master.o)
                0x0000000010059234                isr_event_handler
 i.isr_event_handler_scan_data_ucfg
                0x0000000010059894        0x2 ../../../../../../Library/Bluetooth_LE/library/libbluenrg1_stack.a(ll_routines_master.o)
                0x0000000010059894                isr_event_handler_scan_data_ucfg
 *fill*         0x0000000010059896        0x2 
 i.LL_Encrypt_Plain_Data_ucfg
                0x0000000010059898       0xa0 ../../../../../../Library/Bluetooth_LE/library/libbluenrg1_stack.a(ll_routines_support.o)
                0x0000000010059898                LL_Encrypt_Plain_Data_ucfg
 i.LL_Set_LTK   0x0000000010059938       0x9c ../../../../../../Library/Bluetooth_LE/library/libbluenrg1_stack.a(ll_routines_support.o)
                0x0000000010059938                LL_Set_LTK
 i.Dynamic_allocator
                0x00000000100599d4      0x278 ../../../../../../Library/Bluetooth_LE/library/libbluenrg1_stack.a(mem_alloc.o)
                0x00000000100599d4                Dynamic_allocator
 i.Dynamic_allocator_noRet
                0x0000000010059c4c        0x2 ../../../../../../Library/Bluetooth_LE/library/libbluenrg1_stack.a(mem_alloc.o)
                0x0000000010059c4c                Dynamic_allocator_noRet
 i.Mem_assign   0x0000000010059c4e       0x16 ../../../../../../Library/Bluetooth_LE/library/libbluenrg1_stack.a(mem_alloc.o)
 i.mem_alloc_ctx_init
                0x0000000010059c64       0xb8 ../../../../../../Library/Bluetooth_LE/library/libbluenrg1_stack.a(mem_alloc.o)
                0x0000000010059c64                mem_alloc_ctx_init
 i.Mem_Buff_Append
                0x0000000010059d1c       0x12 ../../../../../../Library/Bluetooth_LE/library/libbluenrg1_stack.a(mem_buff.o)
                0x0000000010059d1c                Mem_Buff_Append
 i.Mem_Buff_Block_Copy
                0x0000000010059d2e       0x48 ../../../../../../Library/Bluetooth_LE/library/libbluenrg1_stack.a(mem_buff.o)
                0x0000000010059d2e                Mem_Buff_Block_Copy
 i.Mem_Buff_Block_Write
                0x0000000010059d76       0x56 ../../../../../../Library/Bluetooth_LE/library/libbluenrg1_stack.a(mem_buff.o)
                0x0000000010059d76                Mem_Buff_Block_Write
 i.Mem_Buff_Clone
                0x0000000010059dcc       0x32 ../../../../../../Library/Bluetooth_LE/library/libbluenrg1_stack.a(mem_buff.o)
                0x0000000010059dcc                Mem_Buff_Clone
 i.Mem_Buff_Cmp
                0x0000000010059dfe       0x78 ../../../../../../Library/Bluetooth_LE/library/libbluenrg1_stack.a(mem_buff.o)
                0x0000000010059dfe                Mem_Buff_Cmp
 i.Mem_Buff_Compact
                0x0000000010059e76       0xba ../../../../../../Library/Bluetooth_LE/library/libbluenrg1_stack.a(mem_buff.o)
                0x0000000010059e76                Mem_Buff_Compact
 i.Mem_Buff_Get
                0x0000000010059f30       0x2e ../../../../../../Library/Bluetooth_LE/library/libbluenrg1_stack.a(mem_buff.o)
                0x0000000010059f30                Mem_Buff_Get
 i.Mem_Buff_Get_Chain_Count
                0x0000000010059f5e       0x14 ../../../../../../Library/Bluetooth_LE/library/libbluenrg1_stack.a(mem_buff.o)
                0x0000000010059f5e                Mem_Buff_Get_Chain_Count
 i.Mem_Buff_Get_Chain_Size
                0x0000000010059f72       0x14 ../../../../../../Library/Bluetooth_LE/library/libbluenrg1_stack.a(mem_buff.o)
                0x0000000010059f72                Mem_Buff_Get_Chain_Size
 i.Mem_Buff_Init
                0x0000000010059f86       0x6a ../../../../../../Library/Bluetooth_LE/library/libbluenrg1_stack.a(mem_buff.o)
                0x0000000010059f86                Mem_Buff_Init
 i.Mem_Buff_Read
                0x0000000010059ff0       0x62 ../../../../../../Library/Bluetooth_LE/library/libbluenrg1_stack.a(mem_buff.o)
                0x0000000010059ff0                Mem_Buff_Read
 i.Mem_Buff_Release
                0x000000001005a052       0x36 ../../../../../../Library/Bluetooth_LE/library/libbluenrg1_stack.a(mem_buff.o)
                0x000000001005a052                Mem_Buff_Release
 i.Mem_Buff_Resize
                0x000000001005a088       0x8e ../../../../../../Library/Bluetooth_LE/library/libbluenrg1_stack.a(mem_buff.o)
                0x000000001005a088                Mem_Buff_Resize
 i.Mem_Buff_Write
                0x000000001005a116       0x68 ../../../../../../Library/Bluetooth_LE/library/libbluenrg1_stack.a(mem_buff.o)
                0x000000001005a116                Mem_Buff_Write
 *fill*         0x000000001005a17e        0x2 
 i.adapt_slot   0x000000001005a180      0x260 ../../../../../../Library/Bluetooth_LE/library/libbluenrg1_stack.a(multi_master_time.o)
 i.advance_slave_timing_MultiSlave
                0x000000001005a3e0      0x2d0 ../../../../../../Library/Bluetooth_LE/library/libbluenrg1_stack.a(multi_master_time.o)
                0x000000001005a3e0                advance_slave_timing_MultiSlave
 i.cancel_current_master
                0x000000001005a6b0      0x1a8 ../../../../../../Library/Bluetooth_LE/library/libbluenrg1_stack.a(multi_master_time.o)
                0x000000001005a6b0                cancel_current_master
 i.get_advertiser
                0x000000001005a858       0x48 ../../../../../../Library/Bluetooth_LE/library/libbluenrg1_stack.a(multi_master_time.o)
                0x000000001005a858                get_advertiser
 i.get_connection_no
                0x000000001005a8a0       0x88 ../../../../../../Library/Bluetooth_LE/library/libbluenrg1_stack.a(multi_master_time.o)
                0x000000001005a8a0                get_connection_no
 i.get_next_free_slot
                0x000000001005a928       0x34 ../../../../../../Library/Bluetooth_LE/library/libbluenrg1_stack.a(multi_master_time.o)
                0x000000001005a928                get_next_free_slot
 i.get_scan_connection
                0x000000001005a95c       0x48 ../../../../../../Library/Bluetooth_LE/library/libbluenrg1_stack.a(multi_master_time.o)
                0x000000001005a95c                get_scan_connection
 i.is_slave     0x000000001005a9a4       0x34 ../../../../../../Library/Bluetooth_LE/library/libbluenrg1_stack.a(multi_master_time.o)
                0x000000001005a9a4                is_slave
 i.nsar_init    0x000000001005a9d8       0x18 ../../../../../../Library/Bluetooth_LE/library/libbluenrg1_stack.a(multi_master_time.o)
                0x000000001005a9d8                nsar_init
 i.nsar_insertSlotListEntry
                0x000000001005a9f0       0x1c ../../../../../../Library/Bluetooth_LE/library/libbluenrg1_stack.a(multi_master_time.o)
 i.nsar_searchBestFreeSlot
                0x000000001005aa0c       0xc0 ../../../../../../Library/Bluetooth_LE/library/libbluenrg1_stack.a(multi_master_time.o)
 i.nsar_updateBestFreeSlot
                0x000000001005aacc       0x22 ../../../../../../Library/Bluetooth_LE/library/libbluenrg1_stack.a(multi_master_time.o)
 *fill*         0x000000001005aaee        0x2 
 i.nsar_updateSlotListEntry
                0x000000001005aaf0       0x6c ../../../../../../Library/Bluetooth_LE/library/libbluenrg1_stack.a(multi_master_time.o)
 i.schedule_advertise_slot
                0x000000001005ab5c       0xb0 ../../../../../../Library/Bluetooth_LE/library/libbluenrg1_stack.a(multi_master_time.o)
                0x000000001005ab5c                schedule_advertise_slot
 i.start_timebase
                0x000000001005ac0c       0xd0 ../../../../../../Library/Bluetooth_LE/library/libbluenrg1_stack.a(multi_master_time.o)
                0x000000001005ac0c                start_timebase
 i.swap_u16     0x000000001005acdc        0xa ../../../../../../Library/Bluetooth_LE/library/libbluenrg1_stack.a(multi_master_time.o)
 *fill*         0x000000001005ace6        0x2 
 i.timebase_start_connect
                0x000000001005ace8       0x38 ../../../../../../Library/Bluetooth_LE/library/libbluenrg1_stack.a(multi_master_time.o)
                0x000000001005ace8                timebase_start_connect
 i.Flash_Write_Flagged
                0x000000001005ad20       0x3c ../../../../../../Library/Bluetooth_LE/library/libbluenrg1_stack.a(nvm.o)
                0x000000001005ad20                Flash_Write_Flagged
 i.Is_Flash_Write_On_Going
                0x000000001005ad5c       0x10 ../../../../../../Library/Bluetooth_LE/library/libbluenrg1_stack.a(nvm.o)
                0x000000001005ad5c                Is_Flash_Write_On_Going
 i.PM_Check_And_Set
                0x000000001005ad6c       0x50 ../../../../../../Library/Bluetooth_LE/library/libbluenrg1_stack.a(pm.o)
 i.PM_Clone_Pckt
                0x000000001005adbc       0x22 ../../../../../../Library/Bluetooth_LE/library/libbluenrg1_stack.a(pm.o)
                0x000000001005adbc                PM_Clone_Pckt
 *fill*         0x000000001005adde        0x2 
 i.PM_Compact   0x000000001005ade0       0x54 ../../../../../../Library/Bluetooth_LE/library/libbluenrg1_stack.a(pm.o)
                0x000000001005ade0                PM_Compact
 i.PM_Copy_Pckt_Data
                0x000000001005ae34       0x12 ../../../../../../Library/Bluetooth_LE/library/libbluenrg1_stack.a(pm.o)
                0x000000001005ae34                PM_Copy_Pckt_Data
 *fill*         0x000000001005ae46        0x2 
 i.PM_Eng_Config
                0x000000001005ae48       0x18 ../../../../../../Library/Bluetooth_LE/library/libbluenrg1_stack.a(pm.o)
                0x000000001005ae48                PM_Eng_Config
 i.PM_Extract_Pdu_MBuff
                0x000000001005ae60        0xc ../../../../../../Library/Bluetooth_LE/library/libbluenrg1_stack.a(pm.o)
                0x000000001005ae60                PM_Extract_Pdu_MBuff
 i.PM_Get_Available_Buffer
                0x000000001005ae6c       0x3c ../../../../../../Library/Bluetooth_LE/library/libbluenrg1_stack.a(pm.o)
                0x000000001005ae6c                PM_Get_Available_Buffer
 i.PM_Get_Mem_Buff_Count
                0x000000001005aea8        0xa ../../../../../../Library/Bluetooth_LE/library/libbluenrg1_stack.a(pm.o)
                0x000000001005aea8                PM_Get_Mem_Buff_Count
 *fill*         0x000000001005aeb2        0x2 
 i.PM_Get_Pckt  0x000000001005aeb4       0x44 ../../../../../../Library/Bluetooth_LE/library/libbluenrg1_stack.a(pm.o)
                0x000000001005aeb4                PM_Get_Pckt
 i.PM_Init      0x000000001005aef8       0x68 ../../../../../../Library/Bluetooth_LE/library/libbluenrg1_stack.a(pm.o)
                0x000000001005aef8                PM_Init
 i.PM_Pckt_Cmp  0x000000001005af60        0xa ../../../../../../Library/Bluetooth_LE/library/libbluenrg1_stack.a(pm.o)
                0x000000001005af60                PM_Pckt_Cmp
 *fill*         0x000000001005af6a        0x2 
 i.PM_Release_Acl_Pckt
                0x000000001005af6c       0x3c ../../../../../../Library/Bluetooth_LE/library/libbluenrg1_stack.a(pm.o)
                0x000000001005af6c                PM_Release_Acl_Pckt
 i.PM_Resize_Pckt_Pdu_Size
                0x000000001005afa8       0x6c ../../../../../../Library/Bluetooth_LE/library/libbluenrg1_stack.a(pm.o)
                0x000000001005afa8                PM_Resize_Pckt_Pdu_Size
 i.PM_Write_Pckt_Data
                0x000000001005b014       0x12 ../../../../../../Library/Bluetooth_LE/library/libbluenrg1_stack.a(pm.o)
                0x000000001005b014                PM_Write_Pckt_Data
 i.Accu_Handles_Requiring_Auth
                0x000000001005b026       0x6e ../../../../../../Library/Bluetooth_LE/library/libbluenrg1_stack.a(rom_att.o)
                0x000000001005b026                Accu_Handles_Requiring_Auth
 i.Accu_UuidTypes_Requiring_Auth
                0x000000001005b094       0xea ../../../../../../Library/Bluetooth_LE/library/libbluenrg1_stack.a(rom_att.o)
                0x000000001005b094                Accu_UuidTypes_Requiring_Auth
 *fill*         0x000000001005b17e        0x2 
 i.GAP_Privacy1v2
                0x000000001005b180      0x1e0 ../../../../../../Library/Bluetooth_LE/library/libbluenrg1_stack.a(rom_gap.o)
                0x000000001005b180                GAP_Privacy1v2
 i.GAP_PrivateAddrTimercb
                0x000000001005b360       0x48 ../../../../../../Library/Bluetooth_LE/library/libbluenrg1_stack.a(rom_gap.o)
                0x000000001005b360                GAP_PrivateAddrTimercb
 i.GapIsPrivacySupported
                0x000000001005b3a8       0x14 ../../../../../../Library/Bluetooth_LE/library/libbluenrg1_stack.a(rom_gap.o)
                0x000000001005b3a8                GapIsPrivacySupported
 i.Generate_Non_Resolvable_Private_Address
                0x000000001005b3bc       0x88 ../../../../../../Library/Bluetooth_LE/library/libbluenrg1_stack.a(rom_gap.o)
                0x000000001005b3bc                Generate_Non_Resolvable_Private_Address
 i.GAP_Notify_Add_Charac
                0x000000001005b444       0x70 ../../../../../../Library/Bluetooth_LE/library/libbluenrg1_stack.a(rom_gap_rom.o)
                0x000000001005b444                GAP_Notify_Add_Charac
 i.Get_GAP_Handle
                0x000000001005b4b4       0x10 ../../../../../../Library/Bluetooth_LE/library/libbluenrg1_stack.a(rom_gap_rom.o)
                0x000000001005b4b4                Get_GAP_Handle
 i.Get_StaticRandAddr
                0x000000001005b4c4       0x14 ../../../../../../Library/Bluetooth_LE/library/libbluenrg1_stack.a(rom_gap_rom.o)
                0x000000001005b4c4                Get_StaticRandAddr
 i.Check_Encry_Key_Size
                0x000000001005b4d8       0x18 ../../../../../../Library/Bluetooth_LE/library/libbluenrg1_stack.a(rom_gatt_server.o)
                0x000000001005b4d8                Check_Encry_Key_Size
 i.GATT_Num_Charac_Present
                0x000000001005b4f0       0x3a ../../../../../../Library/Bluetooth_LE/library/libbluenrg1_stack.a(rom_gatt_server.o)
                0x000000001005b4f0                GATT_Num_Charac_Present
 *fill*         0x000000001005b52a        0x2 
 i.Start_Gatt_Timer
                0x000000001005b52c       0x24 ../../../../../../Library/Bluetooth_LE/library/libbluenrg1_stack.a(rom_gatt_server.o)
                0x000000001005b52c                Start_Gatt_Timer
 i.Stop_Gatt_Timer
                0x000000001005b550       0x1c ../../../../../../Library/Bluetooth_LE/library/libbluenrg1_stack.a(rom_gatt_server.o)
                0x000000001005b550                Stop_Gatt_Timer
 i.List_Circular_Get_Size
                0x000000001005b56c       0x14 ../../../../../../Library/Bluetooth_LE/library/libbluenrg1_stack.a(rom_list.o)
                0x000000001005b56c                List_Circular_Get_Size
 i.List_Circular_Insert_Tail
                0x000000001005b580        0xe ../../../../../../Library/Bluetooth_LE/library/libbluenrg1_stack.a(rom_list.o)
                0x000000001005b580                List_Circular_Insert_Tail
 i.List_Circular_Node_Present
                0x000000001005b58e       0x16 ../../../../../../Library/Bluetooth_LE/library/libbluenrg1_stack.a(rom_list.o)
                0x000000001005b58e                List_Circular_Node_Present
 i.List_Circular_Remove_Head
                0x000000001005b5a4       0x1a ../../../../../../Library/Bluetooth_LE/library/libbluenrg1_stack.a(rom_list.o)
                0x000000001005b5a4                List_Circular_Remove_Head
 i.List_Circular_Remove_Node
                0x000000001005b5be       0x20 ../../../../../../Library/Bluetooth_LE/library/libbluenrg1_stack.a(rom_list.o)
                0x000000001005b5be                List_Circular_Remove_Node
 *fill*         0x000000001005b5de        0x2 
 i.isr_postproc1
                0x000000001005b5e0      0x110 ../../../../../../Library/Bluetooth_LE/library/libbluenrg1_stack.a(rom_ll_isr_postproc.o)
                0x000000001005b5e0                isr_postproc1
 i.isr_postproc_encrypt_data
                0x000000001005b6f0       0x16 ../../../../../../Library/Bluetooth_LE/library/libbluenrg1_stack.a(rom_ll_isr_postproc.o)
                0x000000001005b6f0                isr_postproc_encrypt_data
 i.wait_for_aes_ready
                0x000000001005b706       0x24 ../../../../../../Library/Bluetooth_LE/library/libbluenrg1_stack.a(rom_ll_isr_postproc.o)
 *fill*         0x000000001005b72a        0x2 
 i.LL_update_proc
                0x000000001005b72c       0xa0 ../../../../../../Library/Bluetooth_LE/library/libbluenrg1_stack.a(rom_ll_isr_routines.o)
                0x000000001005b72c                LL_update_proc
 i.addr_u32_from_u8
                0x000000001005b7cc       0x1e ../../../../../../Library/Bluetooth_LE/library/libbluenrg1_stack.a(rom_ll_isr_routines.o)
 i.cancel_connect_master_ucfg
                0x000000001005b7ea        0x4 ../../../../../../Library/Bluetooth_LE/library/libbluenrg1_stack.a(rom_ll_isr_routines.o)
                0x000000001005b7ea                cancel_connect_master_ucfg
 *fill*         0x000000001005b7ee        0x2 
 i.cancel_master
                0x000000001005b7f0       0x80 ../../../../../../Library/Bluetooth_LE/library/libbluenrg1_stack.a(rom_ll_isr_routines.o)
                0x000000001005b7f0                cancel_master
 i.get_adv_addr
                0x000000001005b870       0x14 ../../../../../../Library/Bluetooth_LE/library/libbluenrg1_stack.a(rom_ll_isr_routines.o)
                0x000000001005b870                get_adv_addr
 i.get_scan_addr
                0x000000001005b884       0x14 ../../../../../../Library/Bluetooth_LE/library/libbluenrg1_stack.a(rom_ll_isr_routines.o)
                0x000000001005b884                get_scan_addr
 i.go_to_connect
                0x000000001005b898      0x29c ../../../../../../Library/Bluetooth_LE/library/libbluenrg1_stack.a(rom_ll_isr_routines.o)
                0x000000001005b898                go_to_connect
 i.le2ByteToInt16
                0x000000001005bb34        0xa ../../../../../../Library/Bluetooth_LE/library/libbluenrg1_stack.a(rom_ll_isr_routines.o)
 i.le4ByteToInt32
                0x000000001005bb3e       0x16 ../../../../../../Library/Bluetooth_LE/library/libbluenrg1_stack.a(rom_ll_isr_routines.o)
 i.unpack_channel_map
                0x000000001005bb54       0x2e ../../../../../../Library/Bluetooth_LE/library/libbluenrg1_stack.a(rom_ll_isr_routines.o)
                0x000000001005bb54                unpack_channel_map
 i.unpack_update_request
                0x000000001005bb82       0x48 ../../../../../../Library/Bluetooth_LE/library/libbluenrg1_stack.a(rom_ll_isr_routines.o)
                0x000000001005bb82                unpack_update_request
 i.Is_Address_Initialized
                0x000000001005bbca       0x18 ../../../../../../Library/Bluetooth_LE/library/libbluenrg1_stack.a(rom_ll_ll_routines.o)
                0x000000001005bbca                Is_Address_Initialized
 i.LL_Allow_Address_Setting
                0x000000001005bbe2       0x42 ../../../../../../Library/Bluetooth_LE/library/libbluenrg1_stack.a(rom_ll_ll_routines.o)
                0x000000001005bbe2                LL_Allow_Address_Setting
 i.LL_Check_And_Set_Addresses
                0x000000001005bc24      0x1fc ../../../../../../Library/Bluetooth_LE/library/libbluenrg1_stack.a(rom_ll_ll_routines.o)
                0x000000001005bc24                LL_Check_And_Set_Addresses
 i.LL_Enable_Disable_Adv
                0x000000001005be20      0x224 ../../../../../../Library/Bluetooth_LE/library/libbluenrg1_stack.a(rom_ll_ll_routines.o)
                0x000000001005be20                LL_Enable_Disable_Adv
 i.LL_Get_Address
                0x000000001005c044       0x30 ../../../../../../Library/Bluetooth_LE/library/libbluenrg1_stack.a(rom_ll_ll_routines.o)
                0x000000001005c044                LL_Get_Address
 i.LL_Get_AdvAddress
                0x000000001005c074       0x40 ../../../../../../Library/Bluetooth_LE/library/libbluenrg1_stack.a(rom_ll_ll_routines.o)
                0x000000001005c074                LL_Get_AdvAddress
 i.LL_Get_ScanAddress
                0x000000001005c0b4       0x40 ../../../../../../Library/Bluetooth_LE/library/libbluenrg1_stack.a(rom_ll_ll_routines.o)
                0x000000001005c0b4                LL_Get_ScanAddress
 i.LL_Init      0x000000001005c0f4      0x190 ../../../../../../Library/Bluetooth_LE/library/libbluenrg1_stack.a(rom_ll_ll_routines.o)
                0x000000001005c0f4                LL_Init
 i.LL_Send_ACL_Data
                0x000000001005c284       0x50 ../../../../../../Library/Bluetooth_LE/library/libbluenrg1_stack.a(rom_ll_ll_routines.o)
                0x000000001005c284                LL_Send_ACL_Data
 i.LL_Set_Adv_Data
                0x000000001005c2d4       0x78 ../../../../../../Library/Bluetooth_LE/library/libbluenrg1_stack.a(rom_ll_ll_routines.o)
                0x000000001005c2d4                LL_Set_Adv_Data
 i.LL_Set_Adv_PDU_Format
                0x000000001005c34c       0xd0 ../../../../../../Library/Bluetooth_LE/library/libbluenrg1_stack.a(rom_ll_ll_routines.o)
                0x000000001005c34c                LL_Set_Adv_PDU_Format
 i.LL_Set_Adv_Params
                0x000000001005c41c      0x14c ../../../../../../Library/Bluetooth_LE/library/libbluenrg1_stack.a(rom_ll_ll_routines.o)
                0x000000001005c41c                LL_Set_Adv_Params
 i.LL_Set_Advertising_Buffers
                0x000000001005c568       0x88 ../../../../../../Library/Bluetooth_LE/library/libbluenrg1_stack.a(rom_ll_ll_routines.o)
                0x000000001005c568                LL_Set_Advertising_Buffers
 i.LL_Set_DirectAddress
                0x000000001005c5f0       0x38 ../../../../../../Library/Bluetooth_LE/library/libbluenrg1_stack.a(rom_ll_ll_routines.o)
 i.LL_Set_OwnAddress
                0x000000001005c628       0x24 ../../../../../../Library/Bluetooth_LE/library/libbluenrg1_stack.a(rom_ll_ll_routines.o)
                0x000000001005c628                LL_Set_OwnAddress
 i.LL_Set_Scan_Resp_Data
                0x000000001005c64c       0x5c ../../../../../../Library/Bluetooth_LE/library/libbluenrg1_stack.a(rom_ll_ll_routines.o)
                0x000000001005c64c                LL_Set_Scan_Resp_Data
 i.LL_Update_Advertising_Buffers
                0x000000001005c6a8       0x54 ../../../../../../Library/Bluetooth_LE/library/libbluenrg1_stack.a(rom_ll_ll_routines.o)
                0x000000001005c6a8                LL_Update_Advertising_Buffers
 i.LL_Update_Scanning_Initiating_Buffers
                0x000000001005c6fc       0x48 ../../../../../../Library/Bluetooth_LE/library/libbluenrg1_stack.a(rom_ll_ll_routines.o)
                0x000000001005c6fc                LL_Update_Scanning_Initiating_Buffers
 i.addr_u32_from_u8
                0x000000001005c744       0x20 ../../../../../../Library/Bluetooth_LE/library/libbluenrg1_stack.a(rom_ll_ll_routines.o)
 i.int32ToLe4Byte
                0x000000001005c764       0x10 ../../../../../../Library/Bluetooth_LE/library/libbluenrg1_stack.a(rom_ll_ll_routines.o)
 i.le4ByteToInt32
                0x000000001005c774       0x16 ../../../../../../Library/Bluetooth_LE/library/libbluenrg1_stack.a(rom_ll_ll_routines.o)
 *fill*         0x000000001005c78a        0x2 
 i.wait_for_prescheduled_slot_cancellation
                0x000000001005c78c       0x7c ../../../../../../Library/Bluetooth_LE/library/libbluenrg1_stack.a(rom_ll_ll_routines.o)
 i.LL_Set_Channel_Classification_offline_processing_ucfg
                0x000000001005c808        0x2 ../../../../../../Library/Bluetooth_LE/library/libbluenrg1_stack.a(rom_ll_ll_routines_master.o)
                0x000000001005c808                LL_Set_Channel_Classification_offline_processing_ucfg
 *fill*         0x000000001005c80a        0x2 
 i.Blue_Set_Radio_Config_Data
                0x000000001005c80c       0x24 ../../../../../../Library/Bluetooth_LE/library/libbluenrg1_stack.a(rom_ll_routines_support.o)
                0x000000001005c80c                Blue_Set_Radio_Config_Data
 i.LL_Get_Adv_Tx_Power_Level
                0x000000001005c830       0x1c ../../../../../../Library/Bluetooth_LE/library/libbluenrg1_stack.a(rom_ll_routines_support.o)
                0x000000001005c830                LL_Get_Adv_Tx_Power_Level
 i.convert_power
                0x000000001005c84c       0x20 ../../../../../../Library/Bluetooth_LE/library/libbluenrg1_stack.a(rom_ll_routines_support.o)
 i.modulo_37    0x000000001005c86c       0x1c ../../../../../../Library/Bluetooth_LE/library/libbluenrg1_stack.a(rom_ll_routines_support.o)
                0x000000001005c86c                modulo_37
 i.WindowWiden1
                0x000000001005c888        0xa ../../../../../../Library/Bluetooth_LE/library/libbluenrg1_stack.a(rom_ll_timehandling.o)
                0x000000001005c888                WindowWiden1
 i.WindowWiden2
                0x000000001005c892       0x10 ../../../../../../Library/Bluetooth_LE/library/libbluenrg1_stack.a(rom_ll_timehandling.o)
                0x000000001005c892                WindowWiden2
 *fill*         0x000000001005c8a2        0x2 
 i.machine_time_trans
                0x000000001005c8a4       0x20 ../../../../../../Library/Bluetooth_LE/library/libbluenrg1_stack.a(rom_ll_timehandling.o)
                0x000000001005c8a4                machine_time_trans
 i.set_freq     0x000000001005c8c4       0x88 ../../../../../../Library/Bluetooth_LE/library/libbluenrg1_stack.a(rom_ll_timehandling.o)
                0x000000001005c8c4                set_freq
 i.set_sca      0x000000001005c94c       0x1c ../../../../../../Library/Bluetooth_LE/library/libbluenrg1_stack.a(rom_ll_timehandling.o)
                0x000000001005c94c                set_sca
 i.system_time_trans
                0x000000001005c968       0x10 ../../../../../../Library/Bluetooth_LE/library/libbluenrg1_stack.a(rom_ll_timehandling.o)
                0x000000001005c968                system_time_trans